2022-09-07 12:01:01,777:INFO:youtube:Connected with snowflakes
2022-09-07 12:01:03,175:INFO:youtube:Data is available in database
2022-09-07 12:01:03,181:ERROR:youtube:Error! __init__() missing 1 required positional argument: 'logger'
2022-09-07 12:01:03,188:ERROR:youtube:Traceback (most recent call last):
  File "E:\Python_Work\Python_Exercise\Python_Exercise\ineuron\Project\final_version_youtuveScrapper\app.py", line 110, in results
    conn = SnowflakesConn()
TypeError: __init__() missing 1 required positional argument: 'logger'

2022-09-07 12:02:04,279:INFO:youtube:Connected with snowflakes
2022-09-07 12:02:05,398:INFO:youtube:Data is available in database
2022-09-07 12:09:58,931:INFO:youtube:Connected with snowflakes
2022-09-07 12:10:09,311:INFO:youtube:Open the URL
2022-09-07 12:10:10,238:INFO:youtube:Video deleted in local folder
2022-09-07 12:10:10,627:INFO:youtube:service created successfully drive
2022-09-07 12:10:10,627:INFO:youtube:Created G Drive connector
2022-09-07 12:10:13,104:ERROR:youtube:Error! 'StreamQuery' object has no attribute 'title'
2022-09-07 12:10:13,107:ERROR:youtube:Traceback (most recent call last):
  File "E:\Python_Work\Python_Exercise\Python_Exercise\ineuron\Project\final_version_youtuveScrapper\youtubeScrapping.py", line 105, in searchVideo
    self.logger.info(f"Downloading video {mp4files.title}")
AttributeError: 'StreamQuery' object has no attribute 'title'

2022-09-07 12:10:13,107:INFO:youtube:Video Uploaded in G Drive
2022-09-07 12:10:15,244:ERROR:youtube:Error! 'StreamQuery' object has no attribute 'title'
2022-09-07 12:10:15,245:ERROR:youtube:Traceback (most recent call last):
  File "E:\Python_Work\Python_Exercise\Python_Exercise\ineuron\Project\final_version_youtuveScrapper\youtubeScrapping.py", line 105, in searchVideo
    self.logger.info(f"Downloading video {mp4files.title}")
AttributeError: 'StreamQuery' object has no attribute 'title'

2022-09-07 12:10:15,245:INFO:youtube:Video Uploaded in G Drive
2022-09-07 12:10:16,948:ERROR:youtube:Error! 'StreamQuery' object has no attribute 'title'
2022-09-07 12:10:16,949:ERROR:youtube:Traceback (most recent call last):
  File "E:\Python_Work\Python_Exercise\Python_Exercise\ineuron\Project\final_version_youtuveScrapper\youtubeScrapping.py", line 105, in searchVideo
    self.logger.info(f"Downloading video {mp4files.title}")
AttributeError: 'StreamQuery' object has no attribute 'title'

2022-09-07 12:10:16,949:INFO:youtube:Video Uploaded in G Drive
2022-09-07 12:10:19,196:ERROR:youtube:Error! 'StreamQuery' object has no attribute 'title'
2022-09-07 12:10:19,196:ERROR:youtube:Traceback (most recent call last):
  File "E:\Python_Work\Python_Exercise\Python_Exercise\ineuron\Project\final_version_youtuveScrapper\youtubeScrapping.py", line 105, in searchVideo
    self.logger.info(f"Downloading video {mp4files.title}")
AttributeError: 'StreamQuery' object has no attribute 'title'

2022-09-07 12:10:19,197:INFO:youtube:Video Uploaded in G Drive
2022-09-07 12:10:21,166:ERROR:youtube:Error! 'StreamQuery' object has no attribute 'title'
2022-09-07 12:10:21,166:ERROR:youtube:Traceback (most recent call last):
  File "E:\Python_Work\Python_Exercise\Python_Exercise\ineuron\Project\final_version_youtuveScrapper\youtubeScrapping.py", line 105, in searchVideo
    self.logger.info(f"Downloading video {mp4files.title}")
AttributeError: 'StreamQuery' object has no attribute 'title'

2022-09-07 12:10:21,166:INFO:youtube:Video Uploaded in G Drive
2022-09-07 12:10:22,782:ERROR:youtube:Error! 'StreamQuery' object has no attribute 'title'
2022-09-07 12:10:22,783:ERROR:youtube:Traceback (most recent call last):
  File "E:\Python_Work\Python_Exercise\Python_Exercise\ineuron\Project\final_version_youtuveScrapper\youtubeScrapping.py", line 105, in searchVideo
    self.logger.info(f"Downloading video {mp4files.title}")
AttributeError: 'StreamQuery' object has no attribute 'title'

2022-09-07 12:10:22,783:INFO:youtube:Video Uploaded in G Drive
2022-09-07 12:10:33,215:ERROR:youtube:Error! 'StreamQuery' object has no attribute 'title'
2022-09-07 12:10:33,216:ERROR:youtube:Traceback (most recent call last):
  File "E:\Python_Work\Python_Exercise\Python_Exercise\ineuron\Project\final_version_youtuveScrapper\youtubeScrapping.py", line 105, in searchVideo
    self.logger.info(f"Downloading video {mp4files.title}")
AttributeError: 'StreamQuery' object has no attribute 'title'

2022-09-07 12:10:33,216:INFO:youtube:Video Uploaded in G Drive
2022-09-07 12:10:37,447:ERROR:youtube:Error! 'StreamQuery' object has no attribute 'title'
2022-09-07 12:10:37,448:ERROR:youtube:Traceback (most recent call last):
  File "E:\Python_Work\Python_Exercise\Python_Exercise\ineuron\Project\final_version_youtuveScrapper\youtubeScrapping.py", line 105, in searchVideo
    self.logger.info(f"Downloading video {mp4files.title}")
AttributeError: 'StreamQuery' object has no attribute 'title'

2022-09-07 12:10:37,448:INFO:youtube:Video Uploaded in G Drive
2022-09-07 12:10:46,582:ERROR:youtube:Error! 'StreamQuery' object has no attribute 'title'
2022-09-07 12:10:46,582:ERROR:youtube:Traceback (most recent call last):
  File "E:\Python_Work\Python_Exercise\Python_Exercise\ineuron\Project\final_version_youtuveScrapper\youtubeScrapping.py", line 105, in searchVideo
    self.logger.info(f"Downloading video {mp4files.title}")
AttributeError: 'StreamQuery' object has no attribute 'title'

2022-09-07 12:10:46,582:INFO:youtube:Video Uploaded in G Drive
2022-09-07 12:11:08,502:ERROR:youtube:Error! 'StreamQuery' object has no attribute 'title'
2022-09-07 12:11:08,502:ERROR:youtube:Traceback (most recent call last):
  File "E:\Python_Work\Python_Exercise\Python_Exercise\ineuron\Project\final_version_youtuveScrapper\youtubeScrapping.py", line 105, in searchVideo
    self.logger.info(f"Downloading video {mp4files.title}")
AttributeError: 'StreamQuery' object has no attribute 'title'

2022-09-07 12:11:08,502:INFO:youtube:Video Uploaded in G Drive
2022-09-07 12:11:10,429:ERROR:youtube:Error! 'StreamQuery' object has no attribute 'title'
2022-09-07 12:11:10,429:ERROR:youtube:Traceback (most recent call last):
  File "E:\Python_Work\Python_Exercise\Python_Exercise\ineuron\Project\final_version_youtuveScrapper\youtubeScrapping.py", line 105, in searchVideo
    self.logger.info(f"Downloading video {mp4files.title}")
AttributeError: 'StreamQuery' object has no attribute 'title'

2022-09-07 12:11:10,429:INFO:youtube:Video Uploaded in G Drive
2022-09-07 12:11:16,732:ERROR:youtube:Error! 'StreamQuery' object has no attribute 'title'
2022-09-07 12:11:16,732:ERROR:youtube:Traceback (most recent call last):
  File "E:\Python_Work\Python_Exercise\Python_Exercise\ineuron\Project\final_version_youtuveScrapper\youtubeScrapping.py", line 105, in searchVideo
    self.logger.info(f"Downloading video {mp4files.title}")
AttributeError: 'StreamQuery' object has no attribute 'title'

2022-09-07 12:11:16,733:INFO:youtube:Video Uploaded in G Drive
2022-09-07 12:13:03,197:INFO:youtube:Connected with snowflakes
2022-09-07 12:13:15,217:INFO:youtube:Open the URL
2022-09-07 12:13:16,230:INFO:youtube:Video deleted in local folder
2022-09-07 12:13:16,239:INFO:youtube:service created successfully drive
2022-09-07 12:13:16,240:INFO:youtube:Created G Drive connector
2022-09-07 12:13:18,846:INFO:youtube:Downloading video DevOps Pro Course launch | Live classes
2022-09-07 12:13:19,768:INFO:youtube:Already Uploaded file to https://drive.google.com/open?id=1jxW7zpCVgkx42dFVd9ma7PqTZonEPv36
2022-09-07 12:13:19,768:INFO:youtube:Video Uploaded in G Drive: https://drive.google.com/open?id=1jxW7zpCVgkx42dFVd9ma7PqTZonEPv36
2022-09-07 12:13:22,882:INFO:youtube:Downloading video Complete iOS developer course
2022-09-07 12:13:23,580:INFO:youtube:Already Uploaded file to https://drive.google.com/open?id=1Eac_cl5sPuNSjxqN4vIi5FSHHCFBSgLl
2022-09-07 12:13:23,580:INFO:youtube:Video Uploaded in G Drive: https://drive.google.com/open?id=1Eac_cl5sPuNSjxqN4vIi5FSHHCFBSgLl
2022-09-07 12:13:25,206:INFO:youtube:Downloading video Let’s catch up at #LPU Punjab. Hackathon with 3.5 lakh of prizes
2022-09-07 12:13:25,762:INFO:youtube:Already Uploaded file to https://drive.google.com/open?id=16lBmfFqFAunY5RFczhK4JcAcfqRcs2sz
2022-09-07 12:13:25,762:INFO:youtube:Video Uploaded in G Drive: https://drive.google.com/open?id=16lBmfFqFAunY5RFczhK4JcAcfqRcs2sz
2022-09-07 12:13:27,852:INFO:youtube:Downloading video Live support and free seats
2022-09-07 12:13:28,421:INFO:youtube:Already Uploaded file to https://drive.google.com/open?id=1-KrL8IRqmPpe8YSJW25gEizQJbqCyziJ
2022-09-07 12:13:28,422:INFO:youtube:Video Uploaded in G Drive: https://drive.google.com/open?id=1-KrL8IRqmPpe8YSJW25gEizQJbqCyziJ
2022-09-07 12:13:30,173:INFO:youtube:Downloading video Next Hackathon is at your home | 35000 cash prize
2022-09-07 12:13:33,324:INFO:youtube:Uploaded file to https://drive.google.com/open?id=1bvdpue_jFNpyciWkzawvt2f7q8u6_sM-
2022-09-07 12:13:33,324:INFO:youtube:Video Uploaded in G Drive: https://drive.google.com/open?id=1bvdpue_jFNpyciWkzawvt2f7q8u6_sM-
2022-09-07 12:13:34,905:INFO:youtube:Downloading video The journey of success transition
2022-09-07 12:13:37,933:INFO:youtube:Uploaded file to https://drive.google.com/open?id=12_y4zv17PTQzLYWeEl_A6YiCZByRcj9L
2022-09-07 12:13:37,933:INFO:youtube:Video Uploaded in G Drive: https://drive.google.com/open?id=12_y4zv17PTQzLYWeEl_A6YiCZByRcj9L
2022-09-07 12:13:43,232:INFO:youtube:Downloading video Learn backend development with prisma and mongodb | part 3
2022-09-07 12:13:48,918:INFO:youtube:Uploaded file to https://drive.google.com/open?id=1vAiDJxjsBJTSJ45xBwr33wL418avkRVD
2022-09-07 12:13:48,919:INFO:youtube:Video Uploaded in G Drive: https://drive.google.com/open?id=1vAiDJxjsBJTSJ45xBwr33wL418avkRVD
2022-09-07 12:13:53,621:INFO:youtube:Downloading video Learn backend development with Prisma and mongodb | part 2
2022-09-07 12:14:00,441:INFO:youtube:Uploaded file to https://drive.google.com/open?id=19GigqIAK22o2k0Rd-JiVXA5uV9-OOXKe
2022-09-07 12:14:00,441:INFO:youtube:Video Uploaded in G Drive: https://drive.google.com/open?id=19GigqIAK22o2k0Rd-JiVXA5uV9-OOXKe
2022-09-07 12:14:09,218:INFO:youtube:Downloading video Learn backend development with Prisma and mongodb
2022-09-07 12:14:19,866:INFO:youtube:Uploaded file to https://drive.google.com/open?id=1P-GxcK_ZYX95xChC3MXhI6OBnqxtcMPt
2022-09-07 12:14:19,867:INFO:youtube:Video Uploaded in G Drive: https://drive.google.com/open?id=1P-GxcK_ZYX95xChC3MXhI6OBnqxtcMPt
2022-09-07 12:14:27,074:INFO:youtube:Downloading video Let's learn Tailwind | live
2022-09-07 12:14:35,282:INFO:youtube:Uploaded file to https://drive.google.com/open?id=1LE88zbygF8i-WSDuaybWNmRGQcT5VKxA
2022-09-07 12:14:35,319:INFO:youtube:Video Uploaded in G Drive: https://drive.google.com/open?id=1LE88zbygF8i-WSDuaybWNmRGQcT5VKxA
2022-09-07 12:14:36,912:INFO:youtube:Downloading video This will change ed-tech
2022-09-07 12:14:39,178:INFO:youtube:Uploaded file to https://drive.google.com/open?id=1eF-9MIBEFOgXbgrGYtQqGFWSrTyp9vTD
2022-09-07 12:14:39,178:INFO:youtube:Video Uploaded in G Drive: https://drive.google.com/open?id=1eF-9MIBEFOgXbgrGYtQqGFWSrTyp9vTD
2022-09-07 12:14:45,270:INFO:youtube:Downloading video Meet creator of FastAPI | Sebastián Ramírez Montaño
2022-09-07 12:14:53,047:INFO:youtube:Uploaded file to https://drive.google.com/open?id=1cMHBK8RAECJ8jMHQ27QDnRcOwiCxwwTG
2022-09-07 12:14:53,049:INFO:youtube:Video Uploaded in G Drive: https://drive.google.com/open?id=1cMHBK8RAECJ8jMHQ27QDnRcOwiCxwwTG
2022-09-07 12:15:00,747:INFO:youtube:Downloading video Just another random live !
2022-09-07 12:15:12,009:INFO:youtube:Uploaded file to https://drive.google.com/open?id=1wJQOB6Z-oslu4mxSXWbImEbIhuHewxxI
2022-09-07 12:15:12,010:INFO:youtube:Video Uploaded in G Drive: https://drive.google.com/open?id=1wJQOB6Z-oslu4mxSXWbImEbIhuHewxxI
2022-09-07 12:15:13,608:INFO:youtube:Downloading video Put your IMPACT, write more code | @iNeuron Intelligence
2022-09-07 12:15:16,168:INFO:youtube:Uploaded file to https://drive.google.com/open?id=1W0BoCYAAFx25jzMC7M2_sWiZKCw-2gCI
2022-09-07 12:15:16,169:INFO:youtube:Video Uploaded in G Drive: https://drive.google.com/open?id=1W0BoCYAAFx25jzMC7M2_sWiZKCw-2gCI
2022-09-07 12:15:18,536:INFO:youtube:Downloading video We are solving tech hiring problem next | FindCoder
2022-09-07 12:15:22,157:INFO:youtube:Uploaded file to https://drive.google.com/open?id=1sqWBXQt8Nj6dXxZDcxFrTuSPq4OFek0k
2022-09-07 12:15:22,157:INFO:youtube:Video Uploaded in G Drive: https://drive.google.com/open?id=1sqWBXQt8Nj6dXxZDcxFrTuSPq4OFek0k
2022-09-07 12:15:24,756:INFO:youtube:Downloading video What the BUN | it's all about speed
2022-09-07 12:15:28,737:INFO:youtube:Uploaded file to https://drive.google.com/open?id=1O9Yve1BLp0OeXlxX7kgqwTjjPNGQfrrz
2022-09-07 12:15:28,737:INFO:youtube:Video Uploaded in G Drive: https://drive.google.com/open?id=1O9Yve1BLp0OeXlxX7kgqwTjjPNGQfrrz
2022-09-07 12:15:31,741:INFO:youtube:Downloading video DSA for FAANG | System Design | Python | Javascript
2022-09-07 12:15:34,662:INFO:youtube:Uploaded file to https://drive.google.com/open?id=1cd-t3gJME-w3G8LqR9QjQb56TEqdAkn2
2022-09-07 12:15:34,662:INFO:youtube:Video Uploaded in G Drive: https://drive.google.com/open?id=1cd-t3gJME-w3G8LqR9QjQb56TEqdAkn2
2022-09-07 12:15:37,467:INFO:youtube:Downloading video A really BIG announcement | remote jobs and LCO
2022-09-07 12:15:41,255:INFO:youtube:Uploaded file to https://drive.google.com/open?id=1VdsMHVFTrSfHqc_Wc2Vinx5LZo-d-M8H
2022-09-07 12:15:41,255:INFO:youtube:Video Uploaded in G Drive: https://drive.google.com/open?id=1VdsMHVFTrSfHqc_Wc2Vinx5LZo-d-M8H
2022-09-07 12:16:05,263:INFO:youtube:Downloading video Appwrite crash course | Open Source Backend as a Service | Reactjs
2022-09-07 12:16:13,703:INFO:youtube:Uploaded file to https://drive.google.com/open?id=1yMnthD0ojMX9L0wauzTMNBqzgVRkjKuX
2022-09-07 12:16:13,704:INFO:youtube:Video Uploaded in G Drive: https://drive.google.com/open?id=1yMnthD0ojMX9L0wauzTMNBqzgVRkjKuX
2022-09-07 12:16:15,663:INFO:youtube:Downloading video Save your code snippets in this open source tool
2022-09-07 12:16:18,398:INFO:youtube:Uploaded file to https://drive.google.com/open?id=1QqzY4Xb01ukDp6Ah1L9X7btP2XslBWg2
2022-09-07 12:16:18,399:INFO:youtube:Video Uploaded in G Drive: https://drive.google.com/open?id=1QqzY4Xb01ukDp6Ah1L9X7btP2XslBWg2
2022-09-07 12:16:48,394:INFO:youtube:Downloading video Full Stack Java Script Web Developer | induction class
2022-09-07 12:17:25,226:INFO:youtube:Uploaded file to https://drive.google.com/open?id=1xBRJmAceJwC9rCqesnd220e_tabEZEyq
2022-09-07 12:17:25,227:INFO:youtube:Video Uploaded in G Drive: https://drive.google.com/open?id=1xBRJmAceJwC9rCqesnd220e_tabEZEyq
2022-09-07 12:17:27,764:INFO:youtube:Downloading video How to install and setup Appwrite locally
2022-09-07 12:17:30,588:INFO:youtube:Uploaded file to https://drive.google.com/open?id=1Cy-0DHsgGFnTwNUHD4xShqbYqfh26jLa
2022-09-07 12:17:30,588:INFO:youtube:Video Uploaded in G Drive: https://drive.google.com/open?id=1Cy-0DHsgGFnTwNUHD4xShqbYqfh26jLa
2022-09-07 12:17:33,682:INFO:youtube:Downloading video How to install Mongodb 5 | latest MAC installation
2022-09-07 12:17:37,047:INFO:youtube:Uploaded file to https://drive.google.com/open?id=16jPDd7tq6CTtTtxRVGyL4LCKQuxjS1Fx
2022-09-07 12:17:37,047:INFO:youtube:Video Uploaded in G Drive: https://drive.google.com/open?id=16jPDd7tq6CTtTtxRVGyL4LCKQuxjS1Fx
2022-09-07 12:17:38,799:INFO:youtube:Downloading video Join me up in Full stack javascript Job guarantee bootcamp
2022-09-07 12:17:41,457:INFO:youtube:Uploaded file to https://drive.google.com/open?id=1_X6RvrnAZ0Hl_vv6f1uwhNGXusO9xWUu
2022-09-07 12:17:41,457:INFO:youtube:Video Uploaded in G Drive: https://drive.google.com/open?id=1_X6RvrnAZ0Hl_vv6f1uwhNGXusO9xWUu
2022-09-07 12:17:46,330:INFO:youtube:Downloading video iNeuron and NativeBase present Hackathon 4.0 | 24 hour Live
2022-09-07 12:17:51,395:INFO:youtube:Uploaded file to https://drive.google.com/open?id=1P-Xb7F0clCd1CCaPLC4l30cOSFBC1gUB
2022-09-07 12:17:51,432:INFO:youtube:Video Uploaded in G Drive: https://drive.google.com/open?id=1P-Xb7F0clCd1CCaPLC4l30cOSFBC1gUB
2022-09-07 12:17:54,160:INFO:youtube:Downloading video Udemy course announcement
2022-09-07 12:17:56,585:INFO:youtube:Uploaded file to https://drive.google.com/open?id=1e5Idzsr3eR5vlNLcHoX9KMUP7nX1Qu6y
2022-09-07 12:17:56,586:INFO:youtube:Video Uploaded in G Drive: https://drive.google.com/open?id=1e5Idzsr3eR5vlNLcHoX9KMUP7nX1Qu6y
2022-09-07 12:17:58,624:INFO:youtube:Downloading video An Experiment
2022-09-07 12:18:00,819:INFO:youtube:Uploaded file to https://drive.google.com/open?id=1kNTEfa47N9gXP5mEoc5u9fTKt6kz3Hq7
2022-09-07 12:18:00,819:INFO:youtube:Video Uploaded in G Drive: https://drive.google.com/open?id=1kNTEfa47N9gXP5mEoc5u9fTKt6kz3Hq7
2022-09-07 12:18:03,864:INFO:youtube:Downloading video CoderCommunity.io | building biggest coder community
2022-09-07 12:18:07,150:INFO:youtube:Uploaded file to https://drive.google.com/open?id=1lr2bd2y82QVcdAfxXfzy11gkHPgu9659
2022-09-07 12:18:07,150:INFO:youtube:Video Uploaded in G Drive: https://drive.google.com/open?id=1lr2bd2y82QVcdAfxXfzy11gkHPgu9659
2022-09-07 12:18:10,523:INFO:youtube:Downloading video How conversion works in javascript | 3 conversion algo
2022-09-07 12:18:14,740:INFO:youtube:Uploaded file to https://drive.google.com/open?id=1otsmu6QR8ulHDcGEptD89gCZXMHqZGgr
2022-09-07 12:18:14,860:INFO:youtube:Video Uploaded in G Drive: https://drive.google.com/open?id=1otsmu6QR8ulHDcGEptD89gCZXMHqZGgr
2022-09-07 12:18:17,079:INFO:youtube:Downloading video Inviting all Javascript developers | NativeBase Hackathon
2022-09-07 12:18:20,047:INFO:youtube:Uploaded file to https://drive.google.com/open?id=1NHId3KttM_bXrDTmTSx1R8xSQvpuXC0H
2022-09-07 12:18:20,047:INFO:youtube:Video Uploaded in G Drive: https://drive.google.com/open?id=1NHId3KttM_bXrDTmTSx1R8xSQvpuXC0H
2022-09-07 12:18:20,197:INFO:youtube:Stored channel name and video details in database
2022-09-07 12:18:28,089:INFO:youtube:Connection Success
2022-09-07 12:18:28,089:INFO:youtube:Stored each video details in database
2022-09-07 12:18:28,089:INFO:youtube:Urls: ['/watch?v=2fXQvy0kFak', '/watch?v=rp56yKfIkmo', '/watch?v=rd3lN6yQZIQ', '/watch?v=nAeFbJ_EXOo', '/watch?v=yopaUqfhQkQ', '/shorts/a_zftgj0Ykg', '/watch?v=arYn3DJcicw', '/watch?v=qcIotzhNLDU', '/watch?v=IiqhMNPWGEs', '/watch?v=O6-6VfPBNjE', '/watch?v=nSbxyFQaLk8', '/watch?v=6m0amaGV1ak', '/watch?v=Wl_t3Qj_3rk', '/watch?v=NCZwoMcgk50', '/watch?v=JezatpCP9C0', '/watch?v=Kr-2KprTbc0', '/watch?v=Ji0lePu7NX0', '/watch?v=7F2LkS3jpPA', '/watch?v=jkngyZjRETs', '/shorts/hduwjJ043Mg', '/watch?v=eEirQbMZEWI', '/watch?v=pOqT7yczlj4', '/watch?v=s1WQ0eEpqqg', '/watch?v=FSNE3gZaTIw', '/watch?v=5aTjC_f0PM0', '/shorts/4MISIBOEXks', '/watch?v=RDZeIFSdNdQ', '/watch?v=LOjU3jWiXtI', '/watch?v=OeVE-8CIzys', '/watch?v=GrF_CJRCDsk']
2022-09-07 12:19:56,504:INFO:youtube:Created thumbnail urls image to base64 object
2022-09-07 12:20:10,377:INFO:youtube:Data inserted in mongodb
2022-09-07 12:21:22,996:INFO:youtube:Created thumbnail urls image to base64 object
2022-09-07 12:21:36,432:INFO:youtube:Data inserted in mongodb
2022-09-07 12:22:07,322:INFO:youtube:Created thumbnail urls image to base64 object
2022-09-07 12:22:20,943:INFO:youtube:Data inserted in mongodb
2022-09-07 12:23:36,128:INFO:youtube:Created thumbnail urls image to base64 object
2022-09-07 12:23:49,529:INFO:youtube:Data inserted in mongodb
2022-09-07 12:24:22,950:INFO:youtube:Created thumbnail urls image to base64 object
2022-09-07 12:24:36,389:INFO:youtube:Data inserted in mongodb
2022-09-07 12:25:02,841:INFO:youtube:Created thumbnail urls image to base64 object
2022-09-07 12:25:16,363:INFO:youtube:Data inserted in mongodb
2022-09-07 12:25:43,354:INFO:youtube:Created thumbnail urls image to base64 object
2022-09-07 12:25:56,822:INFO:youtube:Data inserted in mongodb
2022-09-07 12:26:32,866:INFO:youtube:Created thumbnail urls image to base64 object
2022-09-07 12:26:46,279:INFO:youtube:Data inserted in mongodb
2022-09-07 12:27:17,308:INFO:youtube:Created thumbnail urls image to base64 object
2022-09-07 12:27:30,831:INFO:youtube:Data inserted in mongodb
2022-09-07 12:28:05,309:INFO:youtube:Created thumbnail urls image to base64 object
2022-09-07 12:28:18,743:INFO:youtube:Data inserted in mongodb
2022-09-07 12:28:52,012:INFO:youtube:Created thumbnail urls image to base64 object
2022-09-07 12:29:05,544:INFO:youtube:Data inserted in mongodb
2022-09-07 12:29:40,893:INFO:youtube:Created thumbnail urls image to base64 object
2022-09-07 12:29:54,341:INFO:youtube:Data inserted in mongodb
2022-09-07 12:30:38,837:INFO:youtube:Created thumbnail urls image to base64 object
2022-09-07 12:30:52,206:INFO:youtube:Data inserted in mongodb
2022-09-07 12:31:34,801:INFO:youtube:Created thumbnail urls image to base64 object
2022-09-07 12:31:48,399:INFO:youtube:Data inserted in mongodb
2022-09-07 12:32:24,072:INFO:youtube:Created thumbnail urls image to base64 object
2022-09-07 12:32:37,735:INFO:youtube:Data inserted in mongodb
2022-09-07 12:33:30,989:INFO:youtube:Created thumbnail urls image to base64 object
2022-09-07 12:33:44,758:INFO:youtube:Data inserted in mongodb
2022-09-07 12:35:15,648:INFO:youtube:Created thumbnail urls image to base64 object
2022-09-07 12:35:29,322:INFO:youtube:Data inserted in mongodb
2022-09-07 12:36:06,669:INFO:youtube:Created thumbnail urls image to base64 object
2022-09-07 12:36:20,162:INFO:youtube:Data inserted in mongodb
2022-09-07 12:36:59,363:INFO:youtube:Created thumbnail urls image to base64 object
2022-09-07 12:37:13,098:INFO:youtube:Data inserted in mongodb
2022-09-07 12:37:39,765:INFO:youtube:Created thumbnail urls image to base64 object
2022-09-07 12:37:53,356:INFO:youtube:Data inserted in mongodb
2022-09-07 12:38:35,046:INFO:youtube:Created thumbnail urls image to base64 object
2022-09-07 12:38:48,770:INFO:youtube:Data inserted in mongodb
2022-09-07 12:39:22,455:INFO:youtube:Created thumbnail urls image to base64 object
2022-09-07 12:39:35,953:INFO:youtube:Data inserted in mongodb
2022-09-07 12:40:00,147:INFO:youtube:Created thumbnail urls image to base64 object
2022-09-07 12:40:13,546:INFO:youtube:Data inserted in mongodb
2022-09-07 12:41:04,445:INFO:youtube:Created thumbnail urls image to base64 object
2022-09-07 12:41:18,027:INFO:youtube:Data inserted in mongodb
2022-09-07 12:42:22,345:INFO:youtube:Created thumbnail urls image to base64 object
2022-09-07 12:42:35,710:INFO:youtube:Data inserted in mongodb
2022-09-07 12:43:16,651:INFO:youtube:Created thumbnail urls image to base64 object
2022-09-07 12:43:30,019:INFO:youtube:Data inserted in mongodb
2022-09-07 12:44:06,188:INFO:youtube:Created thumbnail urls image to base64 object
2022-09-07 12:44:19,846:INFO:youtube:Data inserted in mongodb
2022-09-07 12:44:27,776:INFO:youtube:Connection Success
2022-09-07 12:44:27,776:INFO:youtube:Stored each video comments in Mongodb
2022-09-07 12:57:52,051:INFO:youtube:Connected with snowflakes
2022-09-07 12:57:53,485:INFO:youtube:sql select * from CHANNEL_VIDEOS where USERID = 'HiteshChoudharydotcom';
2022-09-07 12:57:54,067:INFO:youtube:Data is available in database
2022-09-07 12:57:54,073:INFO:youtube:search_ID: HiteshChoudharydotcom 
2022-09-07 12:57:54,763:INFO:youtube:sql select top 3 * from CHANNEL_VIDEOS where USERID = 'HiteshChoudharydotcom';
2022-09-07 12:57:55,683:INFO:youtube:sql select * from VIDEO_INFO where USERID = 'HiteshChoudharydotcom';
2022-09-07 13:17:33,140:INFO:youtube:Connected with snowflakes
2022-09-07 13:17:33,880:INFO:youtube:sql select * from CHANNEL_VIDEOS where USERID = 'Telusko';
2022-09-07 13:17:55,283:INFO:youtube:Open the URL
2022-09-07 13:17:56,348:INFO:youtube:Video deleted in local folder
2022-09-07 13:17:57,330:INFO:youtube:service created successfully drive
2022-09-07 13:17:57,330:INFO:youtube:Created G Drive connector
2022-09-07 13:18:00,985:INFO:youtube:Downloading video 1000 Programmers for Hackathon | LPU
2022-09-07 13:18:01,649:INFO:youtube:Already Uploaded file to https://drive.google.com/open?id=1j2jO7P74VzWflDJP0ceTasXoMD0Juhfc
2022-09-07 13:18:01,649:INFO:youtube:Video Uploaded in G Drive: https://drive.google.com/open?id=1j2jO7P74VzWflDJP0ceTasXoMD0Juhfc
2022-09-07 13:18:04,176:INFO:youtube:Downloading video Full Stack Java Developer Live Course | Job Guarantee | Announcement
2022-09-07 13:18:04,677:INFO:youtube:Already Uploaded file to https://drive.google.com/open?id=1M8V6llQy2pkm_e0kd825jUuVPu4Bxi25
2022-09-07 13:18:04,677:INFO:youtube:Video Uploaded in G Drive: https://drive.google.com/open?id=1M8V6llQy2pkm_e0kd825jUuVPu4Bxi25
2022-09-07 13:18:06,451:INFO:youtube:Downloading video Tech-A-Thon at Lovely Professional University(LPU)
2022-09-07 13:18:07,000:INFO:youtube:Already Uploaded file to https://drive.google.com/open?id=1N7yZ1-hC6o1PDZ-BC7dFPh3eNEVwi-K0
2022-09-07 13:18:07,000:INFO:youtube:Video Uploaded in G Drive: https://drive.google.com/open?id=1N7yZ1-hC6o1PDZ-BC7dFPh3eNEVwi-K0
2022-09-07 13:18:14,060:INFO:youtube:Downloading video Had an Amazing Week | Saturday Live
2022-09-07 13:18:14,762:INFO:youtube:Already Uploaded file to https://drive.google.com/open?id=1rmVTvIj-1VvHJcd9EtZ5hKIgArbtdhgM
2022-09-07 13:18:14,762:INFO:youtube:Video Uploaded in G Drive: https://drive.google.com/open?id=1rmVTvIj-1VvHJcd9EtZ5hKIgArbtdhgM
2022-09-07 13:18:17,846:INFO:youtube:Downloading video 76th Independence Day Celebration Offer
2022-09-07 13:18:18,342:INFO:youtube:Already Uploaded file to https://drive.google.com/open?id=1aEByYcMn3o19-4moSQM5SKIhi-lE3V4x
2022-09-07 13:18:18,342:INFO:youtube:Video Uploaded in G Drive: https://drive.google.com/open?id=1aEByYcMn3o19-4moSQM5SKIhi-lE3V4x
2022-09-07 13:18:22,390:INFO:youtube:Downloading video Blockchain Quiz | Basics
2022-09-07 13:18:22,948:INFO:youtube:Already Uploaded file to https://drive.google.com/open?id=1DStc1BGiTExh7VoapHGxdVnDYDvlhKHQ
2022-09-07 13:18:22,948:INFO:youtube:Video Uploaded in G Drive: https://drive.google.com/open?id=1DStc1BGiTExh7VoapHGxdVnDYDvlhKHQ
2022-09-07 13:18:48,004:INFO:youtube:Downloading video JavaScript Programming Tutorial for Beginners
2022-09-07 13:18:48,540:INFO:youtube:Already Uploaded file to https://drive.google.com/open?id=1N1Ls-9eZz7q459KDj9l5HNwYF7EhgywB
2022-09-07 13:18:48,540:INFO:youtube:Video Uploaded in G Drive: https://drive.google.com/open?id=1N1Ls-9eZz7q459KDj9l5HNwYF7EhgywB
2022-09-07 13:18:51,742:INFO:youtube:Downloading video Does Your Code Smell ?
2022-09-07 13:18:52,339:INFO:youtube:Already Uploaded file to https://drive.google.com/open?id=1-XhxOHiT_zz-2-vulAKyAjtxTxvNPn2E
2022-09-07 13:18:52,339:INFO:youtube:Video Uploaded in G Drive: https://drive.google.com/open?id=1-XhxOHiT_zz-2-vulAKyAjtxTxvNPn2E
2022-09-07 13:18:55,859:INFO:youtube:Downloading video Quiz at Blockchain Hackathon | Menti
2022-09-07 13:18:56,378:INFO:youtube:Already Uploaded file to https://drive.google.com/open?id=1BPHsEWDJWmRk0ekpL0zqK5HTqvkNhjU6
2022-09-07 13:18:56,379:INFO:youtube:Video Uploaded in G Drive: https://drive.google.com/open?id=1BPHsEWDJWmRk0ekpL0zqK5HTqvkNhjU6
2022-09-07 13:18:58,083:INFO:youtube:Downloading video Blockchain Hackathon Highlights @iNeuron Intelligence @Neo Smart Economy
2022-09-07 13:18:58,616:INFO:youtube:Already Uploaded file to https://drive.google.com/open?id=1wRkKXs9Cv2dL0VsQiEeIAYVX4DXRHE8t
2022-09-07 13:18:58,616:INFO:youtube:Video Uploaded in G Drive: https://drive.google.com/open?id=1wRkKXs9Cv2dL0VsQiEeIAYVX4DXRHE8t
2022-09-07 13:19:14,609:INFO:youtube:Downloading video Full Stack Blockchain Development Induction
2022-09-07 13:19:15,144:INFO:youtube:Already Uploaded file to https://drive.google.com/open?id=1-l9lIaEPd-HsJG3Xda0qYv1s0RlgEIBO
2022-09-07 13:19:15,144:INFO:youtube:Video Uploaded in G Drive: https://drive.google.com/open?id=1-l9lIaEPd-HsJG3Xda0qYv1s0RlgEIBO
2022-09-07 13:19:21,533:INFO:youtube:Downloading video Blockchain Workshop Live
2022-09-07 13:19:22,070:INFO:youtube:Already Uploaded file to https://drive.google.com/open?id=115p-wPxIXGng-BBVTW3VVVsn02w1C9dw
2022-09-07 13:19:22,070:INFO:youtube:Video Uploaded in G Drive: https://drive.google.com/open?id=115p-wPxIXGng-BBVTW3VVVsn02w1C9dw
2022-09-07 13:19:25,066:INFO:youtube:Downloading video Sealed Classes in Java | Java 17 features
2022-09-07 13:19:25,623:INFO:youtube:Already Uploaded file to https://drive.google.com/open?id=1a0W96c9FiKrzUHwvFlBgxPrmMgvT1FA-
2022-09-07 13:19:25,624:INFO:youtube:Video Uploaded in G Drive: https://drive.google.com/open?id=1a0W96c9FiKrzUHwvFlBgxPrmMgvT1FA-
2022-09-07 13:19:28,528:INFO:youtube:Downloading video Record Classes in Java | Java 17 features
2022-09-07 13:19:29,041:INFO:youtube:Already Uploaded file to https://drive.google.com/open?id=1-sxeMrf4n0ahdukXj2ndiiATd8uJFgeq
2022-09-07 13:19:29,041:INFO:youtube:Video Uploaded in G Drive: https://drive.google.com/open?id=1-sxeMrf4n0ahdukXj2ndiiATd8uJFgeq
2022-09-07 13:19:32,745:INFO:youtube:Downloading video Solidity Ethereum Blockchain Live Course | Writing a Dapp
2022-09-07 13:19:33,219:INFO:youtube:Already Uploaded file to https://drive.google.com/open?id=1wLcEtknYjms8yF9bEtjytLJQyzzSmann
2022-09-07 13:19:33,219:INFO:youtube:Video Uploaded in G Drive: https://drive.google.com/open?id=1wLcEtknYjms8yF9bEtjytLJQyzzSmann
2022-09-07 13:19:35,918:INFO:youtube:Downloading video What's new in Java Switch | Switch Statement and Expression
2022-09-07 13:19:36,417:INFO:youtube:Already Uploaded file to https://drive.google.com/open?id=1ebNYXolmKYi6QcxYIATqPlZA_RS_M5vf
2022-09-07 13:19:36,417:INFO:youtube:Video Uploaded in G Drive: https://drive.google.com/open?id=1ebNYXolmKYi6QcxYIATqPlZA_RS_M5vf
2022-09-07 13:19:38,293:INFO:youtube:Downloading video Ultimate Blockchain Live Course | Become a Blockchain Developer
2022-09-07 13:19:38,808:INFO:youtube:Already Uploaded file to https://drive.google.com/open?id=1udP-iyo1vCSjohF74Pn4H58KlzG5f8Lr
2022-09-07 13:19:38,809:INFO:youtube:Video Uploaded in G Drive: https://drive.google.com/open?id=1udP-iyo1vCSjohF74Pn4H58KlzG5f8Lr
2022-09-07 13:19:42,147:INFO:youtube:Downloading video Var in Java | New Java 10 Feature
2022-09-07 13:19:42,657:INFO:youtube:Already Uploaded file to https://drive.google.com/open?id=1hfruogOjjI0rhjGu_h8rsvBFZMYTmjZG
2022-09-07 13:19:42,658:INFO:youtube:Video Uploaded in G Drive: https://drive.google.com/open?id=1hfruogOjjI0rhjGu_h8rsvBFZMYTmjZG
2022-09-07 13:19:48,517:INFO:youtube:Downloading video Saturday Live QnA
2022-09-07 13:19:49,000:INFO:youtube:Already Uploaded file to https://drive.google.com/open?id=10ZW64s1Zj3pUgsZ0LdYYCeQEPYGcRvUf
2022-09-07 13:19:49,000:INFO:youtube:Video Uploaded in G Drive: https://drive.google.com/open?id=10ZW64s1Zj3pUgsZ0LdYYCeQEPYGcRvUf
2022-09-07 13:19:52,502:INFO:youtube:Downloading video Full Stack Web Development Using Python in Hindi
2022-09-07 13:19:52,992:INFO:youtube:Already Uploaded file to https://drive.google.com/open?id=1aoRRL3iBJoEl-w-mOYe59GaEiKYqxFb3
2022-09-07 13:19:52,993:INFO:youtube:Video Uploaded in G Drive: https://drive.google.com/open?id=1aoRRL3iBJoEl-w-mOYe59GaEiKYqxFb3
2022-09-07 13:19:58,959:INFO:youtube:Downloading video Solidity Ethereum Blockchain Live Course
2022-09-07 13:19:59,472:INFO:youtube:Already Uploaded file to https://drive.google.com/open?id=1GdD8BbXqi6_Y6vtrq3TA1Rv5tSn2oMNO
2022-09-07 13:19:59,472:INFO:youtube:Video Uploaded in G Drive: https://drive.google.com/open?id=1GdD8BbXqi6_Y6vtrq3TA1Rv5tSn2oMNO
2022-09-07 13:20:03,002:INFO:youtube:Downloading video What is Platform? |  Platform Dependent VS Independent
2022-09-07 13:20:03,568:INFO:youtube:Already Uploaded file to https://drive.google.com/open?id=1WlEIL0KZFIbQkbPTfA-YAAV-GTfEKB51
2022-09-07 13:20:03,568:INFO:youtube:Video Uploaded in G Drive: https://drive.google.com/open?id=1WlEIL0KZFIbQkbPTfA-YAAV-GTfEKB51
2022-09-07 13:20:10,173:INFO:youtube:Downloading video Java Live Session | this, super Keywords
2022-09-07 13:20:10,752:INFO:youtube:Already Uploaded file to https://drive.google.com/open?id=1Mk5_4pLpEoMdrpN929M9HOOV5E-F8UNp
2022-09-07 13:20:10,752:INFO:youtube:Video Uploaded in G Drive: https://drive.google.com/open?id=1Mk5_4pLpEoMdrpN929M9HOOV5E-F8UNp
2022-09-07 13:20:12,975:INFO:youtube:Downloading video Introduction to Programming | MLL vs HLL vs ALL
2022-09-07 13:20:13,495:INFO:youtube:Already Uploaded file to https://drive.google.com/open?id=1uYZ4_dVNGdu7e9Ye6T77MUqfj-KWdsJU
2022-09-07 13:20:13,496:INFO:youtube:Video Uploaded in G Drive: https://drive.google.com/open?id=1uYZ4_dVNGdu7e9Ye6T77MUqfj-KWdsJU
2022-09-07 13:20:18,676:INFO:youtube:Downloading video Solidity Ethereum Blockchain Live Course | Getting Started
2022-09-07 13:20:19,220:INFO:youtube:Already Uploaded file to https://drive.google.com/open?id=1xEWyw68tJ_mCPEgk35AHHMpkH0Ceyr57
2022-09-07 13:20:19,220:INFO:youtube:Video Uploaded in G Drive: https://drive.google.com/open?id=1xEWyw68tJ_mCPEgk35AHHMpkH0Ceyr57
2022-09-07 13:20:26,587:INFO:youtube:Downloading video Java Live Session | Anonymous Class and Lambda Expression
2022-09-07 13:20:27,126:INFO:youtube:Already Uploaded file to https://drive.google.com/open?id=1BqxOxw7rmukM1q2JXaQD0I3kzMpSQWXr
2022-09-07 13:20:27,126:INFO:youtube:Video Uploaded in G Drive: https://drive.google.com/open?id=1BqxOxw7rmukM1q2JXaQD0I3kzMpSQWXr
2022-09-07 13:20:32,606:INFO:youtube:Downloading video Solidity Ethereum Blockchain Live Course | Introduction
2022-09-07 13:20:33,134:INFO:youtube:Already Uploaded file to https://drive.google.com/open?id=1QjGxBsg2ZjLAIJYoHJzfGP-xetSjAy3U
2022-09-07 13:20:33,134:INFO:youtube:Video Uploaded in G Drive: https://drive.google.com/open?id=1QjGxBsg2ZjLAIJYoHJzfGP-xetSjAy3U
2022-09-07 13:20:35,228:INFO:youtube:Downloading video Blockchain Hackathon Annoucement | @iNeuron Intelligence @Neo Smart Economy
2022-09-07 13:20:35,723:INFO:youtube:Already Uploaded file to https://drive.google.com/open?id=1BmeXcKOXjfRu-vDa_eeZ7Z2mMqLzLvIx
2022-09-07 13:20:35,724:INFO:youtube:Video Uploaded in G Drive: https://drive.google.com/open?id=1BmeXcKOXjfRu-vDa_eeZ7Z2mMqLzLvIx
2022-09-07 13:20:45,455:INFO:youtube:Downloading video Java Full Stack Course Live Session 1 | Demo
2022-09-07 13:20:46,052:INFO:youtube:Already Uploaded file to https://drive.google.com/open?id=1P2MOu4NMsONVPiBjMm03hIszNzMsW-T4
2022-09-07 13:20:46,052:INFO:youtube:Video Uploaded in G Drive: https://drive.google.com/open?id=1P2MOu4NMsONVPiBjMm03hIszNzMsW-T4
2022-09-07 13:20:47,599:INFO:youtube:Downloading video Java Live Course Launching Tomorrow
2022-09-07 13:20:48,104:INFO:youtube:Already Uploaded file to https://drive.google.com/open?id=1H2-jmTW2w3m2VHxgfk_-nfrkeO3h95Ql
2022-09-07 13:20:48,104:INFO:youtube:Video Uploaded in G Drive: https://drive.google.com/open?id=1H2-jmTW2w3m2VHxgfk_-nfrkeO3h95Ql
2022-09-07 13:20:48,106:INFO:youtube:Stored channel name and video details in database
2022-09-07 13:20:53,499:INFO:youtube:Connection Success
2022-09-07 13:20:53,499:INFO:youtube:Stored each video details in database
2022-09-07 13:20:53,499:INFO:youtube:Urls: ['/watch?v=H1PQj54u0As', '/watch?v=b7OryQDDCsU', '/watch?v=3NfjY7ddHz8', '/watch?v=4auwnxsEDeI', '/watch?v=ujyvH3DjisE', '/watch?v=UnffRY0btLQ', '/watch?v=IC5vBKc21X8', '/watch?v=vTWpddJiUXI', '/watch?v=Z7UXVx30If0', '/watch?v=pFW9zyaVF4U', '/watch?v=IVJoISiw28c', '/watch?v=9dGj5hAi0mE', '/watch?v=glvYULuaf-k', '/watch?v=pmVgs8wOk5o', '/watch?v=SuN78CgBjLM', '/watch?v=AZb1wLIQ1R4', '/watch?v=Md2eYUuVHkE', '/watch?v=2zXbRJty4vc', '/watch?v=SFkm1rgy-_s', '/watch?v=UIwsc4fOnRY', '/watch?v=mvURH5KhFPk', '/watch?v=felqbvOnUdc', '/watch?v=Im-pBDFgJcA', '/watch?v=nfveG736mnw', '/watch?v=qqETipokc34', '/watch?v=89YsDUb7SEk', '/watch?v=KNUJbxhgaeY', '/watch?v=y_buDt2Ne8c', '/watch?v=m_DRlQUhmB8', '/watch?v=RkQFYT1pmC0']
2022-09-07 13:21:29,169:INFO:youtube:Created thumbnail urls image to base64 object
2022-09-07 13:21:42,546:INFO:youtube:Data inserted in mongodb
2022-09-07 13:23:12,472:INFO:youtube:Created thumbnail urls image to base64 object
2022-09-07 13:23:26,033:INFO:youtube:Data inserted in mongodb
2022-09-07 13:23:54,620:INFO:youtube:Created thumbnail urls image to base64 object
2022-09-07 13:24:08,148:INFO:youtube:Data inserted in mongodb
2022-09-07 13:24:40,137:INFO:youtube:Created thumbnail urls image to base64 object
2022-09-07 13:24:53,531:INFO:youtube:Data inserted in mongodb
2022-09-07 13:25:32,555:INFO:youtube:Created thumbnail urls image to base64 object
2022-09-07 13:25:46,138:INFO:youtube:Data inserted in mongodb
2022-09-07 13:26:14,077:INFO:youtube:Created thumbnail urls image to base64 object
2022-09-07 13:26:27,401:INFO:youtube:Data inserted in mongodb
2022-09-07 13:27:40,918:INFO:youtube:Created thumbnail urls image to base64 object
2022-09-07 13:27:54,559:INFO:youtube:Data inserted in mongodb
2022-09-07 13:28:28,697:INFO:youtube:Created thumbnail urls image to base64 object
2022-09-07 13:28:42,306:INFO:youtube:Data inserted in mongodb
2022-09-07 13:29:13,299:INFO:youtube:Created thumbnail urls image to base64 object
2022-09-07 13:29:26,641:INFO:youtube:Data inserted in mongodb
2022-09-07 13:29:48,360:INFO:youtube:Created thumbnail urls image to base64 object
2022-09-07 13:30:01,807:INFO:youtube:Data inserted in mongodb
2022-09-07 13:30:33,414:INFO:youtube:Created thumbnail urls image to base64 object
2022-09-07 13:30:46,706:INFO:youtube:Data inserted in mongodb
2022-09-07 13:31:15,339:INFO:youtube:Created thumbnail urls image to base64 object
2022-09-07 13:31:28,655:INFO:youtube:Data inserted in mongodb
2022-09-07 13:32:01,306:INFO:youtube:Created thumbnail urls image to base64 object
2022-09-07 13:32:14,753:INFO:youtube:Data inserted in mongodb
2022-09-07 13:32:43,415:INFO:youtube:Created thumbnail urls image to base64 object
2022-09-07 13:32:56,695:INFO:youtube:Data inserted in mongodb
2022-09-07 13:33:23,922:INFO:youtube:Created thumbnail urls image to base64 object
2022-09-07 13:33:37,266:INFO:youtube:Data inserted in mongodb
2022-09-07 13:34:12,817:INFO:youtube:Created thumbnail urls image to base64 object
2022-09-07 13:34:26,235:INFO:youtube:Data inserted in mongodb
2022-09-07 13:35:08,074:INFO:youtube:Created thumbnail urls image to base64 object
2022-09-07 13:35:21,745:INFO:youtube:Data inserted in mongodb
2022-09-07 13:36:03,965:INFO:youtube:Created thumbnail urls image to base64 object
2022-09-07 13:36:17,653:INFO:youtube:Data inserted in mongodb
2022-09-07 13:36:52,101:INFO:youtube:Created thumbnail urls image to base64 object
2022-09-07 13:37:05,733:INFO:youtube:Data inserted in mongodb
2022-09-07 13:37:56,958:INFO:youtube:Created thumbnail urls image to base64 object
2022-09-07 13:38:10,946:INFO:youtube:Data inserted in mongodb
2022-09-07 13:38:39,605:INFO:youtube:Created thumbnail urls image to base64 object
2022-09-07 13:38:57,193:INFO:youtube:Data inserted in mongodb
2022-09-07 13:39:18,060:INFO:youtube:Created thumbnail urls image to base64 object
2022-09-07 13:39:31,660:INFO:youtube:Data inserted in mongodb
2022-09-07 13:39:57,301:INFO:youtube:Created thumbnail urls image to base64 object
2022-09-07 13:40:10,988:INFO:youtube:Data inserted in mongodb
2022-09-07 13:40:37,444:INFO:youtube:Created thumbnail urls image to base64 object
2022-09-07 13:40:51,180:INFO:youtube:Data inserted in mongodb
2022-09-07 13:41:22,464:INFO:youtube:Created thumbnail urls image to base64 object
2022-09-07 13:41:35,980:INFO:youtube:Data inserted in mongodb
2022-09-07 13:42:02,172:INFO:youtube:Created thumbnail urls image to base64 object
2022-09-07 13:42:15,782:INFO:youtube:Data inserted in mongodb
2022-09-07 13:42:48,676:INFO:youtube:Created thumbnail urls image to base64 object
2022-09-07 13:43:02,428:INFO:youtube:Data inserted in mongodb
2022-09-07 13:43:32,233:INFO:youtube:Created thumbnail urls image to base64 object
2022-09-07 13:43:46,155:INFO:youtube:Data inserted in mongodb
2022-09-07 13:44:23,612:INFO:youtube:Created thumbnail urls image to base64 object
2022-09-07 13:44:37,452:INFO:youtube:Data inserted in mongodb
2022-09-07 13:45:23,710:INFO:youtube:Created thumbnail urls image to base64 object
2022-09-07 13:45:37,341:INFO:youtube:Data inserted in mongodb
2022-09-07 13:45:46,076:INFO:youtube:Connection Success
2022-09-07 13:45:46,076:INFO:youtube:Stored each video comments in Mongodb
2022-09-07 13:45:46,085:INFO:youtube:search_ID: Telusko 
2022-09-07 13:45:46,795:INFO:youtube:sql select top 30 * from CHANNEL_VIDEOS where USERID = 'Telusko';
2022-09-07 13:45:47,702:INFO:youtube:sql select * from VIDEO_INFO where USERID = 'Telusko';
2022-09-07 13:53:17,916:INFO:youtube:Connected with snowflakes
2022-09-07 13:53:18,641:INFO:youtube:sql select * from CHANNEL_VIDEOS where USERID = 'krishnaik06';
2022-09-07 13:53:35,727:INFO:youtube:Open the URL
2022-09-07 13:53:36,839:INFO:youtube:Video deleted in local folder
2022-09-07 13:53:36,953:INFO:youtube:service created successfully drive
2022-09-07 13:53:36,954:INFO:youtube:Created G Drive connector
2022-09-07 13:53:43,759:INFO:youtube:Uploaded file to https://drive.google.com/open?id=1xgRfs2L3VuieAiR9T-eAQrBryLfl_QzH
2022-09-07 13:53:43,759:INFO:youtube:Video Uploaded in G Drive: https://drive.google.com/open?id=1xgRfs2L3VuieAiR9T-eAQrBryLfl_QzH
2022-09-07 13:53:45,823:INFO:youtube:Downloading video Full Stack Data Science Bootcamp 2.0 With Job Guaranteed Course Announcement
2022-09-07 13:53:46,332:INFO:youtube:Already Uploaded file to https://drive.google.com/open?id=1E6uLb8JD-0EvFqUEhzKKLN1NElmYg7f8
2022-09-07 13:53:46,332:INFO:youtube:Video Uploaded in G Drive: https://drive.google.com/open?id=1E6uLb8JD-0EvFqUEhzKKLN1NElmYg7f8
2022-09-07 13:53:49,427:INFO:youtube:Downloading video Messages From Our Students -Teachers Day@Telusko @MySirG.com @Hitesh Choudhary @Mahatmaji Technical
2022-09-07 13:53:49,931:INFO:youtube:Already Uploaded file to https://drive.google.com/open?id=1qZaxcLEjjUMGuWPKzgG6H54sKESysrzT
2022-09-07 13:53:49,931:INFO:youtube:Video Uploaded in G Drive: https://drive.google.com/open?id=1qZaxcLEjjUMGuWPKzgG6H54sKESysrzT
2022-09-07 13:53:55,093:INFO:youtube:Downloading video Neuro Lab Launch Celebration- Live 7PM
2022-09-07 13:53:55,576:INFO:youtube:Already Uploaded file to https://drive.google.com/open?id=1Aga1d7lJaTS4rM5HCumxXr1Q4g4Vxnvp
2022-09-07 13:53:55,576:INFO:youtube:Video Uploaded in G Drive: https://drive.google.com/open?id=1Aga1d7lJaTS4rM5HCumxXr1Q4g4Vxnvp
2022-09-07 13:53:58,722:INFO:youtube:Downloading video Announcing NeuroLab- World's First Free Community Coding Platform Ft: @iNeuron Intelligence
2022-09-07 13:53:59,212:INFO:youtube:Already Uploaded file to https://drive.google.com/open?id=1lHigs-DV8pF_GacXkkI8LndeGB32Wack
2022-09-07 13:53:59,212:INFO:youtube:Video Uploaded in G Drive: https://drive.google.com/open?id=1lHigs-DV8pF_GacXkkI8LndeGB32Wack
2022-09-07 13:54:01,512:INFO:youtube:Downloading video Complete RoadMap To Learn Computer Vision
2022-09-07 13:54:02,022:INFO:youtube:Already Uploaded file to https://drive.google.com/open?id=1_1z0GJhL5ncWkTzuYd06G6ytocpphVbK
2022-09-07 13:54:02,023:INFO:youtube:Video Uploaded in G Drive: https://drive.google.com/open?id=1_1z0GJhL5ncWkTzuYd06G6ytocpphVbK
2022-09-07 13:54:04,573:INFO:youtube:Downloading video Hyperparameter Tuning Using Machine Learning Pipelines
2022-09-07 13:54:05,040:INFO:youtube:Already Uploaded file to https://drive.google.com/open?id=1Xc-ckrSr4YWZ4at_7wzp4g_5r7-TSAq2
2022-09-07 13:54:05,041:INFO:youtube:Video Uploaded in G Drive: https://drive.google.com/open?id=1Xc-ckrSr4YWZ4at_7wzp4g_5r7-TSAq2
2022-09-07 13:54:07,807:INFO:youtube:Downloading video Solve this Data Science Interview Question From Product Based Company
2022-09-07 13:54:08,282:INFO:youtube:Already Uploaded file to https://drive.google.com/open?id=1B45BZ2uouuujLV4w1JGGb6GFwb3KolVv
2022-09-07 13:54:08,282:INFO:youtube:Video Uploaded in G Drive: https://drive.google.com/open?id=1B45BZ2uouuujLV4w1JGGb6GFwb3KolVv
2022-09-07 13:54:20,130:INFO:youtube:Downloading video FAANG Interview DSA Series-Heap Sort,Binary Tree,Min Heap and Max Heap Tree AND Interview Questions
2022-09-07 13:54:20,638:INFO:youtube:Already Uploaded file to https://drive.google.com/open?id=11EQI3uWq976EMoiUrviAxyA3WUOVHoa1
2022-09-07 13:54:20,638:INFO:youtube:Video Uploaded in G Drive: https://drive.google.com/open?id=11EQI3uWq976EMoiUrviAxyA3WUOVHoa1
2022-09-07 13:54:25,800:INFO:youtube:Downloading video Implementing Machine Learninng Pipelines USsing Sklearn And Python
2022-09-07 13:54:26,328:INFO:youtube:Already Uploaded file to https://drive.google.com/open?id=1xVTY_pVue3XOh-wN21zVqQGbO5RUenIR
2022-09-07 13:54:26,328:INFO:youtube:Video Uploaded in G Drive: https://drive.google.com/open?id=1xVTY_pVue3XOh-wN21zVqQGbO5RUenIR
2022-09-07 13:54:35,001:INFO:youtube:Downloading video FAANG DSA Series-Discussing Sorting Algorithms-Selection, Bubble and Insertion Sort- Ft Priya Bhatia
2022-09-07 13:54:35,556:INFO:youtube:Already Uploaded file to https://drive.google.com/open?id=1FcKl9F_cNrCjxHPa2tQgTE70WZ8b7NLM
2022-09-07 13:54:35,556:INFO:youtube:Video Uploaded in G Drive: https://drive.google.com/open?id=1FcKl9F_cNrCjxHPa2tQgTE70WZ8b7NLM
2022-09-07 13:54:51,876:INFO:youtube:Downloading video End To End Machine Learning Project Implementation With Dockers,Github Actions And Deployment
2022-09-07 13:54:52,532:INFO:youtube:Already Uploaded file to https://drive.google.com/open?id=1Z2ii1QKl6ZC2Zalp3gbssyMm5wEqDn8W
2022-09-07 13:54:52,532:INFO:youtube:Video Uploaded in G Drive: https://drive.google.com/open?id=1Z2ii1QKl6ZC2Zalp3gbssyMm5wEqDn8W
2022-09-07 13:54:55,479:INFO:youtube:Downloading video How To Prepare And Overcome Fear In Maths For Data Science- Follow This Approach
2022-09-07 13:54:55,968:INFO:youtube:Already Uploaded file to https://drive.google.com/open?id=1z8cTt9_zznC-eyWNLMhuJTsvfsfH3iqs
2022-09-07 13:54:55,968:INFO:youtube:Video Uploaded in G Drive: https://drive.google.com/open?id=1z8cTt9_zznC-eyWNLMhuJTsvfsfH3iqs
2022-09-07 13:55:06,001:INFO:youtube:Downloading video DSA-Discussing All Search Algorithms With Interview Based Questions- Ft: Priya Bhatia
2022-09-07 13:55:06,502:INFO:youtube:Already Uploaded file to https://drive.google.com/open?id=1PJcss_4VVq2WFNrYebqdiDTDX2XfHogB
2022-09-07 13:55:06,502:INFO:youtube:Video Uploaded in G Drive: https://drive.google.com/open?id=1PJcss_4VVq2WFNrYebqdiDTDX2XfHogB
2022-09-07 13:55:08,783:INFO:youtube:Downloading video Trackersheet That Can Make You From Zero To HERO In Data Science
2022-09-07 13:55:09,282:INFO:youtube:Already Uploaded file to https://drive.google.com/open?id=14XJXhwQg5FF2dYuO0QA4Q8y5cRN8ypRX
2022-09-07 13:55:09,283:INFO:youtube:Video Uploaded in G Drive: https://drive.google.com/open?id=14XJXhwQg5FF2dYuO0QA4Q8y5cRN8ypRX
2022-09-07 13:55:11,844:INFO:youtube:Downloading video Cracking Data Science Interview Is Easy By This Approach!! Solve this Problem
2022-09-07 13:55:12,389:INFO:youtube:Already Uploaded file to https://drive.google.com/open?id=1Nsk2e2RXIwej993XjSVK4Bj-Qdyl0h84
2022-09-07 13:55:12,389:INFO:youtube:Video Uploaded in G Drive: https://drive.google.com/open?id=1Nsk2e2RXIwej993XjSVK4Bj-Qdyl0h84
2022-09-07 13:55:14,845:INFO:youtube:Downloading video Just Watch!!
2022-09-07 13:55:15,402:INFO:youtube:Already Uploaded file to https://drive.google.com/open?id=1UWygVpjpUFZqM1mqkEizJUlSErh1pyem
2022-09-07 13:55:15,403:INFO:youtube:Video Uploaded in G Drive: https://drive.google.com/open?id=1UWygVpjpUFZqM1mqkEizJUlSErh1pyem
2022-09-07 13:55:17,252:INFO:youtube:Downloading video Meet My Son Krishiv Naik @Krishiv Naik Vlogs
2022-09-07 13:55:17,767:INFO:youtube:Already Uploaded file to https://drive.google.com/open?id=1leAGLDAOIivHLH0Bxco_alkWJ4Akrl-6
2022-09-07 13:55:17,767:INFO:youtube:Video Uploaded in G Drive: https://drive.google.com/open?id=1leAGLDAOIivHLH0Bxco_alkWJ4Akrl-6
2022-09-07 13:55:19,223:INFO:youtube:Downloading video Biral Video- Too Much Automation #shorts
2022-09-07 13:55:19,677:INFO:youtube:Already Uploaded file to https://drive.google.com/open?id=1D45h8REbCNAntp-88BrE8rEo2HdVMqxh
2022-09-07 13:55:19,677:INFO:youtube:Video Uploaded in G Drive: https://drive.google.com/open?id=1D45h8REbCNAntp-88BrE8rEo2HdVMqxh
2022-09-07 13:55:21,883:INFO:youtube:Downloading video Quick CheatSheet To Prepare For Statistics For Data Analyst And Data Scientist
2022-09-07 13:55:22,578:INFO:youtube:Already Uploaded file to https://drive.google.com/open?id=1Q1gr579YO7vRo1al6KWJvgHjOCx7IdTd
2022-09-07 13:55:22,578:INFO:youtube:Video Uploaded in G Drive: https://drive.google.com/open?id=1Q1gr579YO7vRo1al6KWJvgHjOCx7IdTd
2022-09-07 13:55:25,285:INFO:youtube:Downloading video How To Get 1cr Data Scientist Package?
2022-09-07 13:55:25,833:INFO:youtube:Already Uploaded file to https://drive.google.com/open?id=1GT2dZpW1LWUFlTWzUuXBIkXvkXGLu9PV
2022-09-07 13:55:25,834:INFO:youtube:Video Uploaded in G Drive: https://drive.google.com/open?id=1GT2dZpW1LWUFlTWzUuXBIkXvkXGLu9PV
2022-09-07 13:55:30,153:INFO:youtube:Downloading video Data Science Mock Interview iNeuron FSDS Batch With Feedbacks
2022-09-07 13:55:30,670:INFO:youtube:Already Uploaded file to https://drive.google.com/open?id=1Epp8bWvMtelLY6rVT3tC1g1KOauqHO_z
2022-09-07 13:55:30,670:INFO:youtube:Video Uploaded in G Drive: https://drive.google.com/open?id=1Epp8bWvMtelLY6rVT3tC1g1KOauqHO_z
2022-09-07 13:55:33,976:INFO:youtube:Downloading video Use This Way Of Training Machine Learning Models For Efficiency
2022-09-07 13:55:34,484:INFO:youtube:Already Uploaded file to https://drive.google.com/open?id=1V1gw5kns2hMcxS5GxBlKytSyzd2vig2n
2022-09-07 13:55:34,484:INFO:youtube:Video Uploaded in G Drive: https://drive.google.com/open?id=1V1gw5kns2hMcxS5GxBlKytSyzd2vig2n
2022-09-07 13:55:37,060:INFO:youtube:Downloading video 3 Months Updated RoadMap To Learn Machine Learning With Videos And Materials
2022-09-07 13:55:37,598:INFO:youtube:Already Uploaded file to https://drive.google.com/open?id=16puTQWMRxvUXV5Gs12cnjy3MrdJGAULT
2022-09-07 13:55:37,599:INFO:youtube:Video Uploaded in G Drive: https://drive.google.com/open?id=16puTQWMRxvUXV5Gs12cnjy3MrdJGAULT
2022-09-07 13:55:44,965:INFO:youtube:Downloading video Day 11-Advance NLP Series-Bidirectional LSTM Intuition And Implementation Deep Learning|Krish Naik
2022-09-07 13:55:45,609:INFO:youtube:Already Uploaded file to https://drive.google.com/open?id=13a9x73q-VDDilNcpDPTTiN7GE54x-IZ8
2022-09-07 13:55:45,609:INFO:youtube:Video Uploaded in G Drive: https://drive.google.com/open?id=13a9x73q-VDDilNcpDPTTiN7GE54x-IZ8
2022-09-07 13:55:47,395:INFO:youtube:Downloading video Huge Announcement-Access 250+ Recorded And Live Tech Courses For Lifetime-Limited Offer
2022-09-07 13:55:47,896:INFO:youtube:Already Uploaded file to https://drive.google.com/open?id=1_xci-mHWiNDz8YuacTx1cYC42AMJRvW6
2022-09-07 13:55:47,896:INFO:youtube:Video Uploaded in G Drive: https://drive.google.com/open?id=1_xci-mHWiNDz8YuacTx1cYC42AMJRvW6
2022-09-07 13:55:50,144:INFO:youtube:Downloading video Visualizing High Dimension Data Using UMAP Is A Piece Of Cake Now
2022-09-07 13:55:50,684:INFO:youtube:Already Uploaded file to https://drive.google.com/open?id=10p8xdcip3oHTx2xTWxXNb9z3R7vIz8Jv
2022-09-07 13:55:50,684:INFO:youtube:Video Uploaded in G Drive: https://drive.google.com/open?id=10p8xdcip3oHTx2xTWxXNb9z3R7vIz8Jv
2022-09-07 13:55:54,506:INFO:youtube:Downloading video This Independence Day- Huge Announcement- Lifetime Offer  Tech Neuron
2022-09-07 13:55:54,999:INFO:youtube:Already Uploaded file to https://drive.google.com/open?id=167ev-QwZzBba0SGyArLHtg4tjME5pVLq
2022-09-07 13:55:55,000:INFO:youtube:Video Uploaded in G Drive: https://drive.google.com/open?id=167ev-QwZzBba0SGyArLHtg4tjME5pVLq
2022-09-07 13:55:58,246:INFO:youtube:Downloading video Advance NLP Series Announcement- Happy 76th Independence Day
2022-09-07 13:55:58,716:INFO:youtube:Already Uploaded file to https://drive.google.com/open?id=1S7kycYdMVHhuLjl8QJtluqob5tNr5iVs
2022-09-07 13:55:58,716:INFO:youtube:Video Uploaded in G Drive: https://drive.google.com/open?id=1S7kycYdMVHhuLjl8QJtluqob5tNr5iVs
2022-09-07 13:56:01,255:INFO:youtube:Downloading video DSA Series-Lets Become a Pro In Queues Data Structures
2022-09-07 13:56:01,863:INFO:youtube:Already Uploaded file to https://drive.google.com/open?id=1kYocSyWbywyCve1TIWTb-VQ74mcLCAWt
2022-09-07 13:56:01,863:INFO:youtube:Video Uploaded in G Drive: https://drive.google.com/open?id=1kYocSyWbywyCve1TIWTb-VQ74mcLCAWt
2022-09-07 13:56:01,865:INFO:youtube:Stored channel name and video details in database
2022-09-07 13:56:05,871:INFO:youtube:Connection Success
2022-09-07 13:56:05,871:INFO:youtube:Stored each video details in database
2022-09-07 13:56:05,871:INFO:youtube:Urls: ['/watch?v=dPARXQO8dkw', '/watch?v=tpXu2DnK9HA', '/watch?v=58RsdQXG0IA', '/watch?v=COTMO2sYJh0', '/watch?v=oUlAJe4Tp8o', '/watch?v=jLcuVu5xdDo', '/watch?v=82fPl5l0vXY', '/watch?v=bDJkMOvhAmc', '/watch?v=AxALCZMo01Y', '/watch?v=HZ9MUzCRlzI', '/watch?v=h9pB1RaTa2U', '/watch?v=MJ1vWb1rGwM', '/watch?v=Pp6CO2_YEDE', '/watch?v=-se8_ESCUTQ', '/watch?v=qJJEf6p8xH0', '/watch?v=VC2BL_ChGeg', '/watch?v=C0KW4MvNbIQ', '/watch?v=JneXvhlJW_k', '/shorts/uXEg8TF-2ZA', '/watch?v=ITyGQpyMV_w', '/watch?v=8-tyWaOFBPU', '/watch?v=uwQYAH5MC8c', '/watch?v=7uLzGRlXXDw', '/watch?v=9di4_ZJqawU', '/watch?v=gFwr2KxZ1pc', '/watch?v=g9o4_ua2Gv0', '/watch?v=015vL0cJfA0', '/watch?v=ceJyWSgiiIA', '/watch?v=gfvil_XC-kE', '/watch?v=k2pofjdxkZ8']
2022-09-07 13:56:39,241:INFO:youtube:Created thumbnail urls image to base64 object
2022-09-07 13:56:52,827:INFO:youtube:Data inserted in mongodb
2022-09-07 13:57:31,713:INFO:youtube:Created thumbnail urls image to base64 object
2022-09-07 13:57:45,202:INFO:youtube:Data inserted in mongodb
2022-09-07 13:58:08,572:INFO:youtube:Created thumbnail urls image to base64 object
2022-09-07 13:58:22,288:INFO:youtube:Data inserted in mongodb
2022-09-07 13:59:08,988:INFO:youtube:Created thumbnail urls image to base64 object
2022-09-07 13:59:22,921:INFO:youtube:Data inserted in mongodb
2022-09-07 14:00:45,659:INFO:youtube:Created thumbnail urls image to base64 object
2022-09-07 14:00:59,194:INFO:youtube:Data inserted in mongodb
2022-09-07 14:01:32,260:INFO:youtube:Created thumbnail urls image to base64 object
2022-09-07 14:01:45,880:INFO:youtube:Data inserted in mongodb
2022-09-07 14:02:12,261:INFO:youtube:Created thumbnail urls image to base64 object
2022-09-07 14:02:25,613:INFO:youtube:Data inserted in mongodb
2022-09-07 14:02:53,022:INFO:youtube:Created thumbnail urls image to base64 object
2022-09-07 14:03:06,447:INFO:youtube:Data inserted in mongodb
2022-09-07 14:03:28,650:INFO:youtube:Created thumbnail urls image to base64 object
2022-09-07 14:03:41,979:INFO:youtube:Data inserted in mongodb
2022-09-07 14:04:19,015:INFO:youtube:Created thumbnail urls image to base64 object
2022-09-07 14:04:32,603:INFO:youtube:Data inserted in mongodb
2022-09-07 14:05:01,364:INFO:youtube:Created thumbnail urls image to base64 object
2022-09-07 14:05:14,854:INFO:youtube:Data inserted in mongodb
2022-09-07 14:05:59,242:INFO:youtube:Created thumbnail urls image to base64 object
2022-09-07 14:06:12,763:INFO:youtube:Data inserted in mongodb
2022-09-07 14:06:40,130:INFO:youtube:Created thumbnail urls image to base64 object
2022-09-07 14:06:53,804:INFO:youtube:Data inserted in mongodb
2022-09-07 14:07:18,117:INFO:youtube:Created thumbnail urls image to base64 object
2022-09-07 14:07:31,650:INFO:youtube:Data inserted in mongodb
2022-09-07 14:08:03,260:INFO:youtube:Created thumbnail urls image to base64 object
2022-09-07 14:08:16,766:INFO:youtube:Data inserted in mongodb
2022-09-07 14:08:50,926:INFO:youtube:Created thumbnail urls image to base64 object
2022-09-07 14:09:04,267:INFO:youtube:Data inserted in mongodb
2022-09-07 14:09:55,211:INFO:youtube:Created thumbnail urls image to base64 object
2022-09-07 14:10:08,921:INFO:youtube:Data inserted in mongodb
2022-09-07 14:12:43,109:INFO:youtube:Created thumbnail urls image to base64 object
2022-09-07 14:12:56,422:INFO:youtube:Data inserted in mongodb
2022-09-07 14:13:41,988:INFO:youtube:Created thumbnail urls image to base64 object
2022-09-07 14:13:55,393:INFO:youtube:Data inserted in mongodb
2022-09-07 14:16:03,950:INFO:youtube:Created thumbnail urls image to base64 object
2022-09-07 14:16:17,522:INFO:youtube:Data inserted in mongodb
2022-09-07 14:16:45,711:INFO:youtube:Created thumbnail urls image to base64 object
2022-09-07 14:16:59,044:INFO:youtube:Data inserted in mongodb
2022-09-07 14:17:44,978:INFO:youtube:Created thumbnail urls image to base64 object
2022-09-07 14:17:58,500:INFO:youtube:Data inserted in mongodb
2022-09-07 14:18:39,258:INFO:youtube:Created thumbnail urls image to base64 object
2022-09-07 14:18:52,845:INFO:youtube:Data inserted in mongodb
2022-09-07 14:19:25,897:INFO:youtube:Created thumbnail urls image to base64 object
2022-09-07 14:19:39,172:INFO:youtube:Data inserted in mongodb
2022-09-07 14:20:15,877:INFO:youtube:Created thumbnail urls image to base64 object
2022-09-07 14:20:29,507:INFO:youtube:Data inserted in mongodb
2022-09-07 14:21:00,014:INFO:youtube:Created thumbnail urls image to base64 object
2022-09-07 14:21:13,390:INFO:youtube:Data inserted in mongodb
2022-09-07 14:21:49,833:INFO:youtube:Created thumbnail urls image to base64 object
2022-09-07 14:22:03,428:INFO:youtube:Data inserted in mongodb
2022-09-07 14:22:53,872:INFO:youtube:Created thumbnail urls image to base64 object
2022-09-07 14:23:07,337:INFO:youtube:Data inserted in mongodb
2022-09-07 14:23:31,696:INFO:youtube:Created thumbnail urls image to base64 object
2022-09-07 14:23:45,011:INFO:youtube:Data inserted in mongodb
2022-09-07 14:23:52,123:INFO:youtube:Connection Success
2022-09-07 14:23:52,123:INFO:youtube:Stored each video comments in Mongodb
2022-09-07 14:23:52,134:INFO:youtube:search_ID: krishnaik06 
2022-09-07 14:23:53,007:INFO:youtube:sql select top 30 * from CHANNEL_VIDEOS where USERID = 'krishnaik06';
2022-09-07 14:23:54,134:INFO:youtube:sql select * from VIDEO_INFO where USERID = 'krishnaik06';
2022-09-07 18:12:00,823:INFO:youtube:Connected with snowflakes
2022-09-07 18:12:01,951:INFO:youtube:Connected with snowflakes.
2022-09-07 18:12:01,951:INFO:youtube:sql select * from CHANNEL_VIDEOS where USERID = 'saurabhexponent1';
2022-09-07 18:12:12,785:INFO:youtube:Open the URL
2022-09-07 18:12:13,727:INFO:youtube:Video deleted in local folder
2022-09-07 18:12:14,100:INFO:youtube:service created successfully drive
2022-09-07 18:12:14,100:INFO:youtube:Created G Drive connector
2022-09-07 18:12:22,496:INFO:youtube:Downloading video Meet My Teacher | Teacher's Day Special | @UCd-HN6ZBWIFJdG6KSLATd6g
2022-09-07 18:12:23,613:INFO:youtube:Already Uploaded file to https://drive.google.com/open?id=156hM5q3q7R1MZ0oXhTkYTcd5v9IAkggP
2022-09-07 18:12:23,613:INFO:youtube:Video Uploaded in G Drive: https://drive.google.com/open?id=156hM5q3q7R1MZ0oXhTkYTcd5v9IAkggP
2022-09-07 18:12:31,199:INFO:youtube:Downloading video Teacher's Day Special Announcement | Offers | Neuro Labs | New Batch
2022-09-07 18:12:31,770:INFO:youtube:Already Uploaded file to https://drive.google.com/open?id=14m4VyRr7_cZRVaCn81wCIu-V-KZsaPvU
2022-09-07 18:12:31,770:INFO:youtube:Video Uploaded in G Drive: https://drive.google.com/open?id=14m4VyRr7_cZRVaCn81wCIu-V-KZsaPvU
2022-09-07 18:12:34,271:INFO:youtube:Downloading video Best Programming Course in Hindi
2022-09-07 18:12:34,801:INFO:youtube:Already Uploaded file to https://drive.google.com/open?id=1nijSakQsi2V3IE566sE8_P9dJCEASxQI
2022-09-07 18:12:34,801:INFO:youtube:Video Uploaded in G Drive: https://drive.google.com/open?id=1nijSakQsi2V3IE566sE8_P9dJCEASxQI
2022-09-07 18:12:36,410:INFO:youtube:Downloading video Tum kaun ho?
2022-09-07 18:12:39,192:INFO:youtube:Uploaded file to https://drive.google.com/open?id=1ikMgLENs30g1-KFbEj_eJfI3aSm5TeXz
2022-09-07 18:12:39,192:INFO:youtube:Video Uploaded in G Drive: https://drive.google.com/open?id=1ikMgLENs30g1-KFbEj_eJfI3aSm5TeXz
2022-09-07 18:12:45,602:INFO:youtube:Downloading video Number Shifting Game Project in C
2022-09-07 18:12:54,350:INFO:youtube:Uploaded file to https://drive.google.com/open?id=1-YZDLEcTzuVOrLxTXdgqUuLNvwciYyaK
2022-09-07 18:12:54,350:INFO:youtube:Video Uploaded in G Drive: https://drive.google.com/open?id=1-YZDLEcTzuVOrLxTXdgqUuLNvwciYyaK
2022-09-07 18:13:04,629:INFO:youtube:Downloading video Introduction to C++ and OOP (Bootcamp Batch LIVE)
2022-09-07 18:13:16,192:INFO:youtube:Uploaded file to https://drive.google.com/open?id=1Gh-kCfI4wMRKKMomG0bvNz9AECKfZ8N4
2022-09-07 18:13:16,193:INFO:youtube:Video Uploaded in G Drive: https://drive.google.com/open?id=1Gh-kCfI4wMRKKMomG0bvNz9AECKfZ8N4
2022-09-07 18:13:21,305:INFO:youtube:Downloading video MySirG Gift on Independence Day | Jai Hind
2022-09-07 18:13:29,065:INFO:youtube:Uploaded file to https://drive.google.com/open?id=1ExdBdQ4VUOgs0G9GQHwAk5mu7TDxnMQF
2022-09-07 18:13:29,066:INFO:youtube:Video Uploaded in G Drive: https://drive.google.com/open?id=1ExdBdQ4VUOgs0G9GQHwAk5mu7TDxnMQF
2022-09-07 18:13:42,893:INFO:youtube:Downloading video Loops in Python | LIVE Community Classes | MySirG
2022-09-07 18:13:53,325:INFO:youtube:Uploaded file to https://drive.google.com/open?id=1UuTBizCYRFs1qnoxcjcBRm8wPtm9UgL1
2022-09-07 18:13:53,325:INFO:youtube:Video Uploaded in G Drive: https://drive.google.com/open?id=1UuTBizCYRFs1qnoxcjcBRm8wPtm9UgL1
2022-09-07 18:13:55,109:INFO:youtube:Downloading video Yeh channel dekha kya?
2022-09-07 18:13:57,351:INFO:youtube:Uploaded file to https://drive.google.com/open?id=1SmlGysJpIRcM9_TTKTwiP1uxthv8u5ik
2022-09-07 18:13:57,352:INFO:youtube:Video Uploaded in G Drive: https://drive.google.com/open?id=1SmlGysJpIRcM9_TTKTwiP1uxthv8u5ik
2022-09-07 18:14:02,984:INFO:youtube:Downloading video Decision Control in Python | LIVE Community Classes | MySirG
2022-09-07 18:14:10,342:INFO:youtube:Uploaded file to https://drive.google.com/open?id=1_-zRQ9rFNjf--TyQIyjctbd2U2V7RW9h
2022-09-07 18:14:10,342:INFO:youtube:Video Uploaded in G Drive: https://drive.google.com/open?id=1_-zRQ9rFNjf--TyQIyjctbd2U2V7RW9h
2022-09-07 18:14:18,540:INFO:youtube:Downloading video Keywords, Operators and User input in Python | LIVE Community Classes | MySirG
2022-09-07 18:14:26,845:INFO:youtube:Uploaded file to https://drive.google.com/open?id=1xm84in7BDD0vBfkq6Ja6Z8Bi1fV5yNH3
2022-09-07 18:14:26,846:INFO:youtube:Video Uploaded in G Drive: https://drive.google.com/open?id=1xm84in7BDD0vBfkq6Ja6Z8Bi1fV5yNH3
2022-09-07 18:14:32,617:INFO:youtube:Downloading video Variables and Types in Python | LIVE Community Classes | MySirG
2022-09-07 18:14:40,774:INFO:youtube:Uploaded file to https://drive.google.com/open?id=1Qiro0-L-XyR1w4v4TtW0f5R_X0R3_69X
2022-09-07 18:14:40,775:INFO:youtube:Video Uploaded in G Drive: https://drive.google.com/open?id=1Qiro0-L-XyR1w4v4TtW0f5R_X0R3_69X
2022-09-07 18:14:50,901:INFO:youtube:Downloading video Introduction to Python | LIVE Community Classes | MySirG
2022-09-07 18:14:57,933:INFO:youtube:Uploaded file to https://drive.google.com/open?id=1sj38Cm1db8kmqKpleUVEuovode3GNNJI
2022-09-07 18:14:57,934:INFO:youtube:Video Uploaded in G Drive: https://drive.google.com/open?id=1sj38Cm1db8kmqKpleUVEuovode3GNNJI
2022-09-07 18:15:04,779:INFO:youtube:Downloading video Pointers in C Language | Community Classes | LIVE | MySirG
2022-09-07 18:15:13,754:INFO:youtube:Uploaded file to https://drive.google.com/open?id=1hV1uts8FcULFywRMs3hV8xpPFzlA-FNn
2022-09-07 18:15:13,754:INFO:youtube:Video Uploaded in G Drive: https://drive.google.com/open?id=1hV1uts8FcULFywRMs3hV8xpPFzlA-FNn
2022-09-07 18:15:24,809:INFO:youtube:Downloading video Strings in C Language | Community Classes | LIVE | MySirG
2022-09-07 18:15:35,860:INFO:youtube:Uploaded file to https://drive.google.com/open?id=1D1sJdjlDX4SCayK8psCt45EOpyGve4Jp
2022-09-07 18:15:35,861:INFO:youtube:Video Uploaded in G Drive: https://drive.google.com/open?id=1D1sJdjlDX4SCayK8psCt45EOpyGve4Jp
2022-09-07 18:15:43,844:INFO:youtube:Downloading video Arrays in C Language | Community Classes | LIVE | MySirG
2022-09-07 18:15:53,869:INFO:youtube:Uploaded file to https://drive.google.com/open?id=1MT6YvWthV21oZchNr72rSDTDS5Pr-SuG
2022-09-07 18:15:53,869:INFO:youtube:Video Uploaded in G Drive: https://drive.google.com/open?id=1MT6YvWthV21oZchNr72rSDTDS5Pr-SuG
2022-09-07 18:16:17,304:INFO:youtube:Downloading video Recursion in C Language | Community Classes | LIVE | MySirG
2022-09-07 18:16:26,973:INFO:youtube:Uploaded file to https://drive.google.com/open?id=1Uvs-1Euq00QyWxHUw-fR8EowabJsWurd
2022-09-07 18:16:26,973:INFO:youtube:Video Uploaded in G Drive: https://drive.google.com/open?id=1Uvs-1Euq00QyWxHUw-fR8EowabJsWurd
2022-09-07 18:16:34,302:INFO:youtube:Downloading video Functions in C Language | Community Classes | LIVE | MySirG
2022-09-07 18:16:43,758:INFO:youtube:Uploaded file to https://drive.google.com/open?id=12tc_Yx7cnEE7bsOZyMeJ3J9n3N5GyGQI
2022-09-07 18:16:43,759:INFO:youtube:Video Uploaded in G Drive: https://drive.google.com/open?id=12tc_Yx7cnEE7bsOZyMeJ3J9n3N5GyGQI
2022-09-07 18:16:47,959:INFO:youtube:Downloading video How @Rohit Negi cracked 2 Crore package? | MySirG Family
2022-09-07 18:16:53,469:INFO:youtube:Uploaded file to https://drive.google.com/open?id=1M-r33JW-DOIi_FcY3Iui5_fyY50oSVwT
2022-09-07 18:16:53,538:INFO:youtube:Video Uploaded in G Drive: https://drive.google.com/open?id=1M-r33JW-DOIi_FcY3Iui5_fyY50oSVwT
2022-09-07 18:17:02,370:INFO:youtube:Downloading video C Language | Assignment Solution Day-5 | Community Classes | LIVE | MySirG
2022-09-07 18:17:10,790:INFO:youtube:Uploaded file to https://drive.google.com/open?id=134lslFIOasymTraWNw3DtiHj6Q_j_6KT
2022-09-07 18:17:10,790:INFO:youtube:Video Uploaded in G Drive: https://drive.google.com/open?id=134lslFIOasymTraWNw3DtiHj6Q_j_6KT
2022-09-07 18:17:18,041:INFO:youtube:Downloading video Hackathon se LIVE
2022-09-07 18:17:28,063:INFO:youtube:Uploaded file to https://drive.google.com/open?id=1IL24ZabVeQtaXPB5bQt0ns_lA3OSIDQq
2022-09-07 18:17:28,063:INFO:youtube:Video Uploaded in G Drive: https://drive.google.com/open?id=1IL24ZabVeQtaXPB5bQt0ns_lA3OSIDQq
2022-09-07 18:17:37,668:INFO:youtube:Downloading video Blockchain Hackathon LIVE
2022-09-07 18:17:48,584:INFO:youtube:Uploaded file to https://drive.google.com/open?id=1rsHQw4pYs9sUaQX_oQGz5BjR1ElC_77t
2022-09-07 18:17:48,584:INFO:youtube:Video Uploaded in G Drive: https://drive.google.com/open?id=1rsHQw4pYs9sUaQX_oQGz5BjR1ElC_77t
2022-09-07 18:17:54,922:INFO:youtube:Downloading video C Language | Assignment Solution Day-4 | Community Classes | LIVE | MySirG
2022-09-07 18:18:00,061:INFO:youtube:Uploaded file to https://drive.google.com/open?id=1m0i_e699Zfw0-pyRyXrkSwLdYgeypiBg
2022-09-07 18:18:00,167:INFO:youtube:Video Uploaded in G Drive: https://drive.google.com/open?id=1m0i_e699Zfw0-pyRyXrkSwLdYgeypiBg
2022-09-07 18:18:02,357:INFO:youtube:Downloading video Free Entry in Blockchain Hackathon | @iNeuron Intelligence@Neo Smart Economy @Telusko
2022-09-07 18:18:05,441:INFO:youtube:Uploaded file to https://drive.google.com/open?id=15xTX5_El9vbicHoE4oJ226PtdZ79OG-x
2022-09-07 18:18:05,442:INFO:youtube:Video Uploaded in G Drive: https://drive.google.com/open?id=15xTX5_El9vbicHoE4oJ226PtdZ79OG-x
2022-09-07 18:18:11,493:INFO:youtube:Downloading video C Language | Assignment Solution Day-3 | Community Classes | LIVE | MySirG
2022-09-07 18:18:19,281:INFO:youtube:Uploaded file to https://drive.google.com/open?id=1XZBB1P8oBnT6aJC_nW1ZI69m-taxe_HV
2022-09-07 18:18:19,486:INFO:youtube:Video Uploaded in G Drive: https://drive.google.com/open?id=1XZBB1P8oBnT6aJC_nW1ZI69m-taxe_HV
2022-09-07 18:18:22,159:INFO:youtube:Downloading video Full Stack Web Development using Python | LIVE class in Hindi
2022-09-07 18:18:25,180:INFO:youtube:Uploaded file to https://drive.google.com/open?id=1tP8N486UkuBAMUmxbrydsZ_hXAOeP-UQ
2022-09-07 18:18:25,181:INFO:youtube:Video Uploaded in G Drive: https://drive.google.com/open?id=1tP8N486UkuBAMUmxbrydsZ_hXAOeP-UQ
2022-09-07 18:18:38,416:INFO:youtube:Downloading video C Language | Assignment Solution Day-2 | Community Classes | LIVE | MySirG
2022-09-07 18:18:45,916:INFO:youtube:Uploaded file to https://drive.google.com/open?id=1LKXqJ20DvjpTL-XQqAqJlaxDvKC0tTcu
2022-09-07 18:18:45,917:INFO:youtube:Video Uploaded in G Drive: https://drive.google.com/open?id=1LKXqJ20DvjpTL-XQqAqJlaxDvKC0tTcu
2022-09-07 18:18:52,976:INFO:youtube:Downloading video C Language | Assignment Solution Day-1 | Community Classes | LIVE | MySirG
2022-09-07 18:19:01,266:INFO:youtube:Uploaded file to https://drive.google.com/open?id=19j1L4-ssSpUj6rGEkduTSfhgAEp86XP4
2022-09-07 18:19:01,266:INFO:youtube:Video Uploaded in G Drive: https://drive.google.com/open?id=19j1L4-ssSpUj6rGEkduTSfhgAEp86XP4
2022-09-07 18:19:07,368:INFO:youtube:Downloading video MySirG ki LIVE classes     @iNeuron Intelligence 
2022-09-07 18:19:14,562:INFO:youtube:Uploaded file to https://drive.google.com/open?id=1U2ql4-Nz9pzGvJvU0LsHZUla0-hOXeZB
2022-09-07 18:19:14,563:INFO:youtube:Video Uploaded in G Drive: https://drive.google.com/open?id=1U2ql4-Nz9pzGvJvU0LsHZUla0-hOXeZB
2022-09-07 18:19:22,465:INFO:youtube:Downloading video Switch Case Control in C Language | Community LIVE Class | Day-13
2022-09-07 18:19:28,445:INFO:youtube:Uploaded file to https://drive.google.com/open?id=1ep3FdGeHqsKZDBlWD0TpkmL605QwLUQw
2022-09-07 18:19:28,446:INFO:youtube:Video Uploaded in G Drive: https://drive.google.com/open?id=1ep3FdGeHqsKZDBlWD0TpkmL605QwLUQw
2022-09-07 18:19:28,449:INFO:youtube:Stored channel name and video details in database
2022-09-07 18:19:29,317:INFO:youtube:Connected with snowflakes.
2022-09-07 18:19:36,426:INFO:youtube:Successfully inserted Data in CHANNEL_VIDEOS
2022-09-07 18:19:36,426:INFO:youtube:Stored each video details in database
2022-09-07 18:19:36,427:INFO:youtube:Urls: ['/watch?v=DjxFTs4ZuU8', '/watch?v=uJesWe403HM', '/watch?v=PPRlWvX3f9Y', '/shorts/mLvdnHKY220', '/watch?v=5mbQuIr6f8o', '/watch?v=PTlNfIaSGus', '/watch?v=AwmhL1N8QEE', '/watch?v=KFZ3Eftp8lo', '/shorts/qgNnf1GMLxc', '/watch?v=-Po6d6Zm3cE', '/watch?v=2D7uw4ghr88', '/watch?v=ppKaxLop79c', '/watch?v=MpEldU7Z_Wc', '/watch?v=QaBLikVYeWI', '/watch?v=0li7LVo0Zfc', '/watch?v=LBLoa3btyVw', '/watch?v=E8LZZUC_2g0', '/watch?v=8yJFzfYMk30', '/watch?v=oHzGUSprgMY', '/watch?v=FGOXKUFlZL0', '/watch?v=L0PohILU8Oo', '/watch?v=yLcx9aGpFNU', '/watch?v=N8H6BRPbuLQ', '/watch?v=TPqgL5YcToQ', '/watch?v=y1vtmwd3ccY', '/watch?v=KNTz0N10lzg', '/watch?v=h6qXQ7DHcgE', '/watch?v=2sgAzyYkS1g', '/watch?v=-n5D8rMUhBM', '/watch?v=zVB2ZR6RpzM']
2022-09-07 18:20:19,131:INFO:youtube:Created thumbnail urls image to base64 object
2022-09-07 18:20:32,748:INFO:youtube:Data inserted in mongodb
2022-09-07 18:21:17,366:INFO:youtube:Created thumbnail urls image to base64 object
2022-09-07 18:21:30,662:INFO:youtube:Data inserted in mongodb
2022-09-07 18:23:12,769:INFO:youtube:Created thumbnail urls image to base64 object
2022-09-07 18:23:26,203:INFO:youtube:Data inserted in mongodb
2022-09-07 18:24:03,360:INFO:youtube:Created thumbnail urls image to base64 object
2022-09-07 18:24:16,796:INFO:youtube:Data inserted in mongodb
2022-09-07 18:25:00,719:INFO:youtube:Created thumbnail urls image to base64 object
2022-09-07 18:25:14,466:INFO:youtube:Data inserted in mongodb
2022-09-07 18:26:19,047:INFO:youtube:Created thumbnail urls image to base64 object
2022-09-07 18:26:32,501:INFO:youtube:Data inserted in mongodb
2022-09-07 18:27:06,326:INFO:youtube:Created thumbnail urls image to base64 object
2022-09-07 18:27:20,291:INFO:youtube:Data inserted in mongodb
2022-09-07 18:27:48,342:INFO:youtube:Created thumbnail urls image to base64 object
2022-09-07 18:28:01,755:INFO:youtube:Data inserted in mongodb
2022-09-07 18:28:33,269:INFO:youtube:Created thumbnail urls image to base64 object
2022-09-07 18:28:46,699:INFO:youtube:Data inserted in mongodb
2022-09-07 18:29:13,969:INFO:youtube:Created thumbnail urls image to base64 object
2022-09-07 18:29:27,494:INFO:youtube:Data inserted in mongodb
2022-09-07 18:30:26,405:INFO:youtube:Created thumbnail urls image to base64 object
2022-09-07 18:30:39,848:INFO:youtube:Data inserted in mongodb
2022-09-07 18:31:28,367:INFO:youtube:Created thumbnail urls image to base64 object
2022-09-07 18:31:42,107:INFO:youtube:Data inserted in mongodb
2022-09-07 18:32:14,183:INFO:youtube:Created thumbnail urls image to base64 object
2022-09-07 18:32:27,739:INFO:youtube:Data inserted in mongodb
2022-09-07 18:32:56,712:INFO:youtube:Created thumbnail urls image to base64 object
2022-09-07 18:33:10,545:INFO:youtube:Data inserted in mongodb
2022-09-07 18:33:47,779:INFO:youtube:Created thumbnail urls image to base64 object
2022-09-07 18:34:01,301:INFO:youtube:Data inserted in mongodb
2022-09-07 18:34:45,986:INFO:youtube:Created thumbnail urls image to base64 object
2022-09-07 18:34:59,467:INFO:youtube:Data inserted in mongodb
2022-09-07 18:36:38,309:INFO:youtube:Created thumbnail urls image to base64 object
2022-09-07 18:36:51,778:INFO:youtube:Data inserted in mongodb
2022-09-07 18:37:21,219:INFO:youtube:Created thumbnail urls image to base64 object
2022-09-07 18:37:34,895:INFO:youtube:Data inserted in mongodb
2022-09-07 18:38:06,553:INFO:youtube:Created thumbnail urls image to base64 object
2022-09-07 18:38:20,105:INFO:youtube:Data inserted in mongodb
2022-09-07 18:38:56,671:INFO:youtube:Created thumbnail urls image to base64 object
2022-09-07 18:39:10,245:INFO:youtube:Data inserted in mongodb
2022-09-07 18:39:46,493:INFO:youtube:Created thumbnail urls image to base64 object
2022-09-07 18:40:00,234:INFO:youtube:Data inserted in mongodb
2022-09-07 18:40:30,021:INFO:youtube:Created thumbnail urls image to base64 object
2022-09-07 18:40:43,590:INFO:youtube:Data inserted in mongodb
2022-09-07 18:41:14,917:INFO:youtube:Created thumbnail urls image to base64 object
2022-09-07 18:41:28,482:INFO:youtube:Data inserted in mongodb
2022-09-07 18:42:49,123:INFO:youtube:Created thumbnail urls image to base64 object
2022-09-07 18:43:02,569:INFO:youtube:Data inserted in mongodb
2022-09-07 18:43:35,627:INFO:youtube:Created thumbnail urls image to base64 object
2022-09-07 18:43:49,215:INFO:youtube:Data inserted in mongodb
2022-09-07 18:44:23,736:INFO:youtube:Created thumbnail urls image to base64 object
2022-09-07 18:44:37,551:INFO:youtube:Data inserted in mongodb
2022-09-07 18:46:52,844:INFO:youtube:Created thumbnail urls image to base64 object
2022-09-07 18:47:06,783:INFO:youtube:Data inserted in mongodb
2022-09-07 18:48:23,917:INFO:youtube:Created thumbnail urls image to base64 object
2022-09-07 18:48:37,597:INFO:youtube:Data inserted in mongodb
2022-09-07 18:48:41,511:INFO:youtube:Connected with snowflakes.
2022-09-07 18:48:41,908:ERROR:youtube:Error! ('Could not convert <function YoutubeScrapper.likes_count at 0x00000198A2CF4820> with type function: did not recognize Python value type when inferring an Arrow data type', 'Conversion failed for column LIKES with type object')
2022-09-07 18:48:50,663:ERROR:youtube:Traceback (most recent call last):
  File "E:\Python_Work\Python_Exercise\Python_Exercise\ineuron\Project\final_version_youtuveScrapper\snowflakes_connection.py", line 97, in insert_data
    success, nchunks, nrows, _ = write_pandas(
  File "E:\Python_Work\Python_Exercise\Python_Exercise\ineuron\Project\final_version_youtuveScrapper\venv\lib\site-packages\snowflake\connector\pandas_tools.py", line 186, in write_pandas
    chunk.to_parquet(chunk_path, compression=compression)
  File "E:\Python_Work\Python_Exercise\Python_Exercise\ineuron\Project\final_version_youtuveScrapper\venv\lib\site-packages\pandas\util\_decorators.py", line 207, in wrapper
    return func(*args, **kwargs)
  File "E:\Python_Work\Python_Exercise\Python_Exercise\ineuron\Project\final_version_youtuveScrapper\venv\lib\site-packages\pandas\core\frame.py", line 2835, in to_parquet
    return to_parquet(
  File "E:\Python_Work\Python_Exercise\Python_Exercise\ineuron\Project\final_version_youtuveScrapper\venv\lib\site-packages\pandas\io\parquet.py", line 420, in to_parquet
    impl.write(
  File "E:\Python_Work\Python_Exercise\Python_Exercise\ineuron\Project\final_version_youtuveScrapper\venv\lib\site-packages\pandas\io\parquet.py", line 174, in write
    table = self.api.Table.from_pandas(df, **from_pandas_kwargs)
  File "pyarrow\table.pxi", line 3457, in pyarrow.lib.Table.from_pandas
  File "E:\Python_Work\Python_Exercise\Python_Exercise\ineuron\Project\final_version_youtuveScrapper\venv\lib\site-packages\pyarrow\pandas_compat.py", line 607, in dataframe_to_arrays
    arrays[i] = maybe_fut.result()
  File "C:\Users\anush\AppData\Local\Programs\Python\Python39\lib\concurrent\futures\_base.py", line 438, in result
    return self.__get_result()
  File "C:\Users\anush\AppData\Local\Programs\Python\Python39\lib\concurrent\futures\_base.py", line 390, in __get_result
    raise self._exception
  File "C:\Users\anush\AppData\Local\Programs\Python\Python39\lib\concurrent\futures\thread.py", line 52, in run
    result = self.fn(*self.args, **self.kwargs)
  File "E:\Python_Work\Python_Exercise\Python_Exercise\ineuron\Project\final_version_youtuveScrapper\venv\lib\site-packages\pyarrow\pandas_compat.py", line 581, in convert_column
    raise e
  File "E:\Python_Work\Python_Exercise\Python_Exercise\ineuron\Project\final_version_youtuveScrapper\venv\lib\site-packages\pyarrow\pandas_compat.py", line 575, in convert_column
    result = pa.array(col, type=type_, from_pandas=True, safe=safe)
  File "pyarrow\array.pxi", line 312, in pyarrow.lib.array
  File "pyarrow\array.pxi", line 83, in pyarrow.lib._ndarray_to_array
  File "pyarrow\error.pxi", line 100, in pyarrow.lib.check_status
pyarrow.lib.ArrowInvalid: ('Could not convert <function YoutubeScrapper.likes_count at 0x00000198A2CF4820> with type function: did not recognize Python value type when inferring an Arrow data type', 'Conversion failed for column LIKES with type object')

2022-09-07 18:48:50,663:INFO:youtube:Stored each video comments in Mongodb
2022-09-07 18:48:50,745:INFO:youtube:search_id: saurabhexponent1 
2022-09-07 18:48:51,517:INFO:youtube:Connected with snowflakes.
2022-09-07 18:48:51,517:INFO:youtube:sql select top 30 * from CHANNEL_VIDEOS where USERID = 'saurabhexponent1';
2022-09-07 18:48:53,120:INFO:youtube:Connected with snowflakes.
2022-09-07 18:48:53,120:INFO:youtube:sql select * from VIDEO_INFO where USERID = 'saurabhexponent1';
2022-09-07 19:19:22,627:INFO:youtube:Connected with snowflakes
2022-09-07 19:19:27,793:INFO:youtube:Connected with snowflakes.
2022-09-07 19:19:27,793:INFO:youtube:sql select * from CHANNEL_VIDEOS where USERID = 'saurabhexponent1';
2022-09-07 19:19:51,304:INFO:youtube:Open the URL
2022-09-07 19:19:52,304:INFO:youtube:Video deleted in local folder
2022-09-07 19:19:52,541:INFO:youtube:service created successfully drive
2022-09-07 19:19:52,541:INFO:youtube:Created G Drive connector
2022-09-07 19:20:01,759:INFO:youtube:Downloading video Meet My Teacher | Teacher's Day Special | @UCd-HN6ZBWIFJdG6KSLATd6g
2022-09-07 19:20:02,535:INFO:youtube:Already Uploaded file to https://drive.google.com/open?id=156hM5q3q7R1MZ0oXhTkYTcd5v9IAkggP
2022-09-07 19:20:02,536:INFO:youtube:Video Uploaded in G Drive: https://drive.google.com/open?id=156hM5q3q7R1MZ0oXhTkYTcd5v9IAkggP
2022-09-07 19:20:11,712:INFO:youtube:Downloading video Teacher's Day Special Announcement | Offers | Neuro Labs | New Batch
2022-09-07 19:20:12,356:INFO:youtube:Already Uploaded file to https://drive.google.com/open?id=14m4VyRr7_cZRVaCn81wCIu-V-KZsaPvU
2022-09-07 19:20:12,357:INFO:youtube:Video Uploaded in G Drive: https://drive.google.com/open?id=14m4VyRr7_cZRVaCn81wCIu-V-KZsaPvU
2022-09-07 19:20:14,941:INFO:youtube:Downloading video Best Programming Course in Hindi
2022-09-07 19:20:15,627:INFO:youtube:Already Uploaded file to https://drive.google.com/open?id=1nijSakQsi2V3IE566sE8_P9dJCEASxQI
2022-09-07 19:20:15,628:INFO:youtube:Video Uploaded in G Drive: https://drive.google.com/open?id=1nijSakQsi2V3IE566sE8_P9dJCEASxQI
2022-09-07 19:20:17,181:INFO:youtube:Downloading video Tum kaun ho?
2022-09-07 19:20:17,798:INFO:youtube:Already Uploaded file to https://drive.google.com/open?id=1ikMgLENs30g1-KFbEj_eJfI3aSm5TeXz
2022-09-07 19:20:17,799:INFO:youtube:Video Uploaded in G Drive: https://drive.google.com/open?id=1ikMgLENs30g1-KFbEj_eJfI3aSm5TeXz
2022-09-07 19:20:25,076:INFO:youtube:Downloading video Number Shifting Game Project in C
2022-09-07 19:20:25,601:INFO:youtube:Already Uploaded file to https://drive.google.com/open?id=1-YZDLEcTzuVOrLxTXdgqUuLNvwciYyaK
2022-09-07 19:20:25,601:INFO:youtube:Video Uploaded in G Drive: https://drive.google.com/open?id=1-YZDLEcTzuVOrLxTXdgqUuLNvwciYyaK
2022-09-07 19:20:35,902:INFO:youtube:Downloading video Introduction to C++ and OOP (Bootcamp Batch LIVE)
2022-09-07 19:20:36,453:INFO:youtube:Already Uploaded file to https://drive.google.com/open?id=1Gh-kCfI4wMRKKMomG0bvNz9AECKfZ8N4
2022-09-07 19:20:36,453:INFO:youtube:Video Uploaded in G Drive: https://drive.google.com/open?id=1Gh-kCfI4wMRKKMomG0bvNz9AECKfZ8N4
2022-09-07 19:20:42,458:INFO:youtube:Downloading video MySirG Gift on Independence Day | Jai Hind
2022-09-07 19:20:43,056:INFO:youtube:Already Uploaded file to https://drive.google.com/open?id=1ExdBdQ4VUOgs0G9GQHwAk5mu7TDxnMQF
2022-09-07 19:20:43,056:INFO:youtube:Video Uploaded in G Drive: https://drive.google.com/open?id=1ExdBdQ4VUOgs0G9GQHwAk5mu7TDxnMQF
2022-09-07 19:20:52,331:INFO:youtube:Downloading video Loops in Python | LIVE Community Classes | MySirG
2022-09-07 19:20:52,882:INFO:youtube:Already Uploaded file to https://drive.google.com/open?id=1UuTBizCYRFs1qnoxcjcBRm8wPtm9UgL1
2022-09-07 19:20:52,882:INFO:youtube:Video Uploaded in G Drive: https://drive.google.com/open?id=1UuTBizCYRFs1qnoxcjcBRm8wPtm9UgL1
2022-09-07 19:20:54,539:INFO:youtube:Downloading video Yeh channel dekha kya?
2022-09-07 19:20:55,119:INFO:youtube:Already Uploaded file to https://drive.google.com/open?id=1SmlGysJpIRcM9_TTKTwiP1uxthv8u5ik
2022-09-07 19:20:55,120:INFO:youtube:Video Uploaded in G Drive: https://drive.google.com/open?id=1SmlGysJpIRcM9_TTKTwiP1uxthv8u5ik
2022-09-07 19:21:02,051:INFO:youtube:Downloading video Decision Control in Python | LIVE Community Classes | MySirG
2022-09-07 19:21:02,635:INFO:youtube:Already Uploaded file to https://drive.google.com/open?id=1_-zRQ9rFNjf--TyQIyjctbd2U2V7RW9h
2022-09-07 19:21:02,635:INFO:youtube:Video Uploaded in G Drive: https://drive.google.com/open?id=1_-zRQ9rFNjf--TyQIyjctbd2U2V7RW9h
2022-09-07 19:21:10,020:INFO:youtube:Downloading video Keywords, Operators and User input in Python | LIVE Community Classes | MySirG
2022-09-07 19:21:10,576:INFO:youtube:Already Uploaded file to https://drive.google.com/open?id=1xm84in7BDD0vBfkq6Ja6Z8Bi1fV5yNH3
2022-09-07 19:21:10,576:INFO:youtube:Video Uploaded in G Drive: https://drive.google.com/open?id=1xm84in7BDD0vBfkq6Ja6Z8Bi1fV5yNH3
2022-09-07 19:21:17,172:INFO:youtube:Downloading video Variables and Types in Python | LIVE Community Classes | MySirG
2022-09-07 19:21:17,765:INFO:youtube:Already Uploaded file to https://drive.google.com/open?id=1Qiro0-L-XyR1w4v4TtW0f5R_X0R3_69X
2022-09-07 19:21:17,766:INFO:youtube:Video Uploaded in G Drive: https://drive.google.com/open?id=1Qiro0-L-XyR1w4v4TtW0f5R_X0R3_69X
2022-09-07 19:21:24,731:INFO:youtube:Downloading video Introduction to Python | LIVE Community Classes | MySirG
2022-09-07 19:21:25,326:INFO:youtube:Already Uploaded file to https://drive.google.com/open?id=1sj38Cm1db8kmqKpleUVEuovode3GNNJI
2022-09-07 19:21:25,327:INFO:youtube:Video Uploaded in G Drive: https://drive.google.com/open?id=1sj38Cm1db8kmqKpleUVEuovode3GNNJI
2022-09-07 19:21:32,998:INFO:youtube:Downloading video Pointers in C Language | Community Classes | LIVE | MySirG
2022-09-07 19:21:33,574:INFO:youtube:Already Uploaded file to https://drive.google.com/open?id=1hV1uts8FcULFywRMs3hV8xpPFzlA-FNn
2022-09-07 19:21:33,574:INFO:youtube:Video Uploaded in G Drive: https://drive.google.com/open?id=1hV1uts8FcULFywRMs3hV8xpPFzlA-FNn
2022-09-07 19:21:42,711:INFO:youtube:Downloading video Strings in C Language | Community Classes | LIVE | MySirG
2022-09-07 19:21:43,250:INFO:youtube:Already Uploaded file to https://drive.google.com/open?id=1D1sJdjlDX4SCayK8psCt45EOpyGve4Jp
2022-09-07 19:21:43,250:INFO:youtube:Video Uploaded in G Drive: https://drive.google.com/open?id=1D1sJdjlDX4SCayK8psCt45EOpyGve4Jp
2022-09-07 19:21:52,322:INFO:youtube:Downloading video Arrays in C Language | Community Classes | LIVE | MySirG
2022-09-07 19:21:52,878:INFO:youtube:Already Uploaded file to https://drive.google.com/open?id=1MT6YvWthV21oZchNr72rSDTDS5Pr-SuG
2022-09-07 19:21:52,878:INFO:youtube:Video Uploaded in G Drive: https://drive.google.com/open?id=1MT6YvWthV21oZchNr72rSDTDS5Pr-SuG
2022-09-07 19:22:01,017:INFO:youtube:Downloading video Recursion in C Language | Community Classes | LIVE | MySirG
2022-09-07 19:22:01,601:INFO:youtube:Already Uploaded file to https://drive.google.com/open?id=1Uvs-1Euq00QyWxHUw-fR8EowabJsWurd
2022-09-07 19:22:01,602:INFO:youtube:Video Uploaded in G Drive: https://drive.google.com/open?id=1Uvs-1Euq00QyWxHUw-fR8EowabJsWurd
2022-09-07 19:22:09,344:INFO:youtube:Downloading video Functions in C Language | Community Classes | LIVE | MySirG
2022-09-07 19:22:09,911:INFO:youtube:Already Uploaded file to https://drive.google.com/open?id=12tc_Yx7cnEE7bsOZyMeJ3J9n3N5GyGQI
2022-09-07 19:22:09,911:INFO:youtube:Video Uploaded in G Drive: https://drive.google.com/open?id=12tc_Yx7cnEE7bsOZyMeJ3J9n3N5GyGQI
2022-09-07 19:22:14,377:INFO:youtube:Downloading video How @Rohit Negi cracked 2 Crore package? | MySirG Family
2022-09-07 19:22:14,917:INFO:youtube:Already Uploaded file to https://drive.google.com/open?id=1M-r33JW-DOIi_FcY3Iui5_fyY50oSVwT
2022-09-07 19:22:14,917:INFO:youtube:Video Uploaded in G Drive: https://drive.google.com/open?id=1M-r33JW-DOIi_FcY3Iui5_fyY50oSVwT
2022-09-07 19:22:22,178:INFO:youtube:Downloading video C Language | Assignment Solution Day-5 | Community Classes | LIVE | MySirG
2022-09-07 19:22:22,717:INFO:youtube:Already Uploaded file to https://drive.google.com/open?id=134lslFIOasymTraWNw3DtiHj6Q_j_6KT
2022-09-07 19:22:22,717:INFO:youtube:Video Uploaded in G Drive: https://drive.google.com/open?id=134lslFIOasymTraWNw3DtiHj6Q_j_6KT
2022-09-07 19:22:31,173:INFO:youtube:Downloading video Hackathon se LIVE
2022-09-07 19:22:31,740:INFO:youtube:Already Uploaded file to https://drive.google.com/open?id=1IL24ZabVeQtaXPB5bQt0ns_lA3OSIDQq
2022-09-07 19:22:31,740:INFO:youtube:Video Uploaded in G Drive: https://drive.google.com/open?id=1IL24ZabVeQtaXPB5bQt0ns_lA3OSIDQq
2022-09-07 19:22:40,883:INFO:youtube:Downloading video Blockchain Hackathon LIVE
2022-09-07 19:22:41,476:INFO:youtube:Already Uploaded file to https://drive.google.com/open?id=1rsHQw4pYs9sUaQX_oQGz5BjR1ElC_77t
2022-09-07 19:22:41,476:INFO:youtube:Video Uploaded in G Drive: https://drive.google.com/open?id=1rsHQw4pYs9sUaQX_oQGz5BjR1ElC_77t
2022-09-07 19:22:45,736:INFO:youtube:Downloading video C Language | Assignment Solution Day-4 | Community Classes | LIVE | MySirG
2022-09-07 19:22:46,376:INFO:youtube:Already Uploaded file to https://drive.google.com/open?id=1m0i_e699Zfw0-pyRyXrkSwLdYgeypiBg
2022-09-07 19:22:46,376:INFO:youtube:Video Uploaded in G Drive: https://drive.google.com/open?id=1m0i_e699Zfw0-pyRyXrkSwLdYgeypiBg
2022-09-07 19:22:49,392:INFO:youtube:Downloading video Free Entry in Blockchain Hackathon | @iNeuron Intelligence@Neo Smart Economy @Telusko
2022-09-07 19:22:49,934:INFO:youtube:Already Uploaded file to https://drive.google.com/open?id=15xTX5_El9vbicHoE4oJ226PtdZ79OG-x
2022-09-07 19:22:49,934:INFO:youtube:Video Uploaded in G Drive: https://drive.google.com/open?id=15xTX5_El9vbicHoE4oJ226PtdZ79OG-x
2022-09-07 19:22:57,151:INFO:youtube:Downloading video C Language | Assignment Solution Day-3 | Community Classes | LIVE | MySirG
2022-09-07 19:22:57,704:INFO:youtube:Already Uploaded file to https://drive.google.com/open?id=1XZBB1P8oBnT6aJC_nW1ZI69m-taxe_HV
2022-09-07 19:22:57,704:INFO:youtube:Video Uploaded in G Drive: https://drive.google.com/open?id=1XZBB1P8oBnT6aJC_nW1ZI69m-taxe_HV
2022-09-07 19:23:01,219:INFO:youtube:Downloading video Full Stack Web Development using Python | LIVE class in Hindi
2022-09-07 19:23:01,829:INFO:youtube:Already Uploaded file to https://drive.google.com/open?id=1tP8N486UkuBAMUmxbrydsZ_hXAOeP-UQ
2022-09-07 19:23:01,829:INFO:youtube:Video Uploaded in G Drive: https://drive.google.com/open?id=1tP8N486UkuBAMUmxbrydsZ_hXAOeP-UQ
2022-09-07 19:23:08,038:INFO:youtube:Downloading video C Language | Assignment Solution Day-2 | Community Classes | LIVE | MySirG
2022-09-07 19:23:08,708:INFO:youtube:Already Uploaded file to https://drive.google.com/open?id=1LKXqJ20DvjpTL-XQqAqJlaxDvKC0tTcu
2022-09-07 19:23:08,708:INFO:youtube:Video Uploaded in G Drive: https://drive.google.com/open?id=1LKXqJ20DvjpTL-XQqAqJlaxDvKC0tTcu
2022-09-07 19:23:16,000:INFO:youtube:Downloading video C Language | Assignment Solution Day-1 | Community Classes | LIVE | MySirG
2022-09-07 19:23:16,611:INFO:youtube:Already Uploaded file to https://drive.google.com/open?id=19j1L4-ssSpUj6rGEkduTSfhgAEp86XP4
2022-09-07 19:23:16,612:INFO:youtube:Video Uploaded in G Drive: https://drive.google.com/open?id=19j1L4-ssSpUj6rGEkduTSfhgAEp86XP4
2022-09-07 19:23:23,163:INFO:youtube:Downloading video MySirG ki LIVE classes     @iNeuron Intelligence 
2022-09-07 19:23:23,757:INFO:youtube:Already Uploaded file to https://drive.google.com/open?id=1U2ql4-Nz9pzGvJvU0LsHZUla0-hOXeZB
2022-09-07 19:23:23,757:INFO:youtube:Video Uploaded in G Drive: https://drive.google.com/open?id=1U2ql4-Nz9pzGvJvU0LsHZUla0-hOXeZB
2022-09-07 19:23:28,882:INFO:youtube:Downloading video Switch Case Control in C Language | Community LIVE Class | Day-13
2022-09-07 19:23:29,416:INFO:youtube:Already Uploaded file to https://drive.google.com/open?id=1ep3FdGeHqsKZDBlWD0TpkmL605QwLUQw
2022-09-07 19:23:29,416:INFO:youtube:Video Uploaded in G Drive: https://drive.google.com/open?id=1ep3FdGeHqsKZDBlWD0TpkmL605QwLUQw
2022-09-07 19:23:29,418:INFO:youtube:Stored channel name and video details in database
2022-09-07 19:23:29,980:INFO:youtube:Connected with snowflakes.
2022-09-07 19:23:34,249:INFO:youtube:Successfully inserted Data in CHANNEL_VIDEOS
2022-09-07 19:23:34,250:INFO:youtube:Stored each video details in database
2022-09-07 19:23:34,250:INFO:youtube:Urls: ['/watch?v=DjxFTs4ZuU8', '/watch?v=uJesWe403HM', '/watch?v=PPRlWvX3f9Y', '/shorts/mLvdnHKY220', '/watch?v=5mbQuIr6f8o', '/watch?v=PTlNfIaSGus', '/watch?v=AwmhL1N8QEE', '/watch?v=KFZ3Eftp8lo', '/shorts/qgNnf1GMLxc', '/watch?v=-Po6d6Zm3cE', '/watch?v=2D7uw4ghr88', '/watch?v=ppKaxLop79c', '/watch?v=MpEldU7Z_Wc', '/watch?v=QaBLikVYeWI', '/watch?v=0li7LVo0Zfc', '/watch?v=LBLoa3btyVw', '/watch?v=E8LZZUC_2g0', '/watch?v=8yJFzfYMk30', '/watch?v=oHzGUSprgMY', '/watch?v=FGOXKUFlZL0', '/watch?v=L0PohILU8Oo', '/watch?v=yLcx9aGpFNU', '/watch?v=N8H6BRPbuLQ', '/watch?v=TPqgL5YcToQ', '/watch?v=y1vtmwd3ccY', '/watch?v=KNTz0N10lzg', '/watch?v=h6qXQ7DHcgE', '/watch?v=2sgAzyYkS1g', '/watch?v=-n5D8rMUhBM', '/watch?v=zVB2ZR6RpzM']
2022-09-07 19:24:21,949:ERROR:youtube:Error! likes_count() missing 1 required positional argument: 'soup'
2022-09-07 19:24:22,005:ERROR:youtube:Traceback (most recent call last):
  File "E:\Python_Work\Python_Exercise\Python_Exercise\ineuron\Project\final_version_youtuveScrapper\youtube_scrapping.py", line 187, in video_info
    no_of_likes = self.likes_count()
TypeError: likes_count() missing 1 required positional argument: 'soup'

2022-09-07 19:24:22,466:INFO:youtube:Connected with snowflakes.
2022-09-07 19:24:22,467:ERROR:youtube:Error! object of type 'NoneType' has no len()
2022-09-07 19:24:22,505:ERROR:youtube:Traceback (most recent call last):
  File "E:\Python_Work\Python_Exercise\Python_Exercise\ineuron\Project\final_version_youtuveScrapper\snowflakes_connection.py", line 97, in insert_data
    success, nchunks, nrows, _ = write_pandas(
  File "E:\Python_Work\Python_Exercise\Python_Exercise\ineuron\Project\final_version_youtuveScrapper\venv\lib\site-packages\snowflake\connector\pandas_tools.py", line 162, in write_pandas
    chunk_size = len(df)
TypeError: object of type 'NoneType' has no len()

2022-09-07 19:24:22,505:INFO:youtube:Stored each video comments in Mongodb
2022-09-07 19:24:25,065:INFO:youtube:search_id: saurabhexponent1 
2022-09-07 19:24:25,633:INFO:youtube:Connected with snowflakes.
2022-09-07 19:24:25,633:INFO:youtube:sql select top 30 * from CHANNEL_VIDEOS where USERID = 'saurabhexponent1';
2022-09-07 19:24:26,834:INFO:youtube:Connected with snowflakes.
2022-09-07 19:24:26,834:INFO:youtube:sql select * from VIDEO_INFO where USERID = 'saurabhexponent1';
2022-09-07 19:39:18,943:INFO:youtube:search_id: saurabhexponent1 
2022-09-07 19:39:19,557:INFO:youtube:Connected with snowflakes.
2022-09-07 19:39:19,557:INFO:youtube:sql select top 30 * from CHANNEL_VIDEOS where USERID = 'saurabhexponent1';
2022-09-07 19:39:20,239:INFO:youtube:Connected with snowflakes.
2022-09-07 19:39:20,239:INFO:youtube:sql select * from VIDEO_INFO where USERID = 'saurabhexponent1';
2022-09-07 19:50:21,115:INFO:youtube:Connected with snowflakes
2022-09-07 19:50:22,382:INFO:youtube:Connected with snowflakes.
2022-09-07 19:50:22,383:INFO:youtube:sql select * from CHANNEL_VIDEOS where USERID = 'saurabhexponent1';
2022-09-07 19:50:37,353:INFO:youtube:Open the URL
2022-09-07 19:50:38,553:INFO:youtube:Video deleted in local folder
2022-09-07 19:50:38,783:INFO:youtube:service created successfully drive
2022-09-07 19:50:38,783:INFO:youtube:Created G Drive connector
2022-09-07 19:50:48,329:INFO:youtube:Downloading video Meet My Teacher | Teacher's Day Special | @UCd-HN6ZBWIFJdG6KSLATd6g
2022-09-07 19:50:49,074:INFO:youtube:Already Uploaded file to https://drive.google.com/open?id=156hM5q3q7R1MZ0oXhTkYTcd5v9IAkggP
2022-09-07 19:50:49,074:INFO:youtube:Video Uploaded in G Drive: https://drive.google.com/open?id=156hM5q3q7R1MZ0oXhTkYTcd5v9IAkggP
2022-09-07 19:50:56,093:INFO:youtube:Downloading video Teacher's Day Special Announcement | Offers | Neuro Labs | New Batch
2022-09-07 19:50:56,673:INFO:youtube:Already Uploaded file to https://drive.google.com/open?id=14m4VyRr7_cZRVaCn81wCIu-V-KZsaPvU
2022-09-07 19:50:56,673:INFO:youtube:Video Uploaded in G Drive: https://drive.google.com/open?id=14m4VyRr7_cZRVaCn81wCIu-V-KZsaPvU
2022-09-07 19:51:00,705:INFO:youtube:Downloading video Best Programming Course in Hindi
2022-09-07 19:51:01,246:INFO:youtube:Already Uploaded file to https://drive.google.com/open?id=1nijSakQsi2V3IE566sE8_P9dJCEASxQI
2022-09-07 19:51:01,246:INFO:youtube:Video Uploaded in G Drive: https://drive.google.com/open?id=1nijSakQsi2V3IE566sE8_P9dJCEASxQI
2022-09-07 19:51:02,759:INFO:youtube:Downloading video Tum kaun ho?
2022-09-07 19:51:03,334:INFO:youtube:Already Uploaded file to https://drive.google.com/open?id=1ikMgLENs30g1-KFbEj_eJfI3aSm5TeXz
2022-09-07 19:51:03,335:INFO:youtube:Video Uploaded in G Drive: https://drive.google.com/open?id=1ikMgLENs30g1-KFbEj_eJfI3aSm5TeXz
2022-09-07 19:51:09,399:INFO:youtube:Downloading video Number Shifting Game Project in C
2022-09-07 19:51:09,958:INFO:youtube:Already Uploaded file to https://drive.google.com/open?id=1-YZDLEcTzuVOrLxTXdgqUuLNvwciYyaK
2022-09-07 19:51:09,958:INFO:youtube:Video Uploaded in G Drive: https://drive.google.com/open?id=1-YZDLEcTzuVOrLxTXdgqUuLNvwciYyaK
2022-09-07 19:51:21,611:INFO:youtube:Downloading video Introduction to C++ and OOP (Bootcamp Batch LIVE)
2022-09-07 19:51:22,218:INFO:youtube:Already Uploaded file to https://drive.google.com/open?id=1Gh-kCfI4wMRKKMomG0bvNz9AECKfZ8N4
2022-09-07 19:51:22,218:INFO:youtube:Video Uploaded in G Drive: https://drive.google.com/open?id=1Gh-kCfI4wMRKKMomG0bvNz9AECKfZ8N4
2022-09-07 19:51:27,419:INFO:youtube:Downloading video MySirG Gift on Independence Day | Jai Hind
2022-09-07 19:51:28,097:INFO:youtube:Already Uploaded file to https://drive.google.com/open?id=1ExdBdQ4VUOgs0G9GQHwAk5mu7TDxnMQF
2022-09-07 19:51:28,098:INFO:youtube:Video Uploaded in G Drive: https://drive.google.com/open?id=1ExdBdQ4VUOgs0G9GQHwAk5mu7TDxnMQF
2022-09-07 19:51:35,989:INFO:youtube:Downloading video Loops in Python | LIVE Community Classes | MySirG
2022-09-07 19:51:36,594:INFO:youtube:Already Uploaded file to https://drive.google.com/open?id=1UuTBizCYRFs1qnoxcjcBRm8wPtm9UgL1
2022-09-07 19:51:36,594:INFO:youtube:Video Uploaded in G Drive: https://drive.google.com/open?id=1UuTBizCYRFs1qnoxcjcBRm8wPtm9UgL1
2022-09-07 19:51:38,482:INFO:youtube:Downloading video Yeh channel dekha kya?
2022-09-07 19:51:39,050:INFO:youtube:Already Uploaded file to https://drive.google.com/open?id=1SmlGysJpIRcM9_TTKTwiP1uxthv8u5ik
2022-09-07 19:51:39,050:INFO:youtube:Video Uploaded in G Drive: https://drive.google.com/open?id=1SmlGysJpIRcM9_TTKTwiP1uxthv8u5ik
2022-09-07 19:51:46,111:INFO:youtube:Downloading video Decision Control in Python | LIVE Community Classes | MySirG
2022-09-07 19:51:46,730:INFO:youtube:Already Uploaded file to https://drive.google.com/open?id=1_-zRQ9rFNjf--TyQIyjctbd2U2V7RW9h
2022-09-07 19:51:46,730:INFO:youtube:Video Uploaded in G Drive: https://drive.google.com/open?id=1_-zRQ9rFNjf--TyQIyjctbd2U2V7RW9h
2022-09-07 19:51:53,824:INFO:youtube:Downloading video Keywords, Operators and User input in Python | LIVE Community Classes | MySirG
2022-09-07 19:51:54,405:INFO:youtube:Already Uploaded file to https://drive.google.com/open?id=1xm84in7BDD0vBfkq6Ja6Z8Bi1fV5yNH3
2022-09-07 19:51:54,405:INFO:youtube:Video Uploaded in G Drive: https://drive.google.com/open?id=1xm84in7BDD0vBfkq6Ja6Z8Bi1fV5yNH3
2022-09-07 19:52:05,220:INFO:youtube:Downloading video Variables and Types in Python | LIVE Community Classes | MySirG
2022-09-07 19:52:05,867:INFO:youtube:Already Uploaded file to https://drive.google.com/open?id=1Qiro0-L-XyR1w4v4TtW0f5R_X0R3_69X
2022-09-07 19:52:05,868:INFO:youtube:Video Uploaded in G Drive: https://drive.google.com/open?id=1Qiro0-L-XyR1w4v4TtW0f5R_X0R3_69X
2022-09-07 19:52:13,584:INFO:youtube:Downloading video Introduction to Python | LIVE Community Classes | MySirG
2022-09-07 19:52:14,198:INFO:youtube:Already Uploaded file to https://drive.google.com/open?id=1sj38Cm1db8kmqKpleUVEuovode3GNNJI
2022-09-07 19:52:14,198:INFO:youtube:Video Uploaded in G Drive: https://drive.google.com/open?id=1sj38Cm1db8kmqKpleUVEuovode3GNNJI
2022-09-07 19:52:20,533:INFO:youtube:Downloading video Pointers in C Language | Community Classes | LIVE | MySirG
2022-09-07 19:52:21,163:INFO:youtube:Already Uploaded file to https://drive.google.com/open?id=1hV1uts8FcULFywRMs3hV8xpPFzlA-FNn
2022-09-07 19:52:21,163:INFO:youtube:Video Uploaded in G Drive: https://drive.google.com/open?id=1hV1uts8FcULFywRMs3hV8xpPFzlA-FNn
2022-09-07 19:52:29,491:INFO:youtube:Downloading video Strings in C Language | Community Classes | LIVE | MySirG
2022-09-07 19:52:30,095:INFO:youtube:Already Uploaded file to https://drive.google.com/open?id=1D1sJdjlDX4SCayK8psCt45EOpyGve4Jp
2022-09-07 19:52:30,095:INFO:youtube:Video Uploaded in G Drive: https://drive.google.com/open?id=1D1sJdjlDX4SCayK8psCt45EOpyGve4Jp
2022-09-07 19:52:38,548:INFO:youtube:Downloading video Arrays in C Language | Community Classes | LIVE | MySirG
2022-09-07 19:52:39,202:INFO:youtube:Already Uploaded file to https://drive.google.com/open?id=1MT6YvWthV21oZchNr72rSDTDS5Pr-SuG
2022-09-07 19:52:39,202:INFO:youtube:Video Uploaded in G Drive: https://drive.google.com/open?id=1MT6YvWthV21oZchNr72rSDTDS5Pr-SuG
2022-09-07 19:52:46,553:INFO:youtube:Downloading video Recursion in C Language | Community Classes | LIVE | MySirG
2022-09-07 19:52:47,132:INFO:youtube:Already Uploaded file to https://drive.google.com/open?id=1Uvs-1Euq00QyWxHUw-fR8EowabJsWurd
2022-09-07 19:52:47,132:INFO:youtube:Video Uploaded in G Drive: https://drive.google.com/open?id=1Uvs-1Euq00QyWxHUw-fR8EowabJsWurd
2022-09-07 19:52:54,364:INFO:youtube:Downloading video Functions in C Language | Community Classes | LIVE | MySirG
2022-09-07 19:52:55,001:INFO:youtube:Already Uploaded file to https://drive.google.com/open?id=12tc_Yx7cnEE7bsOZyMeJ3J9n3N5GyGQI
2022-09-07 19:52:55,001:INFO:youtube:Video Uploaded in G Drive: https://drive.google.com/open?id=12tc_Yx7cnEE7bsOZyMeJ3J9n3N5GyGQI
2022-09-07 19:53:00,578:INFO:youtube:Downloading video How @Rohit Negi cracked 2 Crore package? | MySirG Family
2022-09-07 19:53:01,186:INFO:youtube:Already Uploaded file to https://drive.google.com/open?id=1M-r33JW-DOIi_FcY3Iui5_fyY50oSVwT
2022-09-07 19:53:01,186:INFO:youtube:Video Uploaded in G Drive: https://drive.google.com/open?id=1M-r33JW-DOIi_FcY3Iui5_fyY50oSVwT
2022-09-07 19:53:08,032:INFO:youtube:Downloading video C Language | Assignment Solution Day-5 | Community Classes | LIVE | MySirG
2022-09-07 19:53:08,545:INFO:youtube:Already Uploaded file to https://drive.google.com/open?id=134lslFIOasymTraWNw3DtiHj6Q_j_6KT
2022-09-07 19:53:08,545:INFO:youtube:Video Uploaded in G Drive: https://drive.google.com/open?id=134lslFIOasymTraWNw3DtiHj6Q_j_6KT
2022-09-07 19:53:18,655:INFO:youtube:Downloading video Hackathon se LIVE
2022-09-07 19:53:19,264:INFO:youtube:Already Uploaded file to https://drive.google.com/open?id=1IL24ZabVeQtaXPB5bQt0ns_lA3OSIDQq
2022-09-07 19:53:19,264:INFO:youtube:Video Uploaded in G Drive: https://drive.google.com/open?id=1IL24ZabVeQtaXPB5bQt0ns_lA3OSIDQq
2022-09-07 19:53:27,508:INFO:youtube:Downloading video Blockchain Hackathon LIVE
2022-09-07 19:53:28,060:INFO:youtube:Already Uploaded file to https://drive.google.com/open?id=1rsHQw4pYs9sUaQX_oQGz5BjR1ElC_77t
2022-09-07 19:53:28,060:INFO:youtube:Video Uploaded in G Drive: https://drive.google.com/open?id=1rsHQw4pYs9sUaQX_oQGz5BjR1ElC_77t
2022-09-07 19:53:32,819:INFO:youtube:Downloading video C Language | Assignment Solution Day-4 | Community Classes | LIVE | MySirG
2022-09-07 19:53:33,438:INFO:youtube:Already Uploaded file to https://drive.google.com/open?id=1m0i_e699Zfw0-pyRyXrkSwLdYgeypiBg
2022-09-07 19:53:33,438:INFO:youtube:Video Uploaded in G Drive: https://drive.google.com/open?id=1m0i_e699Zfw0-pyRyXrkSwLdYgeypiBg
2022-09-07 19:53:35,575:INFO:youtube:Downloading video Free Entry in Blockchain Hackathon | @iNeuron Intelligence@Neo Smart Economy @Telusko
2022-09-07 19:53:36,134:INFO:youtube:Already Uploaded file to https://drive.google.com/open?id=15xTX5_El9vbicHoE4oJ226PtdZ79OG-x
2022-09-07 19:53:36,134:INFO:youtube:Video Uploaded in G Drive: https://drive.google.com/open?id=15xTX5_El9vbicHoE4oJ226PtdZ79OG-x
2022-09-07 19:53:42,524:INFO:youtube:Downloading video C Language | Assignment Solution Day-3 | Community Classes | LIVE | MySirG
2022-09-07 19:53:43,157:INFO:youtube:Already Uploaded file to https://drive.google.com/open?id=1XZBB1P8oBnT6aJC_nW1ZI69m-taxe_HV
2022-09-07 19:53:43,157:INFO:youtube:Video Uploaded in G Drive: https://drive.google.com/open?id=1XZBB1P8oBnT6aJC_nW1ZI69m-taxe_HV
2022-09-07 19:53:45,585:INFO:youtube:Downloading video Full Stack Web Development using Python | LIVE class in Hindi
2022-09-07 19:53:46,189:INFO:youtube:Already Uploaded file to https://drive.google.com/open?id=1tP8N486UkuBAMUmxbrydsZ_hXAOeP-UQ
2022-09-07 19:53:46,190:INFO:youtube:Video Uploaded in G Drive: https://drive.google.com/open?id=1tP8N486UkuBAMUmxbrydsZ_hXAOeP-UQ
2022-09-07 19:53:51,229:INFO:youtube:Downloading video C Language | Assignment Solution Day-2 | Community Classes | LIVE | MySirG
2022-09-07 19:53:51,770:INFO:youtube:Already Uploaded file to https://drive.google.com/open?id=1LKXqJ20DvjpTL-XQqAqJlaxDvKC0tTcu
2022-09-07 19:53:51,770:INFO:youtube:Video Uploaded in G Drive: https://drive.google.com/open?id=1LKXqJ20DvjpTL-XQqAqJlaxDvKC0tTcu
2022-09-07 19:53:59,415:INFO:youtube:Downloading video C Language | Assignment Solution Day-1 | Community Classes | LIVE | MySirG
2022-09-07 19:54:00,061:INFO:youtube:Already Uploaded file to https://drive.google.com/open?id=19j1L4-ssSpUj6rGEkduTSfhgAEp86XP4
2022-09-07 19:54:00,061:INFO:youtube:Video Uploaded in G Drive: https://drive.google.com/open?id=19j1L4-ssSpUj6rGEkduTSfhgAEp86XP4
2022-09-07 19:54:05,497:INFO:youtube:Downloading video MySirG ki LIVE classes     @iNeuron Intelligence 
2022-09-07 19:54:06,169:INFO:youtube:Already Uploaded file to https://drive.google.com/open?id=1U2ql4-Nz9pzGvJvU0LsHZUla0-hOXeZB
2022-09-07 19:54:06,169:INFO:youtube:Video Uploaded in G Drive: https://drive.google.com/open?id=1U2ql4-Nz9pzGvJvU0LsHZUla0-hOXeZB
2022-09-07 19:54:11,925:INFO:youtube:Downloading video Switch Case Control in C Language | Community LIVE Class | Day-13
2022-09-07 19:54:12,485:INFO:youtube:Already Uploaded file to https://drive.google.com/open?id=1ep3FdGeHqsKZDBlWD0TpkmL605QwLUQw
2022-09-07 19:54:12,485:INFO:youtube:Video Uploaded in G Drive: https://drive.google.com/open?id=1ep3FdGeHqsKZDBlWD0TpkmL605QwLUQw
2022-09-07 19:54:12,487:INFO:youtube:Stored channel name and video details in database
2022-09-07 19:54:13,338:INFO:youtube:Connected with snowflakes.
2022-09-07 19:54:19,177:INFO:youtube:Successfully inserted Data in CHANNEL_VIDEOS
2022-09-07 19:54:19,177:INFO:youtube:Stored each video details in database
2022-09-07 19:54:19,177:ERROR:youtube:Error! __init__() missing 1 required positional argument: 'logger'
2022-09-07 19:54:19,208:ERROR:youtube:Traceback (most recent call last):
  File "E:\Python_Work\Python_Exercise\Python_Exercise\ineuron\Project\final_version_youtuveScrapper\youtube_scrapping.py", line 148, in video_info
    mongo_client = MongoDBConnect(
TypeError: __init__() missing 1 required positional argument: 'logger'

2022-09-07 19:54:19,686:INFO:youtube:Connected with snowflakes.
2022-09-07 19:54:19,686:ERROR:youtube:Error! object of type 'NoneType' has no len()
2022-09-07 19:54:19,811:ERROR:youtube:Traceback (most recent call last):
  File "E:\Python_Work\Python_Exercise\Python_Exercise\ineuron\Project\final_version_youtuveScrapper\snowflakes_connection.py", line 97, in insert_data
    success, nchunks, nrows, _ = write_pandas(
  File "E:\Python_Work\Python_Exercise\Python_Exercise\ineuron\Project\final_version_youtuveScrapper\venv\lib\site-packages\snowflake\connector\pandas_tools.py", line 162, in write_pandas
    chunk_size = len(df)
TypeError: object of type 'NoneType' has no len()

2022-09-07 19:54:19,812:INFO:youtube:Stored each video comments in Mongodb
2022-09-07 19:54:22,286:INFO:youtube:search_id: saurabhexponent1 
2022-09-07 19:54:22,286:ERROR:youtube:Error! __init__() missing 1 required positional argument: 'logger'
2022-09-07 19:54:22,308:ERROR:youtube:Traceback (most recent call last):
  File "E:\Python_Work\Python_Exercise\Python_Exercise\ineuron\Project\final_version_youtuveScrapper\app.py", line 110, in results
    mongo_client = MongoDBConnect(
TypeError: __init__() missing 1 required positional argument: 'logger'

2022-09-07 20:17:49,667:INFO:youtube:Connected with snowflakes
2022-09-07 20:17:54,056:INFO:youtube:Connected with snowflakes.
2022-09-07 20:17:54,056:INFO:youtube:sql select * from CHANNEL_VIDEOS where USERID = 'saurabhexponent1';
2022-09-07 20:18:23,152:INFO:youtube:Open the URL
2022-09-07 20:18:25,006:INFO:youtube:Video deleted in local folder
2022-09-07 20:18:25,265:INFO:youtube:service created successfully drive
2022-09-07 20:18:25,265:INFO:youtube:Created G Drive connector
2022-09-07 20:18:33,438:INFO:youtube:Downloading video Meet My Teacher | Teacher's Day Special | @UCd-HN6ZBWIFJdG6KSLATd6g
2022-09-07 20:18:34,129:INFO:youtube:Already Uploaded file to https://drive.google.com/open?id=156hM5q3q7R1MZ0oXhTkYTcd5v9IAkggP
2022-09-07 20:18:34,129:INFO:youtube:Video Uploaded in G Drive: https://drive.google.com/open?id=156hM5q3q7R1MZ0oXhTkYTcd5v9IAkggP
2022-09-07 20:18:42,415:INFO:youtube:Downloading video Teacher's Day Special Announcement | Offers | Neuro Labs | New Batch
2022-09-07 20:18:42,977:INFO:youtube:Already Uploaded file to https://drive.google.com/open?id=14m4VyRr7_cZRVaCn81wCIu-V-KZsaPvU
2022-09-07 20:18:42,977:INFO:youtube:Video Uploaded in G Drive: https://drive.google.com/open?id=14m4VyRr7_cZRVaCn81wCIu-V-KZsaPvU
2022-09-07 20:18:47,114:INFO:youtube:Downloading video Best Programming Course in Hindi
2022-09-07 20:18:47,735:INFO:youtube:Already Uploaded file to https://drive.google.com/open?id=1nijSakQsi2V3IE566sE8_P9dJCEASxQI
2022-09-07 20:18:47,735:INFO:youtube:Video Uploaded in G Drive: https://drive.google.com/open?id=1nijSakQsi2V3IE566sE8_P9dJCEASxQI
2022-09-07 20:18:49,418:INFO:youtube:Downloading video Tum kaun ho?
2022-09-07 20:18:49,977:INFO:youtube:Already Uploaded file to https://drive.google.com/open?id=1ikMgLENs30g1-KFbEj_eJfI3aSm5TeXz
2022-09-07 20:18:49,977:INFO:youtube:Video Uploaded in G Drive: https://drive.google.com/open?id=1ikMgLENs30g1-KFbEj_eJfI3aSm5TeXz
2022-09-07 20:18:56,505:INFO:youtube:Downloading video Number Shifting Game Project in C
2022-09-07 20:18:57,186:INFO:youtube:Already Uploaded file to https://drive.google.com/open?id=1-YZDLEcTzuVOrLxTXdgqUuLNvwciYyaK
2022-09-07 20:18:57,186:INFO:youtube:Video Uploaded in G Drive: https://drive.google.com/open?id=1-YZDLEcTzuVOrLxTXdgqUuLNvwciYyaK
2022-09-07 20:19:09,572:INFO:youtube:Downloading video Introduction to C++ and OOP (Bootcamp Batch LIVE)
2022-09-07 20:19:10,240:INFO:youtube:Already Uploaded file to https://drive.google.com/open?id=1Gh-kCfI4wMRKKMomG0bvNz9AECKfZ8N4
2022-09-07 20:19:10,241:INFO:youtube:Video Uploaded in G Drive: https://drive.google.com/open?id=1Gh-kCfI4wMRKKMomG0bvNz9AECKfZ8N4
2022-09-07 20:19:16,331:INFO:youtube:Downloading video MySirG Gift on Independence Day | Jai Hind
2022-09-07 20:19:16,977:INFO:youtube:Already Uploaded file to https://drive.google.com/open?id=1ExdBdQ4VUOgs0G9GQHwAk5mu7TDxnMQF
2022-09-07 20:19:16,977:INFO:youtube:Video Uploaded in G Drive: https://drive.google.com/open?id=1ExdBdQ4VUOgs0G9GQHwAk5mu7TDxnMQF
2022-09-07 20:19:24,536:INFO:youtube:Downloading video Loops in Python | LIVE Community Classes | MySirG
2022-09-07 20:19:25,088:INFO:youtube:Already Uploaded file to https://drive.google.com/open?id=1UuTBizCYRFs1qnoxcjcBRm8wPtm9UgL1
2022-09-07 20:19:25,089:INFO:youtube:Video Uploaded in G Drive: https://drive.google.com/open?id=1UuTBizCYRFs1qnoxcjcBRm8wPtm9UgL1
2022-09-07 20:19:26,859:INFO:youtube:Downloading video Yeh channel dekha kya?
2022-09-07 20:19:27,504:INFO:youtube:Already Uploaded file to https://drive.google.com/open?id=1SmlGysJpIRcM9_TTKTwiP1uxthv8u5ik
2022-09-07 20:19:27,505:INFO:youtube:Video Uploaded in G Drive: https://drive.google.com/open?id=1SmlGysJpIRcM9_TTKTwiP1uxthv8u5ik
2022-09-07 20:19:34,711:INFO:youtube:Downloading video Decision Control in Python | LIVE Community Classes | MySirG
2022-09-07 20:19:35,447:INFO:youtube:Already Uploaded file to https://drive.google.com/open?id=1_-zRQ9rFNjf--TyQIyjctbd2U2V7RW9h
2022-09-07 20:19:35,447:INFO:youtube:Video Uploaded in G Drive: https://drive.google.com/open?id=1_-zRQ9rFNjf--TyQIyjctbd2U2V7RW9h
2022-09-07 20:19:41,617:INFO:youtube:Downloading video Keywords, Operators and User input in Python | LIVE Community Classes | MySirG
2022-09-07 20:19:42,173:INFO:youtube:Already Uploaded file to https://drive.google.com/open?id=1xm84in7BDD0vBfkq6Ja6Z8Bi1fV5yNH3
2022-09-07 20:19:42,174:INFO:youtube:Video Uploaded in G Drive: https://drive.google.com/open?id=1xm84in7BDD0vBfkq6Ja6Z8Bi1fV5yNH3
2022-09-07 20:19:54,910:INFO:youtube:Downloading video Variables and Types in Python | LIVE Community Classes | MySirG
2022-09-07 20:19:55,662:INFO:youtube:Already Uploaded file to https://drive.google.com/open?id=1Qiro0-L-XyR1w4v4TtW0f5R_X0R3_69X
2022-09-07 20:19:55,662:INFO:youtube:Video Uploaded in G Drive: https://drive.google.com/open?id=1Qiro0-L-XyR1w4v4TtW0f5R_X0R3_69X
2022-09-07 20:20:03,325:INFO:youtube:Downloading video Introduction to Python | LIVE Community Classes | MySirG
2022-09-07 20:20:03,835:INFO:youtube:Already Uploaded file to https://drive.google.com/open?id=1sj38Cm1db8kmqKpleUVEuovode3GNNJI
2022-09-07 20:20:03,835:INFO:youtube:Video Uploaded in G Drive: https://drive.google.com/open?id=1sj38Cm1db8kmqKpleUVEuovode3GNNJI
2022-09-07 20:20:09,586:INFO:youtube:Downloading video Pointers in C Language | Community Classes | LIVE | MySirG
2022-09-07 20:20:10,127:INFO:youtube:Already Uploaded file to https://drive.google.com/open?id=1hV1uts8FcULFywRMs3hV8xpPFzlA-FNn
2022-09-07 20:20:10,127:INFO:youtube:Video Uploaded in G Drive: https://drive.google.com/open?id=1hV1uts8FcULFywRMs3hV8xpPFzlA-FNn
2022-09-07 20:20:18,068:INFO:youtube:Downloading video Strings in C Language | Community Classes | LIVE | MySirG
2022-09-07 20:20:18,646:INFO:youtube:Already Uploaded file to https://drive.google.com/open?id=1D1sJdjlDX4SCayK8psCt45EOpyGve4Jp
2022-09-07 20:20:18,647:INFO:youtube:Video Uploaded in G Drive: https://drive.google.com/open?id=1D1sJdjlDX4SCayK8psCt45EOpyGve4Jp
2022-09-07 20:20:26,418:INFO:youtube:Downloading video Arrays in C Language | Community Classes | LIVE | MySirG
2022-09-07 20:20:26,949:INFO:youtube:Already Uploaded file to https://drive.google.com/open?id=1MT6YvWthV21oZchNr72rSDTDS5Pr-SuG
2022-09-07 20:20:26,949:INFO:youtube:Video Uploaded in G Drive: https://drive.google.com/open?id=1MT6YvWthV21oZchNr72rSDTDS5Pr-SuG
2022-09-07 20:20:35,468:INFO:youtube:Downloading video Recursion in C Language | Community Classes | LIVE | MySirG
2022-09-07 20:20:36,097:INFO:youtube:Already Uploaded file to https://drive.google.com/open?id=1Uvs-1Euq00QyWxHUw-fR8EowabJsWurd
2022-09-07 20:20:36,097:INFO:youtube:Video Uploaded in G Drive: https://drive.google.com/open?id=1Uvs-1Euq00QyWxHUw-fR8EowabJsWurd
2022-09-07 20:20:42,747:INFO:youtube:Downloading video Functions in C Language | Community Classes | LIVE | MySirG
2022-09-07 20:20:43,332:INFO:youtube:Already Uploaded file to https://drive.google.com/open?id=12tc_Yx7cnEE7bsOZyMeJ3J9n3N5GyGQI
2022-09-07 20:20:43,333:INFO:youtube:Video Uploaded in G Drive: https://drive.google.com/open?id=12tc_Yx7cnEE7bsOZyMeJ3J9n3N5GyGQI
2022-09-07 20:20:48,168:INFO:youtube:Downloading video How @Rohit Negi cracked 2 Crore package? | MySirG Family
2022-09-07 20:20:48,742:INFO:youtube:Already Uploaded file to https://drive.google.com/open?id=1M-r33JW-DOIi_FcY3Iui5_fyY50oSVwT
2022-09-07 20:20:48,743:INFO:youtube:Video Uploaded in G Drive: https://drive.google.com/open?id=1M-r33JW-DOIi_FcY3Iui5_fyY50oSVwT
2022-09-07 20:20:56,170:INFO:youtube:Downloading video C Language | Assignment Solution Day-5 | Community Classes | LIVE | MySirG
2022-09-07 20:20:56,734:INFO:youtube:Already Uploaded file to https://drive.google.com/open?id=134lslFIOasymTraWNw3DtiHj6Q_j_6KT
2022-09-07 20:20:56,734:INFO:youtube:Video Uploaded in G Drive: https://drive.google.com/open?id=134lslFIOasymTraWNw3DtiHj6Q_j_6KT
2022-09-07 20:21:06,318:INFO:youtube:Downloading video Hackathon se LIVE
2022-09-07 20:21:06,880:INFO:youtube:Already Uploaded file to https://drive.google.com/open?id=1IL24ZabVeQtaXPB5bQt0ns_lA3OSIDQq
2022-09-07 20:21:06,880:INFO:youtube:Video Uploaded in G Drive: https://drive.google.com/open?id=1IL24ZabVeQtaXPB5bQt0ns_lA3OSIDQq
2022-09-07 20:21:16,451:INFO:youtube:Downloading video Blockchain Hackathon LIVE
2022-09-07 20:21:17,016:INFO:youtube:Already Uploaded file to https://drive.google.com/open?id=1rsHQw4pYs9sUaQX_oQGz5BjR1ElC_77t
2022-09-07 20:21:17,016:INFO:youtube:Video Uploaded in G Drive: https://drive.google.com/open?id=1rsHQw4pYs9sUaQX_oQGz5BjR1ElC_77t
2022-09-07 20:21:20,942:INFO:youtube:Downloading video C Language | Assignment Solution Day-4 | Community Classes | LIVE | MySirG
2022-09-07 20:21:21,517:INFO:youtube:Already Uploaded file to https://drive.google.com/open?id=1m0i_e699Zfw0-pyRyXrkSwLdYgeypiBg
2022-09-07 20:21:21,517:INFO:youtube:Video Uploaded in G Drive: https://drive.google.com/open?id=1m0i_e699Zfw0-pyRyXrkSwLdYgeypiBg
2022-09-07 20:21:23,978:INFO:youtube:Downloading video Free Entry in Blockchain Hackathon | @iNeuron Intelligence@Neo Smart Economy @Telusko
2022-09-07 20:21:24,557:INFO:youtube:Already Uploaded file to https://drive.google.com/open?id=15xTX5_El9vbicHoE4oJ226PtdZ79OG-x
2022-09-07 20:21:24,558:INFO:youtube:Video Uploaded in G Drive: https://drive.google.com/open?id=15xTX5_El9vbicHoE4oJ226PtdZ79OG-x
2022-09-07 20:21:30,987:INFO:youtube:Downloading video C Language | Assignment Solution Day-3 | Community Classes | LIVE | MySirG
2022-09-07 20:21:31,552:INFO:youtube:Already Uploaded file to https://drive.google.com/open?id=1XZBB1P8oBnT6aJC_nW1ZI69m-taxe_HV
2022-09-07 20:21:31,552:INFO:youtube:Video Uploaded in G Drive: https://drive.google.com/open?id=1XZBB1P8oBnT6aJC_nW1ZI69m-taxe_HV
2022-09-07 20:21:33,883:INFO:youtube:Downloading video Full Stack Web Development using Python | LIVE class in Hindi
2022-09-07 20:21:34,436:INFO:youtube:Already Uploaded file to https://drive.google.com/open?id=1tP8N486UkuBAMUmxbrydsZ_hXAOeP-UQ
2022-09-07 20:21:34,437:INFO:youtube:Video Uploaded in G Drive: https://drive.google.com/open?id=1tP8N486UkuBAMUmxbrydsZ_hXAOeP-UQ
2022-09-07 20:21:39,545:INFO:youtube:Downloading video C Language | Assignment Solution Day-2 | Community Classes | LIVE | MySirG
2022-09-07 20:21:40,088:INFO:youtube:Already Uploaded file to https://drive.google.com/open?id=1LKXqJ20DvjpTL-XQqAqJlaxDvKC0tTcu
2022-09-07 20:21:40,089:INFO:youtube:Video Uploaded in G Drive: https://drive.google.com/open?id=1LKXqJ20DvjpTL-XQqAqJlaxDvKC0tTcu
2022-09-07 20:21:47,097:INFO:youtube:Downloading video C Language | Assignment Solution Day-1 | Community Classes | LIVE | MySirG
2022-09-07 20:21:47,633:INFO:youtube:Already Uploaded file to https://drive.google.com/open?id=19j1L4-ssSpUj6rGEkduTSfhgAEp86XP4
2022-09-07 20:21:47,633:INFO:youtube:Video Uploaded in G Drive: https://drive.google.com/open?id=19j1L4-ssSpUj6rGEkduTSfhgAEp86XP4
2022-09-07 20:21:53,150:INFO:youtube:Downloading video MySirG ki LIVE classes     @iNeuron Intelligence 
2022-09-07 20:21:53,767:INFO:youtube:Already Uploaded file to https://drive.google.com/open?id=1U2ql4-Nz9pzGvJvU0LsHZUla0-hOXeZB
2022-09-07 20:21:53,767:INFO:youtube:Video Uploaded in G Drive: https://drive.google.com/open?id=1U2ql4-Nz9pzGvJvU0LsHZUla0-hOXeZB
2022-09-07 20:21:59,229:INFO:youtube:Downloading video Switch Case Control in C Language | Community LIVE Class | Day-13
2022-09-07 20:21:59,766:INFO:youtube:Already Uploaded file to https://drive.google.com/open?id=1ep3FdGeHqsKZDBlWD0TpkmL605QwLUQw
2022-09-07 20:21:59,766:INFO:youtube:Video Uploaded in G Drive: https://drive.google.com/open?id=1ep3FdGeHqsKZDBlWD0TpkmL605QwLUQw
2022-09-07 20:21:59,767:INFO:youtube:Stored channel name and video details in database
2022-09-07 20:22:00,509:INFO:youtube:Connected with snowflakes.
2022-09-07 20:22:05,978:INFO:youtube:Successfully inserted Data in CHANNEL_VIDEOS
2022-09-07 20:22:05,978:INFO:youtube:Stored each video details in database
2022-09-07 20:22:05,978:INFO:youtube:Urls: ['/watch?v=DjxFTs4ZuU8', '/watch?v=uJesWe403HM', '/watch?v=PPRlWvX3f9Y', '/shorts/mLvdnHKY220', '/watch?v=5mbQuIr6f8o', '/watch?v=PTlNfIaSGus', '/watch?v=AwmhL1N8QEE', '/watch?v=KFZ3Eftp8lo', '/shorts/qgNnf1GMLxc', '/watch?v=-Po6d6Zm3cE', '/watch?v=2D7uw4ghr88', '/watch?v=ppKaxLop79c', '/watch?v=MpEldU7Z_Wc', '/watch?v=QaBLikVYeWI', '/watch?v=0li7LVo0Zfc', '/watch?v=LBLoa3btyVw', '/watch?v=E8LZZUC_2g0', '/watch?v=8yJFzfYMk30', '/watch?v=oHzGUSprgMY', '/watch?v=FGOXKUFlZL0', '/watch?v=L0PohILU8Oo', '/watch?v=yLcx9aGpFNU', '/watch?v=N8H6BRPbuLQ', '/watch?v=TPqgL5YcToQ', '/watch?v=y1vtmwd3ccY', '/watch?v=KNTz0N10lzg', '/watch?v=h6qXQ7DHcgE', '/watch?v=2sgAzyYkS1g', '/watch?v=-n5D8rMUhBM', '/watch?v=zVB2ZR6RpzM']
2022-09-07 20:22:54,257:INFO:youtube:Created thumbnail urls image to base64 object
2022-09-07 20:22:58,424:INFO:youtube:mongo_client created.
2022-09-07 20:22:58,821:INFO:youtube:database YouTube-Scrapper is present.
2022-09-07 20:22:58,848:INFO:youtube:mongo_client connection closed.
2022-09-07 20:23:02,886:INFO:youtube:mongo_client created.
2022-09-07 20:23:02,886:INFO:youtube:mongo_client connection closed.
2022-09-07 20:23:03,211:INFO:youtube:collection Video-Data is present.
2022-09-07 20:23:07,253:INFO:youtube:mongo_client created.
2022-09-07 20:23:07,253:INFO:youtube:mongo_client connection closed.
2022-09-07 20:23:07,627:ERROR:youtube:(insert_records): Failed to insert records 
 batch op errors occurred
2022-09-07 20:23:17,709:ERROR:youtube:Traceback (most recent call last):
  File "E:\Python_Work\Python_Exercise\Python_Exercise\ineuron\Project\final_version_youtuveScrapper\mongodb_connection.py", line 170, in insert_records
    collection.insert_many(record)
  File "E:\Python_Work\Python_Exercise\Python_Exercise\ineuron\Project\final_version_youtuveScrapper\venv\lib\site-packages\pymongo\collection.py", line 758, in insert_many
    blk.execute(write_concern, session=session)
  File "E:\Python_Work\Python_Exercise\Python_Exercise\ineuron\Project\final_version_youtuveScrapper\venv\lib\site-packages\pymongo\bulk.py", line 511, in execute
    return self.execute_command(generator, write_concern, session)
  File "E:\Python_Work\Python_Exercise\Python_Exercise\ineuron\Project\final_version_youtuveScrapper\venv\lib\site-packages\pymongo\bulk.py", line 349, in execute_command
    _raise_bulk_write_error(full_result)
  File "E:\Python_Work\Python_Exercise\Python_Exercise\ineuron\Project\final_version_youtuveScrapper\venv\lib\site-packages\pymongo\bulk.py", line 140, in _raise_bulk_write_error
    raise BulkWriteError(full_result)
pymongo.errors.BulkWriteError: batch op errors occurred

2022-09-07 20:23:17,710:INFO:youtube:Data inserted in mongodb
2022-09-07 20:24:03,440:INFO:youtube:Created thumbnail urls image to base64 object
2022-09-07 20:24:07,476:INFO:youtube:mongo_client created.
2022-09-07 20:24:07,871:INFO:youtube:database YouTube-Scrapper is present.
2022-09-07 20:24:07,904:INFO:youtube:mongo_client connection closed.
2022-09-07 20:24:11,948:INFO:youtube:mongo_client created.
2022-09-07 20:24:11,948:INFO:youtube:mongo_client connection closed.
2022-09-07 20:24:12,291:INFO:youtube:collection Video-Data is present.
2022-09-07 20:24:16,336:INFO:youtube:mongo_client created.
2022-09-07 20:24:16,336:INFO:youtube:mongo_client connection closed.
2022-09-07 20:24:16,836:ERROR:youtube:(insert_records): Failed to insert records 
 batch op errors occurred
2022-09-07 20:24:16,837:ERROR:youtube:Traceback (most recent call last):
  File "E:\Python_Work\Python_Exercise\Python_Exercise\ineuron\Project\final_version_youtuveScrapper\mongodb_connection.py", line 170, in insert_records
    collection.insert_many(record)
  File "E:\Python_Work\Python_Exercise\Python_Exercise\ineuron\Project\final_version_youtuveScrapper\venv\lib\site-packages\pymongo\collection.py", line 758, in insert_many
    blk.execute(write_concern, session=session)
  File "E:\Python_Work\Python_Exercise\Python_Exercise\ineuron\Project\final_version_youtuveScrapper\venv\lib\site-packages\pymongo\bulk.py", line 511, in execute
    return self.execute_command(generator, write_concern, session)
  File "E:\Python_Work\Python_Exercise\Python_Exercise\ineuron\Project\final_version_youtuveScrapper\venv\lib\site-packages\pymongo\bulk.py", line 349, in execute_command
    _raise_bulk_write_error(full_result)
  File "E:\Python_Work\Python_Exercise\Python_Exercise\ineuron\Project\final_version_youtuveScrapper\venv\lib\site-packages\pymongo\bulk.py", line 140, in _raise_bulk_write_error
    raise BulkWriteError(full_result)
pymongo.errors.BulkWriteError: batch op errors occurred

2022-09-07 20:24:16,837:INFO:youtube:Data inserted in mongodb
2022-09-07 20:25:59,854:INFO:youtube:Created thumbnail urls image to base64 object
2022-09-07 20:26:03,900:INFO:youtube:mongo_client created.
2022-09-07 20:26:04,320:INFO:youtube:database YouTube-Scrapper is present.
2022-09-07 20:26:04,363:INFO:youtube:mongo_client connection closed.
2022-09-07 20:26:08,395:INFO:youtube:mongo_client created.
2022-09-07 20:26:08,395:INFO:youtube:mongo_client connection closed.
2022-09-07 20:26:08,762:INFO:youtube:collection Video-Data is present.
2022-09-07 20:26:12,824:INFO:youtube:mongo_client created.
2022-09-07 20:26:12,824:INFO:youtube:mongo_client connection closed.
2022-09-07 20:26:13,321:ERROR:youtube:(insert_records): Failed to insert records 
 batch op errors occurred
2022-09-07 20:26:13,321:ERROR:youtube:Traceback (most recent call last):
  File "E:\Python_Work\Python_Exercise\Python_Exercise\ineuron\Project\final_version_youtuveScrapper\mongodb_connection.py", line 170, in insert_records
    collection.insert_many(record)
  File "E:\Python_Work\Python_Exercise\Python_Exercise\ineuron\Project\final_version_youtuveScrapper\venv\lib\site-packages\pymongo\collection.py", line 758, in insert_many
    blk.execute(write_concern, session=session)
  File "E:\Python_Work\Python_Exercise\Python_Exercise\ineuron\Project\final_version_youtuveScrapper\venv\lib\site-packages\pymongo\bulk.py", line 511, in execute
    return self.execute_command(generator, write_concern, session)
  File "E:\Python_Work\Python_Exercise\Python_Exercise\ineuron\Project\final_version_youtuveScrapper\venv\lib\site-packages\pymongo\bulk.py", line 349, in execute_command
    _raise_bulk_write_error(full_result)
  File "E:\Python_Work\Python_Exercise\Python_Exercise\ineuron\Project\final_version_youtuveScrapper\venv\lib\site-packages\pymongo\bulk.py", line 140, in _raise_bulk_write_error
    raise BulkWriteError(full_result)
pymongo.errors.BulkWriteError: batch op errors occurred

2022-09-07 20:26:13,321:INFO:youtube:Data inserted in mongodb
2022-09-07 20:26:52,139:INFO:youtube:Created thumbnail urls image to base64 object
2022-09-07 20:26:56,177:INFO:youtube:mongo_client created.
2022-09-07 20:26:56,622:INFO:youtube:database YouTube-Scrapper is present.
2022-09-07 20:26:56,661:INFO:youtube:mongo_client connection closed.
2022-09-07 20:27:00,707:INFO:youtube:mongo_client created.
2022-09-07 20:27:00,709:INFO:youtube:mongo_client connection closed.
2022-09-07 20:27:01,137:INFO:youtube:collection Video-Data is present.
2022-09-07 20:27:05,180:INFO:youtube:mongo_client created.
2022-09-07 20:27:05,181:INFO:youtube:mongo_client connection closed.
2022-09-07 20:27:05,523:ERROR:youtube:(insert_records): Failed to insert records 
 batch op errors occurred
2022-09-07 20:27:05,524:ERROR:youtube:Traceback (most recent call last):
  File "E:\Python_Work\Python_Exercise\Python_Exercise\ineuron\Project\final_version_youtuveScrapper\mongodb_connection.py", line 170, in insert_records
    collection.insert_many(record)
  File "E:\Python_Work\Python_Exercise\Python_Exercise\ineuron\Project\final_version_youtuveScrapper\venv\lib\site-packages\pymongo\collection.py", line 758, in insert_many
    blk.execute(write_concern, session=session)
  File "E:\Python_Work\Python_Exercise\Python_Exercise\ineuron\Project\final_version_youtuveScrapper\venv\lib\site-packages\pymongo\bulk.py", line 511, in execute
    return self.execute_command(generator, write_concern, session)
  File "E:\Python_Work\Python_Exercise\Python_Exercise\ineuron\Project\final_version_youtuveScrapper\venv\lib\site-packages\pymongo\bulk.py", line 349, in execute_command
    _raise_bulk_write_error(full_result)
  File "E:\Python_Work\Python_Exercise\Python_Exercise\ineuron\Project\final_version_youtuveScrapper\venv\lib\site-packages\pymongo\bulk.py", line 140, in _raise_bulk_write_error
    raise BulkWriteError(full_result)
pymongo.errors.BulkWriteError: batch op errors occurred

2022-09-07 20:27:05,524:INFO:youtube:Data inserted in mongodb
2022-09-07 20:27:50,956:INFO:youtube:Created thumbnail urls image to base64 object
2022-09-07 20:27:54,994:INFO:youtube:mongo_client created.
2022-09-07 20:27:55,329:INFO:youtube:database YouTube-Scrapper is present.
2022-09-07 20:27:55,356:INFO:youtube:mongo_client connection closed.
2022-09-07 20:27:59,403:INFO:youtube:mongo_client created.
2022-09-07 20:27:59,403:INFO:youtube:mongo_client connection closed.
2022-09-07 20:27:59,778:INFO:youtube:collection Video-Data is present.
2022-09-07 20:28:03,827:INFO:youtube:mongo_client created.
2022-09-07 20:28:03,827:INFO:youtube:mongo_client connection closed.
2022-09-07 20:28:04,172:ERROR:youtube:(insert_records): Failed to insert records 
 batch op errors occurred
2022-09-07 20:28:04,173:ERROR:youtube:Traceback (most recent call last):
  File "E:\Python_Work\Python_Exercise\Python_Exercise\ineuron\Project\final_version_youtuveScrapper\mongodb_connection.py", line 170, in insert_records
    collection.insert_many(record)
  File "E:\Python_Work\Python_Exercise\Python_Exercise\ineuron\Project\final_version_youtuveScrapper\venv\lib\site-packages\pymongo\collection.py", line 758, in insert_many
    blk.execute(write_concern, session=session)
  File "E:\Python_Work\Python_Exercise\Python_Exercise\ineuron\Project\final_version_youtuveScrapper\venv\lib\site-packages\pymongo\bulk.py", line 511, in execute
    return self.execute_command(generator, write_concern, session)
  File "E:\Python_Work\Python_Exercise\Python_Exercise\ineuron\Project\final_version_youtuveScrapper\venv\lib\site-packages\pymongo\bulk.py", line 349, in execute_command
    _raise_bulk_write_error(full_result)
  File "E:\Python_Work\Python_Exercise\Python_Exercise\ineuron\Project\final_version_youtuveScrapper\venv\lib\site-packages\pymongo\bulk.py", line 140, in _raise_bulk_write_error
    raise BulkWriteError(full_result)
pymongo.errors.BulkWriteError: batch op errors occurred

2022-09-07 20:28:04,173:INFO:youtube:Data inserted in mongodb
2022-09-07 20:29:09,832:INFO:youtube:Created thumbnail urls image to base64 object
2022-09-07 20:29:13,877:INFO:youtube:mongo_client created.
2022-09-07 20:29:14,340:INFO:youtube:database YouTube-Scrapper is present.
2022-09-07 20:29:14,379:INFO:youtube:mongo_client connection closed.
2022-09-07 20:29:18,434:INFO:youtube:mongo_client created.
2022-09-07 20:29:18,434:INFO:youtube:mongo_client connection closed.
2022-09-07 20:29:18,865:INFO:youtube:collection Video-Data is present.
2022-09-07 20:29:22,899:INFO:youtube:mongo_client created.
2022-09-07 20:29:22,901:INFO:youtube:mongo_client connection closed.
2022-09-07 20:29:23,397:ERROR:youtube:(insert_records): Failed to insert records 
 batch op errors occurred
2022-09-07 20:29:23,398:ERROR:youtube:Traceback (most recent call last):
  File "E:\Python_Work\Python_Exercise\Python_Exercise\ineuron\Project\final_version_youtuveScrapper\mongodb_connection.py", line 170, in insert_records
    collection.insert_many(record)
  File "E:\Python_Work\Python_Exercise\Python_Exercise\ineuron\Project\final_version_youtuveScrapper\venv\lib\site-packages\pymongo\collection.py", line 758, in insert_many
    blk.execute(write_concern, session=session)
  File "E:\Python_Work\Python_Exercise\Python_Exercise\ineuron\Project\final_version_youtuveScrapper\venv\lib\site-packages\pymongo\bulk.py", line 511, in execute
    return self.execute_command(generator, write_concern, session)
  File "E:\Python_Work\Python_Exercise\Python_Exercise\ineuron\Project\final_version_youtuveScrapper\venv\lib\site-packages\pymongo\bulk.py", line 349, in execute_command
    _raise_bulk_write_error(full_result)
  File "E:\Python_Work\Python_Exercise\Python_Exercise\ineuron\Project\final_version_youtuveScrapper\venv\lib\site-packages\pymongo\bulk.py", line 140, in _raise_bulk_write_error
    raise BulkWriteError(full_result)
pymongo.errors.BulkWriteError: batch op errors occurred

2022-09-07 20:29:23,443:INFO:youtube:Data inserted in mongodb
2022-09-07 20:30:01,585:INFO:youtube:Created thumbnail urls image to base64 object
2022-09-07 20:30:05,637:INFO:youtube:mongo_client created.
2022-09-07 20:30:06,117:INFO:youtube:database YouTube-Scrapper is present.
2022-09-07 20:30:06,157:INFO:youtube:mongo_client connection closed.
2022-09-07 20:30:10,215:INFO:youtube:mongo_client created.
2022-09-07 20:30:10,215:INFO:youtube:mongo_client connection closed.
2022-09-07 20:30:10,583:INFO:youtube:collection Video-Data is present.
2022-09-07 20:30:14,634:INFO:youtube:mongo_client created.
2022-09-07 20:30:14,634:INFO:youtube:mongo_client connection closed.
2022-09-07 20:30:15,018:ERROR:youtube:(insert_records): Failed to insert records 
 batch op errors occurred
2022-09-07 20:30:15,018:ERROR:youtube:Traceback (most recent call last):
  File "E:\Python_Work\Python_Exercise\Python_Exercise\ineuron\Project\final_version_youtuveScrapper\mongodb_connection.py", line 170, in insert_records
    collection.insert_many(record)
  File "E:\Python_Work\Python_Exercise\Python_Exercise\ineuron\Project\final_version_youtuveScrapper\venv\lib\site-packages\pymongo\collection.py", line 758, in insert_many
    blk.execute(write_concern, session=session)
  File "E:\Python_Work\Python_Exercise\Python_Exercise\ineuron\Project\final_version_youtuveScrapper\venv\lib\site-packages\pymongo\bulk.py", line 511, in execute
    return self.execute_command(generator, write_concern, session)
  File "E:\Python_Work\Python_Exercise\Python_Exercise\ineuron\Project\final_version_youtuveScrapper\venv\lib\site-packages\pymongo\bulk.py", line 349, in execute_command
    _raise_bulk_write_error(full_result)
  File "E:\Python_Work\Python_Exercise\Python_Exercise\ineuron\Project\final_version_youtuveScrapper\venv\lib\site-packages\pymongo\bulk.py", line 140, in _raise_bulk_write_error
    raise BulkWriteError(full_result)
pymongo.errors.BulkWriteError: batch op errors occurred

2022-09-07 20:30:15,018:INFO:youtube:Data inserted in mongodb
2022-09-07 20:30:42,343:INFO:youtube:Created thumbnail urls image to base64 object
2022-09-07 20:30:46,371:INFO:youtube:mongo_client created.
2022-09-07 20:30:46,716:INFO:youtube:database YouTube-Scrapper is present.
2022-09-07 20:30:46,742:INFO:youtube:mongo_client connection closed.
2022-09-07 20:30:50,781:INFO:youtube:mongo_client created.
2022-09-07 20:30:50,781:INFO:youtube:mongo_client connection closed.
2022-09-07 20:30:51,187:INFO:youtube:collection Video-Data is present.
2022-09-07 20:30:55,245:INFO:youtube:mongo_client created.
2022-09-07 20:30:55,245:INFO:youtube:mongo_client connection closed.
2022-09-07 20:30:55,754:ERROR:youtube:(insert_records): Failed to insert records 
 batch op errors occurred
2022-09-07 20:30:55,754:ERROR:youtube:Traceback (most recent call last):
  File "E:\Python_Work\Python_Exercise\Python_Exercise\ineuron\Project\final_version_youtuveScrapper\mongodb_connection.py", line 170, in insert_records
    collection.insert_many(record)
  File "E:\Python_Work\Python_Exercise\Python_Exercise\ineuron\Project\final_version_youtuveScrapper\venv\lib\site-packages\pymongo\collection.py", line 758, in insert_many
    blk.execute(write_concern, session=session)
  File "E:\Python_Work\Python_Exercise\Python_Exercise\ineuron\Project\final_version_youtuveScrapper\venv\lib\site-packages\pymongo\bulk.py", line 511, in execute
    return self.execute_command(generator, write_concern, session)
  File "E:\Python_Work\Python_Exercise\Python_Exercise\ineuron\Project\final_version_youtuveScrapper\venv\lib\site-packages\pymongo\bulk.py", line 349, in execute_command
    _raise_bulk_write_error(full_result)
  File "E:\Python_Work\Python_Exercise\Python_Exercise\ineuron\Project\final_version_youtuveScrapper\venv\lib\site-packages\pymongo\bulk.py", line 140, in _raise_bulk_write_error
    raise BulkWriteError(full_result)
pymongo.errors.BulkWriteError: batch op errors occurred

2022-09-07 20:30:55,755:INFO:youtube:Data inserted in mongodb
2022-09-07 20:31:26,539:INFO:youtube:Created thumbnail urls image to base64 object
2022-09-07 20:31:30,583:INFO:youtube:mongo_client created.
2022-09-07 20:31:31,064:INFO:youtube:database YouTube-Scrapper is present.
2022-09-07 20:31:31,105:INFO:youtube:mongo_client connection closed.
2022-09-07 20:31:35,147:INFO:youtube:mongo_client created.
2022-09-07 20:31:35,148:INFO:youtube:mongo_client connection closed.
2022-09-07 20:31:35,550:INFO:youtube:collection Video-Data is present.
2022-09-07 20:31:39,591:INFO:youtube:mongo_client created.
2022-09-07 20:31:39,591:INFO:youtube:mongo_client connection closed.
2022-09-07 20:31:39,999:ERROR:youtube:(insert_records): Failed to insert records 
 batch op errors occurred
2022-09-07 20:31:39,999:ERROR:youtube:Traceback (most recent call last):
  File "E:\Python_Work\Python_Exercise\Python_Exercise\ineuron\Project\final_version_youtuveScrapper\mongodb_connection.py", line 170, in insert_records
    collection.insert_many(record)
  File "E:\Python_Work\Python_Exercise\Python_Exercise\ineuron\Project\final_version_youtuveScrapper\venv\lib\site-packages\pymongo\collection.py", line 758, in insert_many
    blk.execute(write_concern, session=session)
  File "E:\Python_Work\Python_Exercise\Python_Exercise\ineuron\Project\final_version_youtuveScrapper\venv\lib\site-packages\pymongo\bulk.py", line 511, in execute
    return self.execute_command(generator, write_concern, session)
  File "E:\Python_Work\Python_Exercise\Python_Exercise\ineuron\Project\final_version_youtuveScrapper\venv\lib\site-packages\pymongo\bulk.py", line 349, in execute_command
    _raise_bulk_write_error(full_result)
  File "E:\Python_Work\Python_Exercise\Python_Exercise\ineuron\Project\final_version_youtuveScrapper\venv\lib\site-packages\pymongo\bulk.py", line 140, in _raise_bulk_write_error
    raise BulkWriteError(full_result)
pymongo.errors.BulkWriteError: batch op errors occurred

2022-09-07 20:31:40,000:INFO:youtube:Data inserted in mongodb
2022-09-07 20:32:16,173:INFO:youtube:Created thumbnail urls image to base64 object
2022-09-07 20:32:20,218:INFO:youtube:mongo_client created.
2022-09-07 20:32:20,539:INFO:youtube:database YouTube-Scrapper is present.
2022-09-07 20:32:20,572:INFO:youtube:mongo_client connection closed.
2022-09-07 20:32:24,629:INFO:youtube:mongo_client created.
2022-09-07 20:32:24,630:INFO:youtube:mongo_client connection closed.
2022-09-07 20:32:24,985:INFO:youtube:collection Video-Data is present.
2022-09-07 20:32:29,035:INFO:youtube:mongo_client created.
2022-09-07 20:32:29,035:INFO:youtube:mongo_client connection closed.
2022-09-07 20:32:29,540:ERROR:youtube:(insert_records): Failed to insert records 
 batch op errors occurred
2022-09-07 20:32:29,541:ERROR:youtube:Traceback (most recent call last):
  File "E:\Python_Work\Python_Exercise\Python_Exercise\ineuron\Project\final_version_youtuveScrapper\mongodb_connection.py", line 170, in insert_records
    collection.insert_many(record)
  File "E:\Python_Work\Python_Exercise\Python_Exercise\ineuron\Project\final_version_youtuveScrapper\venv\lib\site-packages\pymongo\collection.py", line 758, in insert_many
    blk.execute(write_concern, session=session)
  File "E:\Python_Work\Python_Exercise\Python_Exercise\ineuron\Project\final_version_youtuveScrapper\venv\lib\site-packages\pymongo\bulk.py", line 511, in execute
    return self.execute_command(generator, write_concern, session)
  File "E:\Python_Work\Python_Exercise\Python_Exercise\ineuron\Project\final_version_youtuveScrapper\venv\lib\site-packages\pymongo\bulk.py", line 349, in execute_command
    _raise_bulk_write_error(full_result)
  File "E:\Python_Work\Python_Exercise\Python_Exercise\ineuron\Project\final_version_youtuveScrapper\venv\lib\site-packages\pymongo\bulk.py", line 140, in _raise_bulk_write_error
    raise BulkWriteError(full_result)
pymongo.errors.BulkWriteError: batch op errors occurred

2022-09-07 20:32:29,541:INFO:youtube:Data inserted in mongodb
2022-09-07 20:33:29,931:INFO:youtube:Created thumbnail urls image to base64 object
2022-09-07 20:33:33,967:INFO:youtube:mongo_client created.
2022-09-07 20:33:34,320:INFO:youtube:database YouTube-Scrapper is present.
2022-09-07 20:33:34,353:INFO:youtube:mongo_client connection closed.
2022-09-07 20:33:38,385:INFO:youtube:mongo_client created.
2022-09-07 20:33:38,386:INFO:youtube:mongo_client connection closed.
2022-09-07 20:33:38,765:INFO:youtube:collection Video-Data is present.
2022-09-07 20:33:42,810:INFO:youtube:mongo_client created.
2022-09-07 20:33:42,810:INFO:youtube:mongo_client connection closed.
2022-09-07 20:33:43,182:ERROR:youtube:(insert_records): Failed to insert records 
 batch op errors occurred
2022-09-07 20:33:43,183:ERROR:youtube:Traceback (most recent call last):
  File "E:\Python_Work\Python_Exercise\Python_Exercise\ineuron\Project\final_version_youtuveScrapper\mongodb_connection.py", line 170, in insert_records
    collection.insert_many(record)
  File "E:\Python_Work\Python_Exercise\Python_Exercise\ineuron\Project\final_version_youtuveScrapper\venv\lib\site-packages\pymongo\collection.py", line 758, in insert_many
    blk.execute(write_concern, session=session)
  File "E:\Python_Work\Python_Exercise\Python_Exercise\ineuron\Project\final_version_youtuveScrapper\venv\lib\site-packages\pymongo\bulk.py", line 511, in execute
    return self.execute_command(generator, write_concern, session)
  File "E:\Python_Work\Python_Exercise\Python_Exercise\ineuron\Project\final_version_youtuveScrapper\venv\lib\site-packages\pymongo\bulk.py", line 349, in execute_command
    _raise_bulk_write_error(full_result)
  File "E:\Python_Work\Python_Exercise\Python_Exercise\ineuron\Project\final_version_youtuveScrapper\venv\lib\site-packages\pymongo\bulk.py", line 140, in _raise_bulk_write_error
    raise BulkWriteError(full_result)
pymongo.errors.BulkWriteError: batch op errors occurred

2022-09-07 20:33:43,183:INFO:youtube:Data inserted in mongodb
2022-09-07 20:34:30,040:INFO:youtube:Created thumbnail urls image to base64 object
2022-09-07 20:34:34,078:INFO:youtube:mongo_client created.
2022-09-07 20:34:34,420:INFO:youtube:database YouTube-Scrapper is present.
2022-09-07 20:34:34,444:INFO:youtube:mongo_client connection closed.
2022-09-07 20:34:38,486:INFO:youtube:mongo_client created.
2022-09-07 20:34:38,487:INFO:youtube:mongo_client connection closed.
2022-09-07 20:34:38,838:INFO:youtube:collection Video-Data is present.
2022-09-07 20:34:42,902:INFO:youtube:mongo_client created.
2022-09-07 20:34:42,903:INFO:youtube:mongo_client connection closed.
2022-09-07 20:34:43,316:ERROR:youtube:(insert_records): Failed to insert records 
 batch op errors occurred
2022-09-07 20:34:43,316:ERROR:youtube:Traceback (most recent call last):
  File "E:\Python_Work\Python_Exercise\Python_Exercise\ineuron\Project\final_version_youtuveScrapper\mongodb_connection.py", line 170, in insert_records
    collection.insert_many(record)
  File "E:\Python_Work\Python_Exercise\Python_Exercise\ineuron\Project\final_version_youtuveScrapper\venv\lib\site-packages\pymongo\collection.py", line 758, in insert_many
    blk.execute(write_concern, session=session)
  File "E:\Python_Work\Python_Exercise\Python_Exercise\ineuron\Project\final_version_youtuveScrapper\venv\lib\site-packages\pymongo\bulk.py", line 511, in execute
    return self.execute_command(generator, write_concern, session)
  File "E:\Python_Work\Python_Exercise\Python_Exercise\ineuron\Project\final_version_youtuveScrapper\venv\lib\site-packages\pymongo\bulk.py", line 349, in execute_command
    _raise_bulk_write_error(full_result)
  File "E:\Python_Work\Python_Exercise\Python_Exercise\ineuron\Project\final_version_youtuveScrapper\venv\lib\site-packages\pymongo\bulk.py", line 140, in _raise_bulk_write_error
    raise BulkWriteError(full_result)
pymongo.errors.BulkWriteError: batch op errors occurred

2022-09-07 20:34:43,317:INFO:youtube:Data inserted in mongodb
2022-09-07 20:35:16,415:INFO:youtube:Created thumbnail urls image to base64 object
2022-09-07 20:35:20,471:INFO:youtube:mongo_client created.
2022-09-07 20:35:20,822:INFO:youtube:database YouTube-Scrapper is present.
2022-09-07 20:35:20,848:INFO:youtube:mongo_client connection closed.
2022-09-07 20:35:24,897:INFO:youtube:mongo_client created.
2022-09-07 20:35:24,898:INFO:youtube:mongo_client connection closed.
2022-09-07 20:35:25,336:INFO:youtube:collection Video-Data is present.
2022-09-07 20:35:29,376:INFO:youtube:mongo_client created.
2022-09-07 20:35:29,376:INFO:youtube:mongo_client connection closed.
2022-09-07 20:35:29,873:ERROR:youtube:(insert_records): Failed to insert records 
 batch op errors occurred
2022-09-07 20:35:29,874:ERROR:youtube:Traceback (most recent call last):
  File "E:\Python_Work\Python_Exercise\Python_Exercise\ineuron\Project\final_version_youtuveScrapper\mongodb_connection.py", line 170, in insert_records
    collection.insert_many(record)
  File "E:\Python_Work\Python_Exercise\Python_Exercise\ineuron\Project\final_version_youtuveScrapper\venv\lib\site-packages\pymongo\collection.py", line 758, in insert_many
    blk.execute(write_concern, session=session)
  File "E:\Python_Work\Python_Exercise\Python_Exercise\ineuron\Project\final_version_youtuveScrapper\venv\lib\site-packages\pymongo\bulk.py", line 511, in execute
    return self.execute_command(generator, write_concern, session)
  File "E:\Python_Work\Python_Exercise\Python_Exercise\ineuron\Project\final_version_youtuveScrapper\venv\lib\site-packages\pymongo\bulk.py", line 349, in execute_command
    _raise_bulk_write_error(full_result)
  File "E:\Python_Work\Python_Exercise\Python_Exercise\ineuron\Project\final_version_youtuveScrapper\venv\lib\site-packages\pymongo\bulk.py", line 140, in _raise_bulk_write_error
    raise BulkWriteError(full_result)
pymongo.errors.BulkWriteError: batch op errors occurred

2022-09-07 20:35:29,874:INFO:youtube:Data inserted in mongodb
2022-09-07 20:35:59,715:INFO:youtube:Created thumbnail urls image to base64 object
2022-09-07 20:36:03,763:INFO:youtube:mongo_client created.
2022-09-07 20:36:04,142:INFO:youtube:database YouTube-Scrapper is present.
2022-09-07 20:36:04,168:INFO:youtube:mongo_client connection closed.
2022-09-07 20:36:08,210:INFO:youtube:mongo_client created.
2022-09-07 20:36:08,211:INFO:youtube:mongo_client connection closed.
2022-09-07 20:36:08,558:INFO:youtube:collection Video-Data is present.
2022-09-07 20:36:12,592:INFO:youtube:mongo_client created.
2022-09-07 20:36:12,592:INFO:youtube:mongo_client connection closed.
2022-09-07 20:36:13,094:ERROR:youtube:(insert_records): Failed to insert records 
 batch op errors occurred
2022-09-07 20:36:13,095:ERROR:youtube:Traceback (most recent call last):
  File "E:\Python_Work\Python_Exercise\Python_Exercise\ineuron\Project\final_version_youtuveScrapper\mongodb_connection.py", line 170, in insert_records
    collection.insert_many(record)
  File "E:\Python_Work\Python_Exercise\Python_Exercise\ineuron\Project\final_version_youtuveScrapper\venv\lib\site-packages\pymongo\collection.py", line 758, in insert_many
    blk.execute(write_concern, session=session)
  File "E:\Python_Work\Python_Exercise\Python_Exercise\ineuron\Project\final_version_youtuveScrapper\venv\lib\site-packages\pymongo\bulk.py", line 511, in execute
    return self.execute_command(generator, write_concern, session)
  File "E:\Python_Work\Python_Exercise\Python_Exercise\ineuron\Project\final_version_youtuveScrapper\venv\lib\site-packages\pymongo\bulk.py", line 349, in execute_command
    _raise_bulk_write_error(full_result)
  File "E:\Python_Work\Python_Exercise\Python_Exercise\ineuron\Project\final_version_youtuveScrapper\venv\lib\site-packages\pymongo\bulk.py", line 140, in _raise_bulk_write_error
    raise BulkWriteError(full_result)
pymongo.errors.BulkWriteError: batch op errors occurred

2022-09-07 20:36:13,095:INFO:youtube:Data inserted in mongodb
2022-09-07 20:36:51,776:INFO:youtube:Created thumbnail urls image to base64 object
2022-09-07 20:36:55,809:INFO:youtube:mongo_client created.
2022-09-07 20:36:56,229:INFO:youtube:database YouTube-Scrapper is present.
2022-09-07 20:36:56,267:INFO:youtube:mongo_client connection closed.
2022-09-07 20:37:00,316:INFO:youtube:mongo_client created.
2022-09-07 20:37:00,317:INFO:youtube:mongo_client connection closed.
2022-09-07 20:37:00,612:INFO:youtube:collection Video-Data is present.
2022-09-07 20:37:04,664:INFO:youtube:mongo_client created.
2022-09-07 20:37:04,664:INFO:youtube:mongo_client connection closed.
2022-09-07 20:37:05,064:ERROR:youtube:(insert_records): Failed to insert records 
 batch op errors occurred
2022-09-07 20:37:05,065:ERROR:youtube:Traceback (most recent call last):
  File "E:\Python_Work\Python_Exercise\Python_Exercise\ineuron\Project\final_version_youtuveScrapper\mongodb_connection.py", line 170, in insert_records
    collection.insert_many(record)
  File "E:\Python_Work\Python_Exercise\Python_Exercise\ineuron\Project\final_version_youtuveScrapper\venv\lib\site-packages\pymongo\collection.py", line 758, in insert_many
    blk.execute(write_concern, session=session)
  File "E:\Python_Work\Python_Exercise\Python_Exercise\ineuron\Project\final_version_youtuveScrapper\venv\lib\site-packages\pymongo\bulk.py", line 511, in execute
    return self.execute_command(generator, write_concern, session)
  File "E:\Python_Work\Python_Exercise\Python_Exercise\ineuron\Project\final_version_youtuveScrapper\venv\lib\site-packages\pymongo\bulk.py", line 349, in execute_command
    _raise_bulk_write_error(full_result)
  File "E:\Python_Work\Python_Exercise\Python_Exercise\ineuron\Project\final_version_youtuveScrapper\venv\lib\site-packages\pymongo\bulk.py", line 140, in _raise_bulk_write_error
    raise BulkWriteError(full_result)
pymongo.errors.BulkWriteError: batch op errors occurred

2022-09-07 20:37:05,065:INFO:youtube:Data inserted in mongodb
2022-09-07 20:37:46,254:INFO:youtube:Created thumbnail urls image to base64 object
2022-09-07 20:37:50,296:INFO:youtube:mongo_client created.
2022-09-07 20:37:50,639:INFO:youtube:database YouTube-Scrapper is present.
2022-09-07 20:37:50,666:INFO:youtube:mongo_client connection closed.
2022-09-07 20:37:54,714:INFO:youtube:mongo_client created.
2022-09-07 20:37:54,715:INFO:youtube:mongo_client connection closed.
2022-09-07 20:37:55,007:INFO:youtube:collection Video-Data is present.
2022-09-07 20:37:59,042:INFO:youtube:mongo_client created.
2022-09-07 20:37:59,043:INFO:youtube:mongo_client connection closed.
2022-09-07 20:37:59,437:ERROR:youtube:(insert_records): Failed to insert records 
 batch op errors occurred
2022-09-07 20:37:59,437:ERROR:youtube:Traceback (most recent call last):
  File "E:\Python_Work\Python_Exercise\Python_Exercise\ineuron\Project\final_version_youtuveScrapper\mongodb_connection.py", line 170, in insert_records
    collection.insert_many(record)
  File "E:\Python_Work\Python_Exercise\Python_Exercise\ineuron\Project\final_version_youtuveScrapper\venv\lib\site-packages\pymongo\collection.py", line 758, in insert_many
    blk.execute(write_concern, session=session)
  File "E:\Python_Work\Python_Exercise\Python_Exercise\ineuron\Project\final_version_youtuveScrapper\venv\lib\site-packages\pymongo\bulk.py", line 511, in execute
    return self.execute_command(generator, write_concern, session)
  File "E:\Python_Work\Python_Exercise\Python_Exercise\ineuron\Project\final_version_youtuveScrapper\venv\lib\site-packages\pymongo\bulk.py", line 349, in execute_command
    _raise_bulk_write_error(full_result)
  File "E:\Python_Work\Python_Exercise\Python_Exercise\ineuron\Project\final_version_youtuveScrapper\venv\lib\site-packages\pymongo\bulk.py", line 140, in _raise_bulk_write_error
    raise BulkWriteError(full_result)
pymongo.errors.BulkWriteError: batch op errors occurred

2022-09-07 20:37:59,437:INFO:youtube:Data inserted in mongodb
2022-09-07 20:39:38,928:INFO:youtube:Created thumbnail urls image to base64 object
2022-09-07 20:39:42,983:INFO:youtube:mongo_client created.
2022-09-07 20:39:43,307:INFO:youtube:database YouTube-Scrapper is present.
2022-09-07 20:39:43,342:INFO:youtube:mongo_client connection closed.
2022-09-07 20:39:47,374:INFO:youtube:mongo_client created.
2022-09-07 20:39:47,374:INFO:youtube:mongo_client connection closed.
2022-09-07 20:39:47,673:INFO:youtube:collection Video-Data is present.
2022-09-07 20:39:51,755:INFO:youtube:mongo_client created.
2022-09-07 20:39:51,756:INFO:youtube:mongo_client connection closed.
2022-09-07 20:39:52,378:ERROR:youtube:(insert_records): Failed to insert records 
 batch op errors occurred
2022-09-07 20:39:52,378:ERROR:youtube:Traceback (most recent call last):
  File "E:\Python_Work\Python_Exercise\Python_Exercise\ineuron\Project\final_version_youtuveScrapper\mongodb_connection.py", line 170, in insert_records
    collection.insert_many(record)
  File "E:\Python_Work\Python_Exercise\Python_Exercise\ineuron\Project\final_version_youtuveScrapper\venv\lib\site-packages\pymongo\collection.py", line 758, in insert_many
    blk.execute(write_concern, session=session)
  File "E:\Python_Work\Python_Exercise\Python_Exercise\ineuron\Project\final_version_youtuveScrapper\venv\lib\site-packages\pymongo\bulk.py", line 511, in execute
    return self.execute_command(generator, write_concern, session)
  File "E:\Python_Work\Python_Exercise\Python_Exercise\ineuron\Project\final_version_youtuveScrapper\venv\lib\site-packages\pymongo\bulk.py", line 349, in execute_command
    _raise_bulk_write_error(full_result)
  File "E:\Python_Work\Python_Exercise\Python_Exercise\ineuron\Project\final_version_youtuveScrapper\venv\lib\site-packages\pymongo\bulk.py", line 140, in _raise_bulk_write_error
    raise BulkWriteError(full_result)
pymongo.errors.BulkWriteError: batch op errors occurred

2022-09-07 20:39:52,379:INFO:youtube:Data inserted in mongodb
2022-09-07 20:40:24,649:INFO:youtube:Created thumbnail urls image to base64 object
2022-09-07 20:40:28,697:INFO:youtube:mongo_client created.
2022-09-07 20:40:29,120:INFO:youtube:database YouTube-Scrapper is present.
2022-09-07 20:40:29,146:INFO:youtube:mongo_client connection closed.
2022-09-07 20:40:33,187:INFO:youtube:mongo_client created.
2022-09-07 20:40:33,187:INFO:youtube:mongo_client connection closed.
2022-09-07 20:40:33,538:INFO:youtube:collection Video-Data is present.
2022-09-07 20:40:37,584:INFO:youtube:mongo_client created.
2022-09-07 20:40:37,584:INFO:youtube:mongo_client connection closed.
2022-09-07 20:40:38,004:ERROR:youtube:(insert_records): Failed to insert records 
 batch op errors occurred
2022-09-07 20:40:38,005:ERROR:youtube:Traceback (most recent call last):
  File "E:\Python_Work\Python_Exercise\Python_Exercise\ineuron\Project\final_version_youtuveScrapper\mongodb_connection.py", line 170, in insert_records
    collection.insert_many(record)
  File "E:\Python_Work\Python_Exercise\Python_Exercise\ineuron\Project\final_version_youtuveScrapper\venv\lib\site-packages\pymongo\collection.py", line 758, in insert_many
    blk.execute(write_concern, session=session)
  File "E:\Python_Work\Python_Exercise\Python_Exercise\ineuron\Project\final_version_youtuveScrapper\venv\lib\site-packages\pymongo\bulk.py", line 511, in execute
    return self.execute_command(generator, write_concern, session)
  File "E:\Python_Work\Python_Exercise\Python_Exercise\ineuron\Project\final_version_youtuveScrapper\venv\lib\site-packages\pymongo\bulk.py", line 349, in execute_command
    _raise_bulk_write_error(full_result)
  File "E:\Python_Work\Python_Exercise\Python_Exercise\ineuron\Project\final_version_youtuveScrapper\venv\lib\site-packages\pymongo\bulk.py", line 140, in _raise_bulk_write_error
    raise BulkWriteError(full_result)
pymongo.errors.BulkWriteError: batch op errors occurred

2022-09-07 20:40:38,005:INFO:youtube:Data inserted in mongodb
2022-09-07 20:41:08,615:INFO:youtube:Created thumbnail urls image to base64 object
2022-09-07 20:41:12,680:INFO:youtube:mongo_client created.
2022-09-07 20:41:12,997:INFO:youtube:database YouTube-Scrapper is present.
2022-09-07 20:41:13,030:INFO:youtube:mongo_client connection closed.
2022-09-07 20:41:17,072:INFO:youtube:mongo_client created.
2022-09-07 20:41:17,072:INFO:youtube:mongo_client connection closed.
2022-09-07 20:41:17,503:INFO:youtube:collection Video-Data is present.
2022-09-07 20:41:21,541:INFO:youtube:mongo_client created.
2022-09-07 20:41:21,542:INFO:youtube:mongo_client connection closed.
2022-09-07 20:41:22,078:ERROR:youtube:(insert_records): Failed to insert records 
 batch op errors occurred
2022-09-07 20:41:22,079:ERROR:youtube:Traceback (most recent call last):
  File "E:\Python_Work\Python_Exercise\Python_Exercise\ineuron\Project\final_version_youtuveScrapper\mongodb_connection.py", line 170, in insert_records
    collection.insert_many(record)
  File "E:\Python_Work\Python_Exercise\Python_Exercise\ineuron\Project\final_version_youtuveScrapper\venv\lib\site-packages\pymongo\collection.py", line 758, in insert_many
    blk.execute(write_concern, session=session)
  File "E:\Python_Work\Python_Exercise\Python_Exercise\ineuron\Project\final_version_youtuveScrapper\venv\lib\site-packages\pymongo\bulk.py", line 511, in execute
    return self.execute_command(generator, write_concern, session)
  File "E:\Python_Work\Python_Exercise\Python_Exercise\ineuron\Project\final_version_youtuveScrapper\venv\lib\site-packages\pymongo\bulk.py", line 349, in execute_command
    _raise_bulk_write_error(full_result)
  File "E:\Python_Work\Python_Exercise\Python_Exercise\ineuron\Project\final_version_youtuveScrapper\venv\lib\site-packages\pymongo\bulk.py", line 140, in _raise_bulk_write_error
    raise BulkWriteError(full_result)
pymongo.errors.BulkWriteError: batch op errors occurred

2022-09-07 20:41:22,079:INFO:youtube:Data inserted in mongodb
2022-09-07 20:41:56,645:INFO:youtube:Connected with snowflakes
2022-09-07 20:41:57,595:INFO:youtube:Connected with snowflakes.
2022-09-07 20:41:57,595:INFO:youtube:sql select * from CHANNEL_VIDEOS where USERID = 'saurabhexponent1';
2022-09-07 20:42:13,601:INFO:youtube:Open the URL
2022-09-07 20:42:14,651:INFO:youtube:Video deleted in local folder
2022-09-07 20:42:15,218:INFO:youtube:service created successfully drive
2022-09-07 20:42:15,219:INFO:youtube:Created G Drive connector
2022-09-07 20:42:15,220:INFO:youtube:Stored channel name and video details in database
2022-09-07 20:42:15,874:INFO:youtube:Connected with snowflakes.
2022-09-07 20:42:16,071:ERROR:youtube:Error! range() arg 3 must not be zero
2022-09-07 20:42:16,651:ERROR:youtube:Traceback (most recent call last):
  File "E:\Python_Work\Python_Exercise\Python_Exercise\ineuron\Project\final_version_youtuveScrapper\snowflakes_connection.py", line 97, in insert_data
    success, nchunks, nrows, _ = write_pandas(
  File "E:\Python_Work\Python_Exercise\Python_Exercise\ineuron\Project\final_version_youtuveScrapper\venv\lib\site-packages\snowflake\connector\pandas_tools.py", line 183, in write_pandas
    for i, chunk in chunk_helper(df, chunk_size):
  File "E:\Python_Work\Python_Exercise\Python_Exercise\ineuron\Project\final_version_youtuveScrapper\venv\lib\site-packages\snowflake\connector\pandas_tools.py", line 37, in chunk_helper
    for i in range(0, len(lst), n):
ValueError: range() arg 3 must not be zero

2022-09-07 20:42:16,651:INFO:youtube:Stored each video details in database
2022-09-07 20:42:16,651:INFO:youtube:Urls: []
2022-09-07 20:42:20,566:INFO:youtube:Connected with snowflakes.
2022-09-07 20:42:20,720:ERROR:youtube:Error! range() arg 3 must not be zero
2022-09-07 20:42:20,720:ERROR:youtube:Traceback (most recent call last):
  File "E:\Python_Work\Python_Exercise\Python_Exercise\ineuron\Project\final_version_youtuveScrapper\snowflakes_connection.py", line 97, in insert_data
    success, nchunks, nrows, _ = write_pandas(
  File "E:\Python_Work\Python_Exercise\Python_Exercise\ineuron\Project\final_version_youtuveScrapper\venv\lib\site-packages\snowflake\connector\pandas_tools.py", line 183, in write_pandas
    for i, chunk in chunk_helper(df, chunk_size):
  File "E:\Python_Work\Python_Exercise\Python_Exercise\ineuron\Project\final_version_youtuveScrapper\venv\lib\site-packages\snowflake\connector\pandas_tools.py", line 37, in chunk_helper
    for i in range(0, len(lst), n):
ValueError: range() arg 3 must not be zero

2022-09-07 20:42:20,720:INFO:youtube:Stored each video comments in Mongodb
2022-09-07 20:42:20,761:INFO:youtube:search_id: saurabhexponent1 
2022-09-07 20:42:21,604:INFO:youtube:Connected with snowflakes.
2022-09-07 20:42:21,604:INFO:youtube:sql select top 30 * from CHANNEL_VIDEOS where USERID = 'saurabhexponent1';
2022-09-07 20:42:22,344:INFO:youtube:Connected with snowflakes.
2022-09-07 20:42:22,345:INFO:youtube:sql select * from VIDEO_INFO where USERID = 'saurabhexponent1';
2022-09-07 20:46:18,612:INFO:youtube:Connected with snowflakes
2022-09-07 20:46:19,975:INFO:youtube:Connected with snowflakes.
2022-09-07 20:46:19,975:INFO:youtube:sql select * from CHANNEL_VIDEOS where USERID = 'saurabhexponent1';
2022-09-07 20:46:30,809:INFO:youtube:Open the URL
2022-09-07 20:46:32,665:INFO:youtube:Video deleted in local folder
2022-09-07 20:46:32,680:INFO:youtube:service created successfully drive
2022-09-07 20:46:32,680:INFO:youtube:Created G Drive connector
2022-09-07 20:46:41,791:INFO:youtube:Downloading video Meet My Teacher | Teacher's Day Special | @UCd-HN6ZBWIFJdG6KSLATd6g
2022-09-07 20:46:42,628:INFO:youtube:Already Uploaded file to https://drive.google.com/open?id=156hM5q3q7R1MZ0oXhTkYTcd5v9IAkggP
2022-09-07 20:46:42,628:INFO:youtube:Video Uploaded in G Drive: https://drive.google.com/open?id=156hM5q3q7R1MZ0oXhTkYTcd5v9IAkggP
2022-09-07 20:46:50,688:INFO:youtube:Downloading video Teacher's Day Special Announcement | Offers | Neuro Labs | New Batch
2022-09-07 20:46:51,223:INFO:youtube:Already Uploaded file to https://drive.google.com/open?id=14m4VyRr7_cZRVaCn81wCIu-V-KZsaPvU
2022-09-07 20:46:51,223:INFO:youtube:Video Uploaded in G Drive: https://drive.google.com/open?id=14m4VyRr7_cZRVaCn81wCIu-V-KZsaPvU
2022-09-07 20:46:54,781:INFO:youtube:Downloading video Best Programming Course in Hindi
2022-09-07 20:46:55,311:INFO:youtube:Already Uploaded file to https://drive.google.com/open?id=1nijSakQsi2V3IE566sE8_P9dJCEASxQI
2022-09-07 20:46:55,311:INFO:youtube:Video Uploaded in G Drive: https://drive.google.com/open?id=1nijSakQsi2V3IE566sE8_P9dJCEASxQI
2022-09-07 20:46:55,314:INFO:youtube:Stored channel name and video details in database
2022-09-07 20:46:56,524:INFO:youtube:Connected with snowflakes.
2022-09-07 20:47:01,491:INFO:youtube:Successfully inserted Data in CHANNEL_VIDEOS
2022-09-07 20:47:01,491:INFO:youtube:Stored each video details in database
2022-09-07 20:47:01,491:INFO:youtube:Urls: ['/watch?v=DjxFTs4ZuU8', '/watch?v=uJesWe403HM', '/watch?v=PPRlWvX3f9Y']
2022-09-07 20:47:44,142:INFO:youtube:Created thumbnail urls image to base64 object
2022-09-07 20:47:48,273:INFO:youtube:mongo_client created.
2022-09-07 20:47:48,591:INFO:youtube:database YouTube-Scrapper is present.
2022-09-07 20:47:48,622:INFO:youtube:mongo_client connection closed.
2022-09-07 20:47:52,670:INFO:youtube:mongo_client created.
2022-09-07 20:47:52,671:INFO:youtube:mongo_client connection closed.
2022-09-07 20:47:53,022:INFO:youtube:collection Video-Data is present.
2022-09-07 20:50:59,098:INFO:youtube:mongo_client created.
2022-09-07 20:50:59,098:INFO:youtube:mongo_client connection closed.
2022-09-07 22:51:23,464:INFO:youtube:Connected with snowflakes
2022-09-07 22:51:24,883:INFO:youtube:Connected with snowflakes.
2022-09-07 22:51:24,883:INFO:youtube:sql select * from CHANNEL_VIDEOS where USERID = 'saurabhexponent1';
2022-09-07 22:51:26,923:INFO:youtube:Data is available in database
2022-09-07 22:51:26,929:INFO:youtube:search_id: saurabhexponent1 
2022-09-07 22:51:27,381:INFO:youtube:Connected with snowflakes.
2022-09-07 22:51:27,381:INFO:youtube:sql select top 1 * from CHANNEL_VIDEOS where USERID = 'saurabhexponent1';
2022-09-07 22:51:30,601:INFO:youtube:Connected with snowflakes.
2022-09-07 22:51:30,602:INFO:youtube:sql select * from VIDEO_INFO where USERID = 'saurabhexponent1';
2022-09-07 22:52:15,109:INFO:youtube:Connected with snowflakes
2022-09-07 22:52:15,734:INFO:youtube:Connected with snowflakes.
2022-09-07 22:52:15,734:INFO:youtube:sql select * from CHANNEL_VIDEOS where USERID = 'javaboynavin';
2022-09-07 22:53:05,783:INFO:youtube:Open the URL
2022-09-07 22:53:06,840:INFO:youtube:Video deleted in local folder
2022-09-07 22:53:07,035:INFO:youtube:service created successfully drive
2022-09-07 22:53:07,035:INFO:youtube:Created G Drive connector
2022-09-07 22:53:09,460:INFO:youtube:Downloading video Free Coding Platform | Neuro Lab
2022-09-07 22:53:13,040:INFO:youtube:Uploaded file to https://drive.google.com/open?id=1mTPPlcCeUvTRibRtVB4r5cBNWkYJyBNR
2022-09-07 22:53:13,041:INFO:youtube:Video Uploaded in G Drive: https://drive.google.com/open?id=1mTPPlcCeUvTRibRtVB4r5cBNWkYJyBNR
2022-09-07 22:53:13,043:INFO:youtube:Stored channel name and video details in database
2022-09-07 22:53:13,736:INFO:youtube:Connected with snowflakes.
2022-09-07 22:53:19,021:INFO:youtube:Successfully inserted Data in CHANNEL_VIDEOS
2022-09-07 22:53:19,021:INFO:youtube:Stored each video details in database
2022-09-07 22:53:19,022:INFO:youtube:Urls: ['/watch?v=gkRy67OCCpQ']
2022-09-07 22:54:00,859:INFO:youtube:Created thumbnail urls image to base64 object
2022-09-07 22:54:04,928:INFO:youtube:mongo_client created.
2022-09-07 22:54:05,305:INFO:youtube:database YouTube-Scrapper is present.
2022-09-07 22:54:05,336:INFO:youtube:mongo_client connection closed.
2022-09-07 22:54:09,382:INFO:youtube:mongo_client created.
2022-09-07 22:54:09,382:INFO:youtube:mongo_client connection closed.
2022-09-07 22:54:13,879:INFO:youtube:mongo_client created.
2022-09-07 22:54:13,880:INFO:youtube:mongo_client connection closed.
2022-09-07 22:54:17,950:INFO:youtube:mongo_client created.
2022-09-07 22:54:18,414:INFO:youtube:database YouTube-Scrapper is present.
2022-09-07 22:54:18,455:INFO:youtube:mongo_client connection closed.
2022-09-07 22:54:22,498:INFO:youtube:mongo_client created.
2022-09-07 22:54:26,536:INFO:youtube:mongo_client created.
2022-09-07 22:54:26,991:INFO:youtube:database YouTube-Scrapper is present.
2022-09-07 22:54:27,029:INFO:youtube:mongo_client connection closed.
2022-09-07 22:54:31,064:INFO:youtube:mongo_client created.
2022-09-07 22:54:31,064:INFO:youtube:mongo_client connection closed.
2022-09-07 22:54:35,638:INFO:youtube:mongo_client created.
2022-09-07 22:54:35,638:INFO:youtube:mongo_client connection closed.
2022-09-07 22:54:35,638:INFO:youtube:Collection Video-Data1 created.
2022-09-07 22:54:36,016:ERROR:youtube:Error! (insert_records): Failed to insert records 
 batch op errors occurred
2022-09-07 22:54:36,026:ERROR:youtube:Traceback (most recent call last):
  File "E:\Python_Work\Python_Exercise\Python_Exercise\ineuron\Project\final_version_youtuveScrapper\mongodb_connection.py", line 177, in insert_records
    collection.insert_many(record)
  File "E:\Python_Work\Python_Exercise\Python_Exercise\ineuron\Project\final_version_youtuveScrapper\venv\lib\site-packages\pymongo\collection.py", line 758, in insert_many
    blk.execute(write_concern, session=session)
  File "E:\Python_Work\Python_Exercise\Python_Exercise\ineuron\Project\final_version_youtuveScrapper\venv\lib\site-packages\pymongo\bulk.py", line 511, in execute
    return self.execute_command(generator, write_concern, session)
  File "E:\Python_Work\Python_Exercise\Python_Exercise\ineuron\Project\final_version_youtuveScrapper\venv\lib\site-packages\pymongo\bulk.py", line 349, in execute_command
    _raise_bulk_write_error(full_result)
  File "E:\Python_Work\Python_Exercise\Python_Exercise\ineuron\Project\final_version_youtuveScrapper\venv\lib\site-packages\pymongo\bulk.py", line 140, in _raise_bulk_write_error
    raise BulkWriteError(full_result)
pymongo.errors.BulkWriteError: batch op errors occurred

During handling of the above exception, another exception occurred:

Traceback (most recent call last):
  File "E:\Python_Work\Python_Exercise\Python_Exercise\ineuron\Project\final_version_youtuveScrapper\youtube_scrapping.py", line 218, in video_info
    mongo_client.insert_records(
  File "E:\Python_Work\Python_Exercise\Python_Exercise\ineuron\Project\final_version_youtuveScrapper\mongodb_connection.py", line 181, in insert_records
    raise Exception(
Exception: (insert_records): Failed to insert records 
 batch op errors occurred

2022-09-07 22:54:36,766:INFO:youtube:Connected with snowflakes.
2022-09-07 22:54:36,767:ERROR:youtube:Error! object of type 'NoneType' has no len()
2022-09-07 22:54:36,834:ERROR:youtube:Traceback (most recent call last):
  File "E:\Python_Work\Python_Exercise\Python_Exercise\ineuron\Project\final_version_youtuveScrapper\snowflakes_connection.py", line 97, in insert_data
    success, nchunks, nrows, _ = write_pandas(
  File "E:\Python_Work\Python_Exercise\Python_Exercise\ineuron\Project\final_version_youtuveScrapper\venv\lib\site-packages\snowflake\connector\pandas_tools.py", line 162, in write_pandas
    chunk_size = len(df)
TypeError: object of type 'NoneType' has no len()

2022-09-07 22:54:36,834:INFO:youtube:Stored each video comments in Mongodb
2022-09-07 22:54:39,017:INFO:youtube:search_id: javaboynavin 
2022-09-07 22:54:39,683:INFO:youtube:Connected with snowflakes.
2022-09-07 22:54:39,683:INFO:youtube:sql select top 1 * from CHANNEL_VIDEOS where USERID = 'javaboynavin';
2022-09-07 22:54:42,033:INFO:youtube:Connected with snowflakes.
2022-09-07 22:54:42,033:INFO:youtube:sql select * from VIDEO_INFO where USERID = 'javaboynavin';
2022-09-07 23:15:02,614:INFO:youtube:Connected with snowflakes
2022-09-07 23:15:03,562:INFO:youtube:Connected with snowflakes.
2022-09-07 23:15:03,562:INFO:youtube:sql select * from CHANNEL_VIDEOS where USERID = 'javaboynavin';
2022-09-07 23:15:13,808:INFO:youtube:Open the URL
2022-09-07 23:15:14,731:INFO:youtube:Video deleted in local folder
2022-09-07 23:15:14,743:INFO:youtube:service created successfully drive
2022-09-07 23:15:14,743:INFO:youtube:Created G Drive connector
2022-09-07 23:15:14,746:INFO:youtube:Stored channel name and video details in database
2022-09-07 23:15:15,410:INFO:youtube:Connected with snowflakes.
2022-09-07 23:15:15,572:ERROR:youtube:Error! range() arg 3 must not be zero
2022-09-07 23:15:15,578:ERROR:youtube:Traceback (most recent call last):
  File "E:\Python_Work\Python_Exercise\Python_Exercise\ineuron\Project\final_version_youtuveScrapper\snowflakes_connection.py", line 97, in insert_data
    success, nchunks, nrows, _ = write_pandas(
  File "E:\Python_Work\Python_Exercise\Python_Exercise\ineuron\Project\final_version_youtuveScrapper\venv\lib\site-packages\snowflake\connector\pandas_tools.py", line 183, in write_pandas
    for i, chunk in chunk_helper(df, chunk_size):
  File "E:\Python_Work\Python_Exercise\Python_Exercise\ineuron\Project\final_version_youtuveScrapper\venv\lib\site-packages\snowflake\connector\pandas_tools.py", line 37, in chunk_helper
    for i in range(0, len(lst), n):
ValueError: range() arg 3 must not be zero

2022-09-07 23:15:15,578:INFO:youtube:Stored each video details in database
2022-09-07 23:15:15,578:INFO:youtube:Urls: []
2022-09-07 23:15:18,590:INFO:youtube:Connected with snowflakes.
2022-09-07 23:15:18,748:ERROR:youtube:Error! range() arg 3 must not be zero
2022-09-07 23:15:18,748:ERROR:youtube:Traceback (most recent call last):
  File "E:\Python_Work\Python_Exercise\Python_Exercise\ineuron\Project\final_version_youtuveScrapper\snowflakes_connection.py", line 97, in insert_data
    success, nchunks, nrows, _ = write_pandas(
  File "E:\Python_Work\Python_Exercise\Python_Exercise\ineuron\Project\final_version_youtuveScrapper\venv\lib\site-packages\snowflake\connector\pandas_tools.py", line 183, in write_pandas
    for i, chunk in chunk_helper(df, chunk_size):
  File "E:\Python_Work\Python_Exercise\Python_Exercise\ineuron\Project\final_version_youtuveScrapper\venv\lib\site-packages\snowflake\connector\pandas_tools.py", line 37, in chunk_helper
    for i in range(0, len(lst), n):
ValueError: range() arg 3 must not be zero

2022-09-07 23:15:18,748:INFO:youtube:Stored each video comments in Mongodb
2022-09-07 23:15:18,754:INFO:youtube:search_id: javaboynavin 
2022-09-07 23:15:19,443:INFO:youtube:Connected with snowflakes.
2022-09-07 23:15:19,443:INFO:youtube:sql select top 1 * from CHANNEL_VIDEOS where USERID = 'javaboynavin';
2022-09-07 23:15:20,030:INFO:youtube:Connected with snowflakes.
2022-09-07 23:15:20,031:INFO:youtube:sql select * from VIDEO_INFO where USERID = 'javaboynavin';
2022-09-07 23:24:35,582:INFO:youtube:Connected with snowflakes
2022-09-07 23:24:36,961:INFO:youtube:Connected with snowflakes.
2022-09-07 23:24:36,961:INFO:youtube:sql select * from CHANNEL_VIDEOS where USERID = 'javaboynavin';
2022-09-07 23:24:46,949:INFO:youtube:Open the URL
2022-09-07 23:24:48,767:INFO:youtube:Video deleted in local folder
2022-09-07 23:24:48,781:INFO:youtube:service created successfully drive
2022-09-07 23:24:48,781:INFO:youtube:Created G Drive connector
2022-09-07 23:24:48,784:INFO:youtube:Stored channel name and video details in database
2022-09-07 23:24:48,784:ERROR:youtube:Error 'SnowflakesConn' object has no attribute 'insert_data'
2022-09-07 23:24:48,788:ERROR:youtube:Traceback (most recent call last):
  File "E:\Python_Work\Python_Exercise\Python_Exercise\ineuron\Project\final_version_youtuveScrapper\app.py", line 78, in index
    conn.insert_data(search_object, "CHANNEL_VIDEOS")
AttributeError: 'SnowflakesConn' object has no attribute 'insert_data'

2022-09-07 23:27:45,569:INFO:youtube:Connected with snowflakes
2022-09-07 23:27:47,008:INFO:youtube:Connected with snowflakes.
2022-09-07 23:27:47,009:INFO:youtube:sql select * from CHANNEL_VIDEOS where USERID = 'javaboynavin';
2022-09-07 23:27:56,911:INFO:youtube:Open the URL
2022-09-07 23:27:58,657:INFO:youtube:Video deleted in local folder
2022-09-07 23:27:58,734:INFO:youtube:service created successfully drive
2022-09-07 23:27:58,735:INFO:youtube:Created G Drive connector
2022-09-07 23:27:58,736:INFO:youtube:Stored channel name and video details in database
2022-09-07 23:28:05,148:INFO:youtube:Connected with snowflakes.
2022-09-07 23:30:49,417:INFO:youtube:Connected with snowflakes
2022-09-07 23:30:50,573:INFO:youtube:Connected with snowflakes.
2022-09-07 23:30:50,574:INFO:youtube:sql select * from CHANNEL_VIDEOS where USERID = 'javaboynavin';
2022-09-07 23:31:03,971:INFO:youtube:Open the URL
2022-09-07 23:52:51,032:INFO:youtube:Video deleted in local folder
2022-09-07 23:52:52,143:INFO:youtube:service created successfully drive
2022-09-07 23:52:53,200:INFO:youtube:Created G Drive connector
2022-09-07 23:53:46,580:INFO:youtube:Connected with snowflakes
2022-09-07 23:53:47,763:INFO:youtube:Connected with snowflakes.
2022-09-07 23:53:47,763:INFO:youtube:sql select * from CHANNEL_VIDEOS where USERID = 'javaboynavin';
2022-09-07 23:53:58,108:INFO:youtube:Open the URL
2022-09-07 23:55:02,604:INFO:youtube:Connected with snowflakes
2022-09-07 23:55:03,749:INFO:youtube:Connected with snowflakes.
2022-09-07 23:55:03,749:INFO:youtube:sql select * from CHANNEL_VIDEOS where USERID = 'javaboynavin';
2022-09-07 23:56:05,932:INFO:youtube:Connected with snowflakes
2022-09-07 23:56:07,748:INFO:youtube:Connected with snowflakes.
2022-09-07 23:56:07,748:INFO:youtube:sql select * from CHANNEL_VIDEOS where USERID = 'javaboynavin';
2022-09-07 23:57:51,216:INFO:youtube:Open the URL
2022-09-07 23:57:54,443:INFO:youtube:Video deleted in local folder
2022-09-07 23:57:54,851:INFO:youtube:service created successfully drive
2022-09-07 23:57:54,851:INFO:youtube:Created G Drive connector
2022-09-07 23:58:05,328:INFO:youtube:Downloading video Free Coding Platform | Neuro Lab
2022-09-07 23:58:06,564:INFO:youtube:Already Uploaded file to https://drive.google.com/open?id=1mTPPlcCeUvTRibRtVB4r5cBNWkYJyBNR
2022-09-07 23:58:08,121:INFO:youtube:Video Uploaded in G Drive: https://drive.google.com/open?id=1mTPPlcCeUvTRibRtVB4r5cBNWkYJyBNR
2022-09-07 23:58:25,504:INFO:youtube:Stored channel name and video details in database
2022-09-07 23:58:31,270:INFO:youtube:Connected with snowflakes.
2022-09-07 23:58:42,503:INFO:youtube:Successfully inserted Data in CHANNEL_VIDEOS
2022-09-07 23:58:44,907:INFO:youtube:Stored each video details in database
2022-09-07 23:58:45,512:INFO:youtube:Urls: ['/watch?v=gkRy67OCCpQ']
2022-09-07 23:59:32,548:INFO:youtube:Created thumbnail urls image to base64 object
2022-09-07 23:59:36,765:INFO:youtube:mongo_client created.
2022-09-07 23:59:37,331:INFO:youtube:database YouTube-Scrapper is present.
2022-09-07 23:59:37,372:INFO:youtube:mongo_client connection closed.
2022-09-07 23:59:41,428:INFO:youtube:mongo_client created.
2022-09-07 23:59:41,429:INFO:youtube:mongo_client connection closed.
2022-09-07 23:59:41,899:INFO:youtube:collection Video-Data1 is present.
2022-09-07 23:59:56,351:INFO:youtube:mongo_client created.
2022-09-07 23:59:56,872:INFO:youtube:mongo_client connection closed.
2022-09-08 00:00:00,424:ERROR:youtube:Error! (insert_records): Failed to insert records 
 batch op errors occurred
2022-09-08 00:00:00,476:ERROR:youtube:Traceback (most recent call last):
  File "E:\Python_Work\Python_Exercise\Python_Exercise\ineuron\Project\final_version_youtuveScrapper\mongodb_connection.py", line 170, in insert_records
    collection.insert_many(record)
  File "E:\Python_Work\Python_Exercise\Python_Exercise\ineuron\Project\final_version_youtuveScrapper\venv\lib\site-packages\pymongo\collection.py", line 758, in insert_many
    blk.execute(write_concern, session=session)
  File "E:\Python_Work\Python_Exercise\Python_Exercise\ineuron\Project\final_version_youtuveScrapper\venv\lib\site-packages\pymongo\bulk.py", line 511, in execute
    return self.execute_command(generator, write_concern, session)
  File "E:\Python_Work\Python_Exercise\Python_Exercise\ineuron\Project\final_version_youtuveScrapper\venv\lib\site-packages\pymongo\bulk.py", line 349, in execute_command
    _raise_bulk_write_error(full_result)
  File "E:\Python_Work\Python_Exercise\Python_Exercise\ineuron\Project\final_version_youtuveScrapper\venv\lib\site-packages\pymongo\bulk.py", line 140, in _raise_bulk_write_error
    raise BulkWriteError(full_result)
pymongo.errors.BulkWriteError: batch op errors occurred

During handling of the above exception, another exception occurred:

Traceback (most recent call last):
  File "E:\Python_Work\Python_Exercise\Python_Exercise\ineuron\Project\final_version_youtuveScrapper\youtube_scrapping.py", line 232, in video_info
    mongo_client.insert_records(
  File "E:\Python_Work\Python_Exercise\Python_Exercise\ineuron\Project\final_version_youtuveScrapper\mongodb_connection.py", line 181, in insert_records
    raise Exception(
Exception: (insert_records): Failed to insert records 
 batch op errors occurred

2022-09-08 00:02:47,672:INFO:youtube:Connected with snowflakes
2022-09-08 00:02:50,377:INFO:youtube:Connected with snowflakes.
2022-09-08 00:02:50,378:INFO:youtube:sql select * from CHANNEL_VIDEOS where USERID = 'javaboynavin';
2022-09-08 00:02:52,109:INFO:youtube:Data is available in database
2022-09-08 00:02:52,120:INFO:youtube:search_id: javaboynavin 
2022-09-08 00:02:53,291:INFO:youtube:Connected with snowflakes.
2022-09-08 00:02:53,291:INFO:youtube:sql select top 1 * from CHANNEL_VIDEOS where USERID = 'javaboynavin';
2022-09-08 00:02:54,453:INFO:youtube:Connected with snowflakes.
2022-09-08 00:02:54,453:INFO:youtube:sql select * from VIDEO_INFO where USERID = 'javaboynavin';
2022-09-08 00:03:14,216:INFO:youtube:search_id: javaboynavin 
2022-09-08 00:03:15,477:INFO:youtube:Connected with snowflakes.
2022-09-08 00:03:15,478:INFO:youtube:sql select top 1 * from CHANNEL_VIDEOS where USERID = 'javaboynavin';
2022-09-08 00:03:16,791:INFO:youtube:Connected with snowflakes.
2022-09-08 00:03:16,791:INFO:youtube:sql select * from VIDEO_INFO where USERID = 'javaboynavin';
2022-09-08 00:03:28,595:INFO:youtube:Connected with snowflakes
2022-09-08 00:03:30,137:INFO:youtube:Connected with snowflakes.
2022-09-08 00:03:30,137:INFO:youtube:sql select * from CHANNEL_VIDEOS where USERID = 'javaboynavin';
2022-09-08 00:03:42,454:INFO:youtube:Open the URL
2022-09-08 00:03:44,811:INFO:youtube:Video deleted in local folder
2022-09-08 00:03:44,968:INFO:youtube:service created successfully drive
2022-09-08 00:03:44,969:INFO:youtube:Created G Drive connector
2022-09-08 00:04:01,113:INFO:youtube:Downloading video Free Coding Platform | Neuro Lab
2022-09-08 00:04:12,268:INFO:youtube:Already Uploaded file to https://drive.google.com/open?id=1mTPPlcCeUvTRibRtVB4r5cBNWkYJyBNR
2022-09-08 00:04:17,199:INFO:youtube:Video Uploaded in G Drive: https://drive.google.com/open?id=1mTPPlcCeUvTRibRtVB4r5cBNWkYJyBNR
2022-09-08 00:04:38,028:INFO:youtube:Downloading video 1000 Programmers for Hackathon | LPU
2022-09-08 00:04:38,582:INFO:youtube:Already Uploaded file to https://drive.google.com/open?id=1j2jO7P74VzWflDJP0ceTasXoMD0Juhfc
2022-09-08 00:04:38,582:INFO:youtube:Video Uploaded in G Drive: https://drive.google.com/open?id=1j2jO7P74VzWflDJP0ceTasXoMD0Juhfc
2022-09-08 00:04:43,860:INFO:youtube:Downloading video Full Stack Java Developer Live Course | Job Guarantee | Announcement
2022-09-08 00:04:44,526:INFO:youtube:Already Uploaded file to https://drive.google.com/open?id=1M8V6llQy2pkm_e0kd825jUuVPu4Bxi25
2022-09-08 00:04:44,526:INFO:youtube:Video Uploaded in G Drive: https://drive.google.com/open?id=1M8V6llQy2pkm_e0kd825jUuVPu4Bxi25
2022-09-08 00:05:02,696:INFO:youtube:Stored channel name and video details in database
2022-09-08 00:05:08,268:INFO:youtube:Connected with snowflakes.
2022-09-08 00:05:28,306:INFO:youtube:Successfully inserted Data in CHANNEL_VIDEOS
2022-09-08 00:05:30,255:INFO:youtube:Stored each video details in database
2022-09-08 00:05:36,742:INFO:youtube:Urls: ['/watch?v=gkRy67OCCpQ', '/watch?v=H1PQj54u0As', '/watch?v=b7OryQDDCsU']
2022-09-08 00:06:32,372:ERROR:youtube:Error! 'toggleButtonRenderer'
2022-09-08 00:06:32,375:ERROR:youtube:Traceback (most recent call last):
  File "E:\Python_Work\Python_Exercise\Python_Exercise\ineuron\Project\final_version_youtuveScrapper\youtube_scrapping.py", line 194, in video_info
    likes_label = videoPrimaryInfoRenderer["videoActions"]["menuRenderer"][
KeyError: 'toggleButtonRenderer'

2022-09-08 00:09:43,810:INFO:youtube:Connected with snowflakes
2022-09-08 00:09:45,229:INFO:youtube:Connected with snowflakes.
2022-09-08 00:09:45,229:INFO:youtube:sql select * from CHANNEL_VIDEOS where USERID = 'javaboynavin';
2022-09-08 00:09:45,428:INFO:youtube:Data is available in database
2022-09-08 00:09:45,436:INFO:youtube:search_id: javaboynavin 
2022-09-08 00:09:46,542:INFO:youtube:Connected with snowflakes.
2022-09-08 00:09:46,543:INFO:youtube:sql select top 3 * from CHANNEL_VIDEOS where USERID = 'javaboynavin';
2022-09-08 00:09:48,538:INFO:youtube:Connected with snowflakes.
2022-09-08 00:09:48,538:INFO:youtube:sql select * from VIDEO_INFO where USERID = 'javaboynavin';
2022-09-08 00:10:06,548:INFO:youtube:Connected with snowflakes
2022-09-08 00:10:07,747:INFO:youtube:Connected with snowflakes.
2022-09-08 00:10:07,748:INFO:youtube:sql select * from CHANNEL_VIDEOS where USERID = 'javaboynavin';
2022-09-08 00:10:18,502:INFO:youtube:Open the URL
2022-09-08 00:10:20,718:INFO:youtube:Video deleted in local folder
2022-09-08 00:10:20,729:INFO:youtube:service created successfully drive
2022-09-08 00:10:20,729:INFO:youtube:Created G Drive connector
2022-09-08 00:11:42,803:INFO:youtube:Downloading video Free Coding Platform | Neuro Lab
2022-09-08 00:11:43,714:INFO:youtube:Already Uploaded file to https://drive.google.com/open?id=1mTPPlcCeUvTRibRtVB4r5cBNWkYJyBNR
2022-09-08 00:11:43,714:INFO:youtube:Video Uploaded in G Drive: https://drive.google.com/open?id=1mTPPlcCeUvTRibRtVB4r5cBNWkYJyBNR
2022-09-08 00:11:48,089:INFO:youtube:Downloading video 1000 Programmers for Hackathon | LPU
2022-09-08 00:11:48,644:INFO:youtube:Already Uploaded file to https://drive.google.com/open?id=1j2jO7P74VzWflDJP0ceTasXoMD0Juhfc
2022-09-08 00:11:48,644:INFO:youtube:Video Uploaded in G Drive: https://drive.google.com/open?id=1j2jO7P74VzWflDJP0ceTasXoMD0Juhfc
2022-09-08 00:11:51,731:INFO:youtube:Downloading video Full Stack Java Developer Live Course | Job Guarantee | Announcement
2022-09-08 00:11:52,303:INFO:youtube:Already Uploaded file to https://drive.google.com/open?id=1M8V6llQy2pkm_e0kd825jUuVPu4Bxi25
2022-09-08 00:11:52,303:INFO:youtube:Video Uploaded in G Drive: https://drive.google.com/open?id=1M8V6llQy2pkm_e0kd825jUuVPu4Bxi25
2022-09-08 00:11:55,655:INFO:youtube:Downloading video Tech-A-Thon at Lovely Professional University(LPU)
2022-09-08 00:11:56,276:INFO:youtube:Already Uploaded file to https://drive.google.com/open?id=1N7yZ1-hC6o1PDZ-BC7dFPh3eNEVwi-K0
2022-09-08 00:11:56,276:INFO:youtube:Video Uploaded in G Drive: https://drive.google.com/open?id=1N7yZ1-hC6o1PDZ-BC7dFPh3eNEVwi-K0
2022-09-08 00:12:04,186:INFO:youtube:Downloading video Had an Amazing Week | Saturday Live
2022-09-08 00:12:04,768:INFO:youtube:Already Uploaded file to https://drive.google.com/open?id=1rmVTvIj-1VvHJcd9EtZ5hKIgArbtdhgM
2022-09-08 00:12:04,768:INFO:youtube:Video Uploaded in G Drive: https://drive.google.com/open?id=1rmVTvIj-1VvHJcd9EtZ5hKIgArbtdhgM
2022-09-08 00:12:35,096:INFO:youtube:Stored channel name and video details in database
2022-09-08 00:12:43,737:INFO:youtube:Connected with snowflakes.
2022-09-08 00:12:47,741:INFO:youtube:Successfully inserted Data in CHANNEL_VIDEOS
2022-09-08 00:12:51,998:INFO:youtube:Stored each video details in database
2022-09-08 00:12:58,843:INFO:youtube:Urls: ['/watch?v=gkRy67OCCpQ', '/watch?v=H1PQj54u0As', '/watch?v=b7OryQDDCsU', '/watch?v=3NfjY7ddHz8', '/watch?v=4auwnxsEDeI']
2022-09-08 00:16:11,747:INFO:youtube:Created thumbnail urls image to base64 object
2022-09-08 00:16:24,842:INFO:youtube:mongo_client created.
2022-09-08 00:16:25,211:INFO:youtube:database YouTube-Scrapper is present.
2022-09-08 00:16:25,234:INFO:youtube:mongo_client connection closed.
2022-09-08 00:16:29,277:INFO:youtube:mongo_client created.
2022-09-08 00:16:29,278:INFO:youtube:mongo_client connection closed.
2022-09-08 00:16:29,674:INFO:youtube:collection Video-Data1 is present.
2022-09-08 00:16:33,750:INFO:youtube:mongo_client created.
2022-09-08 00:16:33,750:INFO:youtube:mongo_client connection closed.
2022-09-08 00:16:38,314:INFO:youtube:mongo_client created.
2022-09-08 00:16:38,662:INFO:youtube:database YouTube-Scrapper is present.
2022-09-08 00:16:38,688:INFO:youtube:mongo_client connection closed.
2022-09-08 00:16:42,731:INFO:youtube:mongo_client created.
2022-09-08 00:16:42,732:INFO:youtube:mongo_client connection closed.
2022-09-08 00:16:43,154:INFO:youtube:collection Video-Data1 is present.
2022-09-08 00:16:47,192:INFO:youtube:mongo_client created.
2022-09-08 00:16:47,193:INFO:youtube:mongo_client connection closed.
2022-09-08 00:17:52,290:INFO:youtube:mongo_client created.
2022-09-08 00:17:52,659:INFO:youtube:database YouTube-Scrapper is present.
2022-09-08 00:17:52,684:INFO:youtube:mongo_client connection closed.
2022-09-08 00:17:56,730:INFO:youtube:mongo_client created.
2022-09-08 00:17:56,731:INFO:youtube:mongo_client connection closed.
2022-09-08 00:17:57,040:INFO:youtube:collection Video-Data1 is present.
2022-09-08 00:18:06,543:INFO:youtube:mongo_client created.
2022-09-08 00:18:06,544:INFO:youtube:mongo_client connection closed.
2022-09-08 00:18:43,912:ERROR:youtube:Error! (insert_records): Failed to insert records 
 batch op errors occurred
2022-09-08 00:18:43,938:ERROR:youtube:Traceback (most recent call last):
  File "E:\Python_Work\Python_Exercise\Python_Exercise\ineuron\Project\final_version_youtuveScrapper\mongodb_connection.py", line 170, in insert_records
    collection.insert_many(record)
  File "C:\Users\anush\AppData\Local\Programs\Python\Python39\lib\site-packages\pymongo\collection.py", line 758, in insert_many
    blk.execute(write_concern, session=session)
  File "C:\Users\anush\AppData\Local\Programs\Python\Python39\lib\site-packages\pymongo\bulk.py", line 511, in execute
    return self.execute_command(generator, write_concern, session)
  File "C:\Users\anush\AppData\Local\Programs\Python\Python39\lib\site-packages\pymongo\bulk.py", line 349, in execute_command
    _raise_bulk_write_error(full_result)
  File "C:\Users\anush\AppData\Local\Programs\Python\Python39\lib\site-packages\pymongo\bulk.py", line 140, in _raise_bulk_write_error
    raise BulkWriteError(full_result)
pymongo.errors.BulkWriteError: batch op errors occurred

During handling of the above exception, another exception occurred:

Traceback (most recent call last):
  File "E:\Python_Work\Python_Exercise\Python_Exercise\ineuron\Project\final_version_youtuveScrapper\youtube_scrapping.py", line 231, in video_info
    mongo_client.insert_records(
  File "E:\Python_Work\Python_Exercise\Python_Exercise\ineuron\Project\final_version_youtuveScrapper\mongodb_connection.py", line 181, in insert_records
    raise Exception(
Exception: (insert_records): Failed to insert records 
 batch op errors occurred

2022-09-08 00:18:45,844:INFO:youtube:Connected with snowflakes.
2022-09-08 00:18:45,845:ERROR:youtube:Error! object of type 'NoneType' has no len()
2022-09-08 00:18:45,907:ERROR:youtube:Traceback (most recent call last):
  File "E:\Python_Work\Python_Exercise\Python_Exercise\ineuron\Project\final_version_youtuveScrapper\snowflakes_connection.py", line 98, in insert_data
    success, nchunks, nrows, _ = write_pandas(
  File "C:\Users\anush\AppData\Local\Programs\Python\Python39\lib\site-packages\snowflake\connector\pandas_tools.py", line 162, in write_pandas
    chunk_size = len(df)
TypeError: object of type 'NoneType' has no len()

2022-09-08 00:18:45,907:INFO:youtube:Stored each video comments in Mongodb
2022-09-08 00:36:00,422:INFO:youtube:Connected with snowflakes
2022-09-08 00:36:01,873:INFO:youtube:Connected with snowflakes.
2022-09-08 00:36:01,873:INFO:youtube:sql select * from CHANNEL_VIDEOS where USERID = 'javaboynavin';
2022-09-08 00:36:04,267:INFO:youtube:Data is available in database
2022-09-08 00:36:04,275:INFO:youtube:search_id: javaboynavin 
2022-09-08 00:36:05,447:INFO:youtube:Connected with snowflakes.
2022-09-08 00:36:05,447:INFO:youtube:sql select top 4 * from CHANNEL_VIDEOS where USERID = 'javaboynavin';
2022-09-08 00:36:06,996:INFO:youtube:Connected with snowflakes.
2022-09-08 00:36:06,997:INFO:youtube:sql select * from VIDEO_INFO where USERID = 'javaboynavin';
2022-09-08 00:36:13,795:INFO:youtube:Connected with snowflakes
2022-09-08 00:36:14,715:INFO:youtube:Connected with snowflakes.
2022-09-08 00:36:14,715:INFO:youtube:sql select * from CHANNEL_VIDEOS where USERID = 'javaboynavin';
2022-09-08 00:36:14,826:INFO:youtube:Data is available in database
2022-09-08 00:36:14,874:INFO:youtube:search_id: javaboynavin 
2022-09-08 00:36:16,013:INFO:youtube:Connected with snowflakes.
2022-09-08 00:36:16,013:INFO:youtube:sql select top 6 * from CHANNEL_VIDEOS where USERID = 'javaboynavin';
2022-09-08 00:36:18,025:INFO:youtube:Connected with snowflakes.
2022-09-08 00:36:18,025:INFO:youtube:sql select * from VIDEO_INFO where USERID = 'javaboynavin';
2022-09-08 00:37:02,718:INFO:youtube:Connected with snowflakes
2022-09-08 00:37:03,869:INFO:youtube:Connected with snowflakes.
2022-09-08 00:37:03,870:INFO:youtube:sql select * from CHANNEL_VIDEOS where USERID = 'javaboynavin';
2022-09-08 00:37:13,600:INFO:youtube:Open the URL
2022-09-08 00:37:16,279:INFO:youtube:Video deleted in local folder
2022-09-08 00:37:16,294:INFO:youtube:service created successfully drive
2022-09-08 00:37:16,294:INFO:youtube:Created G Drive connector
2022-09-08 00:37:22,999:INFO:youtube:Downloading video Free Coding Platform | Neuro Lab
2022-09-08 00:37:23,751:INFO:youtube:Already Uploaded file to https://drive.google.com/open?id=1mTPPlcCeUvTRibRtVB4r5cBNWkYJyBNR
2022-09-08 00:37:23,752:INFO:youtube:Video Uploaded in G Drive: https://drive.google.com/open?id=1mTPPlcCeUvTRibRtVB4r5cBNWkYJyBNR
2022-09-08 00:37:29,597:INFO:youtube:Stored channel name and video details in database
2022-09-08 00:37:32,048:INFO:youtube:Connected with snowflakes.
2022-09-08 00:37:36,103:INFO:youtube:Successfully inserted Data in CHANNEL_VIDEOS
2022-09-08 00:37:38,668:INFO:youtube:Stored each video details in database
2022-09-08 00:37:43,316:INFO:youtube:Urls: ['/watch?v=gkRy67OCCpQ']
2022-09-08 00:38:37,790:INFO:youtube:Created thumbnail urls image to base64 object
2022-09-08 00:38:51,475:INFO:youtube:mongo_client created.
2022-09-08 00:38:56,168:INFO:youtube:mongo_client created.
2022-09-08 00:38:56,169:INFO:youtube:mongo_client connection closed.
2022-09-08 00:39:00,265:INFO:youtube:mongo_client created.
2022-09-08 00:39:04,808:INFO:youtube:mongo_client created.
2022-09-08 00:39:04,808:INFO:youtube:Database YouTube-Scrapper1 created.
2022-09-08 00:39:08,884:INFO:youtube:mongo_client created.
2022-09-08 00:39:13,301:INFO:youtube:mongo_client created.
2022-09-08 00:39:13,302:INFO:youtube:mongo_client connection closed.
2022-09-08 00:39:13,302:INFO:youtube:Collection Video-Data1 created.
2022-09-08 00:39:33,796:ERROR:youtube:Error! (insert_records): Failed to insert records 
 batch op errors occurred
2022-09-08 00:39:35,505:ERROR:youtube:Traceback (most recent call last):
  File "E:\Python_Work\Python_Exercise\Python_Exercise\ineuron\Project\final_version_youtuveScrapper\mongodb_connection.py", line 177, in insert_records
    collection.insert_many(record)
  File "C:\Users\anush\AppData\Local\Programs\Python\Python39\lib\site-packages\pymongo\collection.py", line 758, in insert_many
    blk.execute(write_concern, session=session)
  File "C:\Users\anush\AppData\Local\Programs\Python\Python39\lib\site-packages\pymongo\bulk.py", line 511, in execute
    return self.execute_command(generator, write_concern, session)
  File "C:\Users\anush\AppData\Local\Programs\Python\Python39\lib\site-packages\pymongo\bulk.py", line 349, in execute_command
    _raise_bulk_write_error(full_result)
  File "C:\Users\anush\AppData\Local\Programs\Python\Python39\lib\site-packages\pymongo\bulk.py", line 140, in _raise_bulk_write_error
    raise BulkWriteError(full_result)
pymongo.errors.BulkWriteError: batch op errors occurred

During handling of the above exception, another exception occurred:

Traceback (most recent call last):
  File "E:\Python_Work\Python_Exercise\Python_Exercise\ineuron\Project\final_version_youtuveScrapper\youtube_scrapping.py", line 231, in video_info
    mongo_client.insert_records(
  File "E:\Python_Work\Python_Exercise\Python_Exercise\ineuron\Project\final_version_youtuveScrapper\mongodb_connection.py", line 181, in insert_records
    raise Exception(
Exception: (insert_records): Failed to insert records 
 batch op errors occurred

2022-09-08 00:42:32,342:INFO:youtube:Connected with snowflakes
2022-09-08 00:42:34,239:INFO:youtube:Connected with snowflakes.
2022-09-08 00:42:34,239:INFO:youtube:sql select * from CHANNEL_VIDEOS where USERID = 'javaboynavin';
2022-09-08 00:43:14,205:INFO:youtube:Open the URL
2022-09-08 00:43:16,530:INFO:youtube:Video deleted in local folder
2022-09-08 00:43:16,579:INFO:youtube:service created successfully drive
2022-09-08 00:43:16,579:INFO:youtube:Created G Drive connector
2022-09-08 00:43:19,153:INFO:youtube:Downloading video Free Coding Platform | Neuro Lab
2022-09-08 00:43:19,826:INFO:youtube:Already Uploaded file to https://drive.google.com/open?id=1mTPPlcCeUvTRibRtVB4r5cBNWkYJyBNR
2022-09-08 00:43:19,826:INFO:youtube:Video Uploaded in G Drive: https://drive.google.com/open?id=1mTPPlcCeUvTRibRtVB4r5cBNWkYJyBNR
2022-09-08 00:43:22,655:INFO:youtube:Stored channel name and video details in database
2022-09-08 00:43:23,843:INFO:youtube:Connected with snowflakes.
2022-09-08 00:43:27,705:INFO:youtube:Successfully inserted Data in CHANNEL_VIDEOS
2022-09-08 00:43:32,351:INFO:youtube:Stored each video details in database
2022-09-08 00:43:34,559:INFO:youtube:Urls: ['/watch?v=gkRy67OCCpQ']
2022-09-08 00:44:24,810:INFO:youtube:Created thumbnail urls image to base64 object
2022-09-08 00:44:35,834:INFO:youtube:mongo_client created.
2022-09-08 00:45:06,018:ERROR:youtube:(is_database_present): Failed on checking if the database is present or not 
 connection closed,connection closed,connection closed
2022-09-08 00:45:06,345:ERROR:youtube:Traceback (most recent call last):
  File "E:\Python_Work\Python_Exercise\Python_Exercise\ineuron\Project\final_version_youtuveScrapper\mongodb_connection.py", line 96, in is_database_present
    if db_name in mongo_client.list_database_names():
  File "C:\Users\anush\AppData\Local\Programs\Python\Python39\lib\site-packages\pymongo\mongo_client.py", line 1906, in list_database_names
    for doc in self.list_databases(session, nameOnly=True)]
  File "C:\Users\anush\AppData\Local\Programs\Python\Python39\lib\site-packages\pymongo\mongo_client.py", line 1887, in list_databases
    res = admin._retryable_read_command(cmd, session=session)
  File "C:\Users\anush\AppData\Local\Programs\Python\Python39\lib\site-packages\pymongo\database.py", line 748, in _retryable_read_command
    return self.__client._retryable_read(
  File "C:\Users\anush\AppData\Local\Programs\Python\Python39\lib\site-packages\pymongo\mongo_client.py", line 1454, in _retryable_read
    server = self._select_server(
  File "C:\Users\anush\AppData\Local\Programs\Python\Python39\lib\site-packages\pymongo\mongo_client.py", line 1254, in _select_server
    server = topology.select_server(server_selector)
  File "C:\Users\anush\AppData\Local\Programs\Python\Python39\lib\site-packages\pymongo\topology.py", line 229, in select_server
    return random.choice(self.select_servers(selector,
  File "C:\Users\anush\AppData\Local\Programs\Python\Python39\lib\site-packages\pymongo\topology.py", line 188, in select_servers
    server_descriptions = self._select_servers_loop(
  File "C:\Users\anush\AppData\Local\Programs\Python\Python39\lib\site-packages\pymongo\topology.py", line 204, in _select_servers_loop
    raise ServerSelectionTimeoutError(
pymongo.errors.ServerSelectionTimeoutError: connection closed,connection closed,connection closed

2022-09-08 00:45:10,391:INFO:youtube:mongo_client created.
2022-09-08 00:45:10,392:INFO:youtube:mongo_client connection closed.
2022-09-08 00:45:14,454:INFO:youtube:mongo_client created.
2022-09-08 00:45:44,601:ERROR:youtube:(is_database_present): Failed on checking if the database is present or not 
 connection closed,connection closed,connection closed
2022-09-08 00:45:44,602:ERROR:youtube:Traceback (most recent call last):
  File "E:\Python_Work\Python_Exercise\Python_Exercise\ineuron\Project\final_version_youtuveScrapper\mongodb_connection.py", line 96, in is_database_present
    if db_name in mongo_client.list_database_names():
  File "C:\Users\anush\AppData\Local\Programs\Python\Python39\lib\site-packages\pymongo\mongo_client.py", line 1906, in list_database_names
    for doc in self.list_databases(session, nameOnly=True)]
  File "C:\Users\anush\AppData\Local\Programs\Python\Python39\lib\site-packages\pymongo\mongo_client.py", line 1887, in list_databases
    res = admin._retryable_read_command(cmd, session=session)
  File "C:\Users\anush\AppData\Local\Programs\Python\Python39\lib\site-packages\pymongo\database.py", line 748, in _retryable_read_command
    return self.__client._retryable_read(
  File "C:\Users\anush\AppData\Local\Programs\Python\Python39\lib\site-packages\pymongo\mongo_client.py", line 1454, in _retryable_read
    server = self._select_server(
  File "C:\Users\anush\AppData\Local\Programs\Python\Python39\lib\site-packages\pymongo\mongo_client.py", line 1254, in _select_server
    server = topology.select_server(server_selector)
  File "C:\Users\anush\AppData\Local\Programs\Python\Python39\lib\site-packages\pymongo\topology.py", line 229, in select_server
    return random.choice(self.select_servers(selector,
  File "C:\Users\anush\AppData\Local\Programs\Python\Python39\lib\site-packages\pymongo\topology.py", line 188, in select_servers
    server_descriptions = self._select_servers_loop(
  File "C:\Users\anush\AppData\Local\Programs\Python\Python39\lib\site-packages\pymongo\topology.py", line 204, in _select_servers_loop
    raise ServerSelectionTimeoutError(
pymongo.errors.ServerSelectionTimeoutError: connection closed,connection closed,connection closed

2022-09-08 00:45:48,696:INFO:youtube:mongo_client created.
2022-09-08 00:45:48,697:INFO:youtube:Database YouTube-Scrapper1 created.
2022-09-08 00:45:52,734:INFO:youtube:mongo_client created.
2022-09-08 00:46:22,874:ERROR:youtube:(is_database_present): Failed on checking if the database is present or not 
 connection closed,connection closed,connection closed
2022-09-08 00:46:22,875:ERROR:youtube:Traceback (most recent call last):
  File "E:\Python_Work\Python_Exercise\Python_Exercise\ineuron\Project\final_version_youtuveScrapper\mongodb_connection.py", line 96, in is_database_present
    if db_name in mongo_client.list_database_names():
  File "C:\Users\anush\AppData\Local\Programs\Python\Python39\lib\site-packages\pymongo\mongo_client.py", line 1906, in list_database_names
    for doc in self.list_databases(session, nameOnly=True)]
  File "C:\Users\anush\AppData\Local\Programs\Python\Python39\lib\site-packages\pymongo\mongo_client.py", line 1887, in list_databases
    res = admin._retryable_read_command(cmd, session=session)
  File "C:\Users\anush\AppData\Local\Programs\Python\Python39\lib\site-packages\pymongo\database.py", line 748, in _retryable_read_command
    return self.__client._retryable_read(
  File "C:\Users\anush\AppData\Local\Programs\Python\Python39\lib\site-packages\pymongo\mongo_client.py", line 1454, in _retryable_read
    server = self._select_server(
  File "C:\Users\anush\AppData\Local\Programs\Python\Python39\lib\site-packages\pymongo\mongo_client.py", line 1254, in _select_server
    server = topology.select_server(server_selector)
  File "C:\Users\anush\AppData\Local\Programs\Python\Python39\lib\site-packages\pymongo\topology.py", line 229, in select_server
    return random.choice(self.select_servers(selector,
  File "C:\Users\anush\AppData\Local\Programs\Python\Python39\lib\site-packages\pymongo\topology.py", line 188, in select_servers
    server_descriptions = self._select_servers_loop(
  File "C:\Users\anush\AppData\Local\Programs\Python\Python39\lib\site-packages\pymongo\topology.py", line 204, in _select_servers_loop
    raise ServerSelectionTimeoutError(
pymongo.errors.ServerSelectionTimeoutError: connection closed,connection closed,connection closed

2022-09-08 00:46:26,925:INFO:youtube:mongo_client created.
2022-09-08 00:46:26,926:INFO:youtube:mongo_client connection closed.
2022-09-08 00:46:26,926:INFO:youtube:Collection Video-Data1 created.
2022-09-08 00:53:38,250:INFO:youtube:Connected with snowflakes
2022-09-08 00:53:39,683:INFO:youtube:Connected with snowflakes.
2022-09-08 00:53:39,683:INFO:youtube:sql select * from CHANNEL_VIDEOS where USERID = 'javaboynavin';
2022-09-08 00:53:52,585:INFO:youtube:Open the URL
2022-09-08 00:53:54,444:INFO:youtube:Video deleted in local folder
2022-09-08 00:53:54,667:INFO:youtube:service created successfully drive
2022-09-08 00:53:54,667:INFO:youtube:Created G Drive connector
2022-09-08 00:53:57,138:INFO:youtube:Downloading video Free Coding Platform | Neuro Lab
2022-09-08 00:53:58,083:INFO:youtube:Already Uploaded file to https://drive.google.com/open?id=1mTPPlcCeUvTRibRtVB4r5cBNWkYJyBNR
2022-09-08 00:53:58,085:INFO:youtube:Video Uploaded in G Drive: https://drive.google.com/open?id=1mTPPlcCeUvTRibRtVB4r5cBNWkYJyBNR
2022-09-08 00:53:58,089:INFO:youtube:Stored channel name and video details in database
2022-09-08 00:53:59,249:INFO:youtube:Connected with snowflakes.
2022-09-08 00:54:04,718:INFO:youtube:Successfully inserted Data in CHANNEL_VIDEOS
2022-09-08 00:54:47,666:INFO:youtube:Stored each video details in database
2022-09-08 00:55:01,550:INFO:youtube:Urls: ['/watch?v=gkRy67OCCpQ']
2022-09-08 00:55:54,179:INFO:youtube:Created thumbnail urls image to base64 object
2022-09-08 00:56:37,038:INFO:youtube:mongo_client created.
2022-09-08 00:56:37,557:INFO:youtube:database YouTube-Scrapper1 is present.
2022-09-08 00:56:37,593:INFO:youtube:mongo_client connection closed.
2022-09-08 00:56:41,653:INFO:youtube:mongo_client created.
2022-09-08 00:56:41,654:INFO:youtube:mongo_client connection closed.
2022-09-08 00:56:41,972:INFO:youtube:collection Video-Data1 is present.
2022-09-08 00:56:53,532:INFO:youtube:mongo_client created.
2022-09-08 00:56:53,533:INFO:youtube:mongo_client connection closed.
2022-09-08 00:57:27,102:INFO:youtube:Data inserted in Video-Data1.
2022-09-08 00:57:27,990:INFO:youtube:Inserted Row
2022-09-08 00:57:29,648:INFO:youtube:Data inserted in mongodb
2022-09-08 00:57:40,874:INFO:youtube:Connected with snowflakes.
2022-09-08 00:57:44,969:INFO:youtube:Successfully inserted Data in VIDEO_INFO
2022-09-08 00:57:44,969:INFO:youtube:Stored each video comments in Mongodb
2022-09-08 00:57:50,506:INFO:youtube:search_id: javaboynavin 
2022-09-08 00:57:51,713:INFO:youtube:Connected with snowflakes.
2022-09-08 00:57:51,714:INFO:youtube:sql select top 1 * from CHANNEL_VIDEOS where USERID = 'javaboynavin';
2022-09-08 00:57:55,552:INFO:youtube:Connected with snowflakes.
2022-09-08 00:57:55,552:INFO:youtube:sql select * from VIDEO_INFO where USERID = 'javaboynavin';
2022-09-08 00:58:00,049:INFO:youtube:mongo_client created.
2022-09-08 00:58:00,388:INFO:youtube:database YouTube-Scrapper1 is present.
2022-09-08 00:58:00,410:INFO:youtube:mongo_client connection closed.
2022-09-08 00:58:04,465:INFO:youtube:mongo_client created.
2022-09-08 00:58:04,466:INFO:youtube:mongo_client connection closed.
2022-09-08 00:58:04,811:INFO:youtube:collection Video-Data1 is present.
2022-09-08 00:58:08,847:INFO:youtube:mongo_client created.
2022-09-08 00:58:08,848:INFO:youtube:mongo_client connection closed.
2022-09-08 00:58:08,848:INFO:youtube:Record found in Video-Data1.
2022-09-08 00:59:39,001:INFO:youtube:Connected with snowflakes
2022-09-08 00:59:39,904:INFO:youtube:Connected with snowflakes.
2022-09-08 00:59:39,904:INFO:youtube:sql select * from CHANNEL_VIDEOS where USERID = 'javaboynavin';
2022-09-08 00:59:50,792:INFO:youtube:Open the URL
2022-09-08 00:59:51,810:INFO:youtube:Video deleted in local folder
2022-09-08 00:59:51,819:INFO:youtube:service created successfully drive
2022-09-08 00:59:51,819:INFO:youtube:Created G Drive connector
2022-09-08 00:59:54,037:INFO:youtube:Downloading video Free Coding Platform | Neuro Lab
2022-09-08 00:59:54,889:INFO:youtube:Already Uploaded file to https://drive.google.com/open?id=1mTPPlcCeUvTRibRtVB4r5cBNWkYJyBNR
2022-09-08 00:59:54,889:INFO:youtube:Video Uploaded in G Drive: https://drive.google.com/open?id=1mTPPlcCeUvTRibRtVB4r5cBNWkYJyBNR
2022-09-08 00:59:57,703:INFO:youtube:Downloading video 1000 Programmers for Hackathon | LPU
2022-09-08 00:59:58,342:INFO:youtube:Already Uploaded file to https://drive.google.com/open?id=1j2jO7P74VzWflDJP0ceTasXoMD0Juhfc
2022-09-08 00:59:58,342:INFO:youtube:Video Uploaded in G Drive: https://drive.google.com/open?id=1j2jO7P74VzWflDJP0ceTasXoMD0Juhfc
2022-09-08 00:59:58,344:INFO:youtube:Stored channel name and video details in database
2022-09-08 00:59:59,082:INFO:youtube:Connected with snowflakes.
2022-09-08 01:00:02,355:INFO:youtube:Successfully inserted Data in CHANNEL_VIDEOS
2022-09-08 01:00:02,355:INFO:youtube:Stored each video details in database
2022-09-08 01:00:02,355:INFO:youtube:Urls: ['/watch?v=gkRy67OCCpQ', '/watch?v=H1PQj54u0As']
2022-09-08 01:00:49,278:INFO:youtube:Created thumbnail urls image to base64 object
2022-09-08 01:00:53,330:INFO:youtube:mongo_client created.
2022-09-08 01:00:53,716:INFO:youtube:database YouTube-Scrapper is present.
2022-09-08 01:00:53,740:INFO:youtube:mongo_client connection closed.
2022-09-08 01:00:57,781:INFO:youtube:mongo_client created.
2022-09-08 01:00:57,781:INFO:youtube:mongo_client connection closed.
2022-09-08 01:00:58,246:INFO:youtube:collection Video-Data is present.
2022-09-08 01:01:02,289:INFO:youtube:mongo_client created.
2022-09-08 01:01:02,289:INFO:youtube:mongo_client connection closed.
2022-09-08 01:01:02,584:INFO:youtube:Data inserted in Video-Data.
2022-09-08 01:01:02,584:INFO:youtube:Inserted Row
2022-09-08 01:01:02,584:INFO:youtube:Data inserted in mongodb
2022-09-08 01:01:35,583:INFO:youtube:Created thumbnail urls image to base64 object
2022-09-08 01:01:39,622:INFO:youtube:mongo_client created.
2022-09-08 01:01:40,002:INFO:youtube:database YouTube-Scrapper is present.
2022-09-08 01:01:40,043:INFO:youtube:mongo_client connection closed.
2022-09-08 01:01:44,084:INFO:youtube:mongo_client created.
2022-09-08 01:01:44,084:INFO:youtube:mongo_client connection closed.
2022-09-08 01:01:44,449:INFO:youtube:collection Video-Data is present.
2022-09-08 01:01:48,495:INFO:youtube:mongo_client created.
2022-09-08 01:01:48,495:INFO:youtube:mongo_client connection closed.
2022-09-08 01:01:48,830:INFO:youtube:Data inserted in Video-Data.
2022-09-08 01:01:48,830:INFO:youtube:Inserted Row
2022-09-08 01:01:48,830:INFO:youtube:Data inserted in mongodb
2022-09-08 01:01:51,804:INFO:youtube:Connected with snowflakes.
2022-09-08 01:01:55,384:INFO:youtube:Successfully inserted Data in VIDEO_INFO
2022-09-08 01:01:55,384:INFO:youtube:Stored each video comments in Mongodb
2022-09-08 01:01:55,397:INFO:youtube:search_id: javaboynavin 
2022-09-08 01:01:56,061:INFO:youtube:Connected with snowflakes.
2022-09-08 01:01:56,061:INFO:youtube:sql select top 2 * from CHANNEL_VIDEOS where USERID = 'javaboynavin';
2022-09-08 01:01:56,912:INFO:youtube:Connected with snowflakes.
2022-09-08 01:01:56,912:INFO:youtube:sql select * from VIDEO_INFO where USERID = 'javaboynavin';
2022-09-08 01:02:01,216:INFO:youtube:mongo_client created.
2022-09-08 01:02:01,653:INFO:youtube:database YouTube-Scrapper is present.
2022-09-08 01:02:01,689:INFO:youtube:mongo_client connection closed.
2022-09-08 01:02:05,720:INFO:youtube:mongo_client created.
2022-09-08 01:02:05,720:INFO:youtube:mongo_client connection closed.
2022-09-08 01:02:05,980:INFO:youtube:collection Video-Data is present.
2022-09-08 01:02:10,031:INFO:youtube:mongo_client created.
2022-09-08 01:02:10,032:INFO:youtube:mongo_client connection closed.
2022-09-08 01:02:10,032:INFO:youtube:Record found in Video-Data.
2022-09-08 01:11:14,442:INFO:youtube:Connected with snowflakes
2022-09-08 01:11:15,267:INFO:youtube:Connected with snowflakes.
2022-09-08 01:11:15,267:INFO:youtube:sql select * from CHANNEL_VIDEOS where USERID = 'javaboynavin';
2022-09-08 01:11:45,935:INFO:youtube:Open the URL
2022-09-08 01:11:46,996:INFO:youtube:Video deleted in local folder
2022-09-08 01:11:47,004:INFO:youtube:service created successfully drive
2022-09-08 01:11:47,004:INFO:youtube:Created G Drive connector
2022-09-08 01:11:49,317:INFO:youtube:Downloading video Free Coding Platform | Neuro Lab
2022-09-08 01:11:49,982:INFO:youtube:Already Uploaded file to https://drive.google.com/open?id=1mTPPlcCeUvTRibRtVB4r5cBNWkYJyBNR
2022-09-08 01:11:49,982:INFO:youtube:Video Uploaded in G Drive: https://drive.google.com/open?id=1mTPPlcCeUvTRibRtVB4r5cBNWkYJyBNR
2022-09-08 01:11:52,765:INFO:youtube:Downloading video 1000 Programmers for Hackathon | LPU
2022-09-08 01:11:53,303:INFO:youtube:Already Uploaded file to https://drive.google.com/open?id=1j2jO7P74VzWflDJP0ceTasXoMD0Juhfc
2022-09-08 01:11:53,303:INFO:youtube:Video Uploaded in G Drive: https://drive.google.com/open?id=1j2jO7P74VzWflDJP0ceTasXoMD0Juhfc
2022-09-08 01:11:56,202:INFO:youtube:Downloading video Full Stack Java Developer Live Course | Job Guarantee | Announcement
2022-09-08 01:11:57,198:INFO:youtube:Already Uploaded file to https://drive.google.com/open?id=1M8V6llQy2pkm_e0kd825jUuVPu4Bxi25
2022-09-08 01:11:57,198:INFO:youtube:Video Uploaded in G Drive: https://drive.google.com/open?id=1M8V6llQy2pkm_e0kd825jUuVPu4Bxi25
2022-09-08 01:11:57,826:INFO:youtube:Stored channel name and video details in database
2022-09-08 01:11:58,545:INFO:youtube:Connected with snowflakes.
2022-09-08 01:12:04,942:INFO:youtube:Successfully inserted Data in CHANNEL_VIDEOS
2022-09-08 01:12:04,943:INFO:youtube:Stored each video details in database
2022-09-08 01:12:04,943:INFO:youtube:Urls: ['/watch?v=gkRy67OCCpQ', '/watch?v=H1PQj54u0As', '/watch?v=b7OryQDDCsU']
2022-09-08 01:12:45,146:INFO:youtube:Created thumbnail urls image to base64 object
2022-09-08 01:12:49,205:INFO:youtube:mongo_client created.
2022-09-08 01:12:49,584:INFO:youtube:database YouTube-Scrapper is present.
2022-09-08 01:12:49,619:INFO:youtube:mongo_client connection closed.
2022-09-08 01:12:53,669:INFO:youtube:mongo_client created.
2022-09-08 01:12:53,670:INFO:youtube:mongo_client connection closed.
2022-09-08 01:12:54,067:INFO:youtube:collection Video-Data is present.
2022-09-08 01:12:58,122:INFO:youtube:mongo_client created.
2022-09-08 01:12:58,122:INFO:youtube:mongo_client connection closed.
2022-09-08 01:12:58,467:INFO:youtube:Data inserted in Video-Data.
2022-09-08 01:12:58,467:INFO:youtube:Inserted Row
2022-09-08 01:12:58,468:INFO:youtube:Data inserted in mongodb
2022-09-08 01:13:33,135:INFO:youtube:Created thumbnail urls image to base64 object
2022-09-08 01:13:37,184:INFO:youtube:mongo_client created.
2022-09-08 01:13:37,592:INFO:youtube:database YouTube-Scrapper is present.
2022-09-08 01:13:37,631:INFO:youtube:mongo_client connection closed.
2022-09-08 01:13:41,688:INFO:youtube:mongo_client created.
2022-09-08 01:13:41,688:INFO:youtube:mongo_client connection closed.
2022-09-08 01:13:41,961:INFO:youtube:collection Video-Data is present.
2022-09-08 01:13:46,002:INFO:youtube:mongo_client created.
2022-09-08 01:13:46,003:INFO:youtube:mongo_client connection closed.
2022-09-08 01:13:46,433:INFO:youtube:Data inserted in Video-Data.
2022-09-08 01:13:46,433:INFO:youtube:Inserted Row
2022-09-08 01:13:46,433:INFO:youtube:Data inserted in mongodb
2022-09-08 01:15:17,539:INFO:youtube:Created thumbnail urls image to base64 object
2022-09-08 01:15:21,588:INFO:youtube:mongo_client created.
2022-09-08 01:15:22,024:INFO:youtube:database YouTube-Scrapper is present.
2022-09-08 01:15:22,061:INFO:youtube:mongo_client connection closed.
2022-09-08 01:15:26,105:INFO:youtube:mongo_client created.
2022-09-08 01:15:26,106:INFO:youtube:mongo_client connection closed.
2022-09-08 01:15:26,533:INFO:youtube:collection Video-Data is present.
2022-09-08 01:15:30,578:INFO:youtube:mongo_client created.
2022-09-08 01:15:30,578:INFO:youtube:mongo_client connection closed.
2022-09-08 01:15:30,910:INFO:youtube:Data inserted in Video-Data.
2022-09-08 01:15:30,910:INFO:youtube:Inserted Row
2022-09-08 01:15:30,910:INFO:youtube:Data inserted in mongodb
2022-09-08 01:15:35,649:INFO:youtube:Connected with snowflakes.
2022-09-08 01:15:38,728:INFO:youtube:Successfully inserted Data in VIDEO_INFO
2022-09-08 01:15:38,728:INFO:youtube:Stored each video comments in Mongodb
2022-09-08 01:15:38,737:INFO:youtube:search_id: javaboynavin 
2022-09-08 01:15:39,371:INFO:youtube:Connected with snowflakes.
2022-09-08 01:15:39,371:INFO:youtube:sql select top 3 * from CHANNEL_VIDEOS where USERID = 'javaboynavin';
2022-09-08 01:15:40,792:INFO:youtube:Connected with snowflakes.
2022-09-08 01:15:40,792:INFO:youtube:sql select * from VIDEO_INFO where USERID = 'javaboynavin';
2022-09-08 01:15:45,223:INFO:youtube:mongo_client created.
2022-09-08 01:15:45,535:INFO:youtube:database YouTube-Scrapper is present.
2022-09-08 01:15:45,558:INFO:youtube:mongo_client connection closed.
2022-09-08 01:15:49,598:INFO:youtube:mongo_client created.
2022-09-08 01:15:49,599:INFO:youtube:mongo_client connection closed.
2022-09-08 01:15:50,008:INFO:youtube:collection Video-Data is present.
2022-09-08 01:15:54,056:INFO:youtube:mongo_client created.
2022-09-08 01:15:54,056:INFO:youtube:mongo_client connection closed.
2022-09-08 01:15:54,057:INFO:youtube:Record found in Video-Data.
2022-09-08 01:15:59,322:INFO:youtube:mongo_client created.
2022-09-08 01:15:59,709:INFO:youtube:database YouTube-Scrapper is present.
2022-09-08 01:15:59,744:INFO:youtube:mongo_client connection closed.
2022-09-08 01:16:03,783:INFO:youtube:mongo_client created.
2022-09-08 01:16:03,784:INFO:youtube:mongo_client connection closed.
2022-09-08 01:16:04,182:INFO:youtube:collection Video-Data is present.
2022-09-08 01:16:08,227:INFO:youtube:mongo_client created.
2022-09-08 01:16:08,227:INFO:youtube:mongo_client connection closed.
2022-09-08 01:16:08,227:INFO:youtube:Record found in Video-Data.
2022-09-08 01:18:25,440:INFO:youtube:Connected with snowflakes
2022-09-08 01:18:26,318:INFO:youtube:Connected with snowflakes.
2022-09-08 01:18:26,318:INFO:youtube:sql select * from CHANNEL_VIDEOS where USERID = 'javaboynavin';
2022-09-08 01:18:36,602:INFO:youtube:Open the URL
2022-09-08 01:18:37,501:INFO:youtube:Connected with snowflakes.
2022-09-08 01:18:37,501:INFO:youtube:sql select * from CHANNEL_VIDEOS where USERID = 'javaboynavin';
2022-09-08 01:18:38,660:INFO:youtube:Video deleted in local folder
2022-09-08 01:18:38,667:INFO:youtube:service created successfully drive
2022-09-08 01:18:38,667:INFO:youtube:Created G Drive connector
2022-09-08 01:18:41,226:INFO:youtube:Downloading video Free Coding Platform | Neuro Lab
2022-09-08 01:18:41,860:INFO:youtube:Already Uploaded file to https://drive.google.com/open?id=1mTPPlcCeUvTRibRtVB4r5cBNWkYJyBNR
2022-09-08 01:18:41,860:INFO:youtube:Video Uploaded in G Drive: https://drive.google.com/open?id=1mTPPlcCeUvTRibRtVB4r5cBNWkYJyBNR
2022-09-08 01:18:44,725:INFO:youtube:Downloading video 1000 Programmers for Hackathon | LPU
2022-09-08 01:18:45,351:INFO:youtube:Already Uploaded file to https://drive.google.com/open?id=1j2jO7P74VzWflDJP0ceTasXoMD0Juhfc
2022-09-08 01:18:45,352:INFO:youtube:Video Uploaded in G Drive: https://drive.google.com/open?id=1j2jO7P74VzWflDJP0ceTasXoMD0Juhfc
2022-09-08 01:18:47,773:INFO:youtube:Downloading video Full Stack Java Developer Live Course | Job Guarantee | Announcement
2022-09-08 01:18:48,329:INFO:youtube:Already Uploaded file to https://drive.google.com/open?id=1M8V6llQy2pkm_e0kd825jUuVPu4Bxi25
2022-09-08 01:18:48,330:INFO:youtube:Video Uploaded in G Drive: https://drive.google.com/open?id=1M8V6llQy2pkm_e0kd825jUuVPu4Bxi25
2022-09-08 01:18:49,917:INFO:youtube:Downloading video Tech-A-Thon at Lovely Professional University(LPU)
2022-09-08 01:18:50,485:INFO:youtube:Already Uploaded file to https://drive.google.com/open?id=1N7yZ1-hC6o1PDZ-BC7dFPh3eNEVwi-K0
2022-09-08 01:18:50,486:INFO:youtube:Video Uploaded in G Drive: https://drive.google.com/open?id=1N7yZ1-hC6o1PDZ-BC7dFPh3eNEVwi-K0
2022-09-08 01:18:56,088:INFO:youtube:Downloading video Had an Amazing Week | Saturday Live
2022-09-08 01:18:56,656:INFO:youtube:Already Uploaded file to https://drive.google.com/open?id=1rmVTvIj-1VvHJcd9EtZ5hKIgArbtdhgM
2022-09-08 01:18:56,657:INFO:youtube:Video Uploaded in G Drive: https://drive.google.com/open?id=1rmVTvIj-1VvHJcd9EtZ5hKIgArbtdhgM
2022-09-08 01:18:59,148:INFO:youtube:Downloading video 76th Independence Day Celebration Offer
2022-09-08 01:18:59,762:INFO:youtube:Already Uploaded file to https://drive.google.com/open?id=1aEByYcMn3o19-4moSQM5SKIhi-lE3V4x
2022-09-08 01:18:59,762:INFO:youtube:Video Uploaded in G Drive: https://drive.google.com/open?id=1aEByYcMn3o19-4moSQM5SKIhi-lE3V4x
2022-09-08 01:18:59,765:INFO:youtube:Stored channel name and video details in database
2022-09-08 01:19:00,458:INFO:youtube:Connected with snowflakes.
2022-09-08 01:19:03,672:INFO:youtube:Successfully inserted Data in CHANNEL_VIDEOS
2022-09-08 01:19:03,672:INFO:youtube:Stored each video details in database
2022-09-08 01:19:03,673:INFO:youtube:Urls: ['/watch?v=gkRy67OCCpQ', '/watch?v=H1PQj54u0As', '/watch?v=b7OryQDDCsU', '/watch?v=3NfjY7ddHz8', '/watch?v=4auwnxsEDeI', '/watch?v=ujyvH3DjisE']
2022-09-08 01:19:55,966:INFO:youtube:Created thumbnail urls image to base64 object
2022-09-08 01:20:00,014:INFO:youtube:mongo_client created.
2022-09-08 01:20:00,365:INFO:youtube:database YouTube-Scrapper is present.
2022-09-08 01:20:00,389:INFO:youtube:mongo_client connection closed.
2022-09-08 01:20:04,441:INFO:youtube:mongo_client created.
2022-09-08 01:20:04,441:INFO:youtube:mongo_client connection closed.
2022-09-08 01:20:04,901:INFO:youtube:collection Video-Data is present.
2022-09-08 01:20:08,937:INFO:youtube:mongo_client created.
2022-09-08 01:20:08,937:INFO:youtube:mongo_client connection closed.
2022-09-08 01:20:09,409:INFO:youtube:Data inserted in Video-Data.
2022-09-08 01:20:09,409:INFO:youtube:Inserted Row
2022-09-08 01:20:09,409:INFO:youtube:Data inserted in mongodb
2022-09-08 01:20:42,226:INFO:youtube:Created thumbnail urls image to base64 object
2022-09-08 01:20:46,266:INFO:youtube:mongo_client created.
2022-09-08 01:20:46,524:INFO:youtube:database YouTube-Scrapper is present.
2022-09-08 01:20:46,546:INFO:youtube:mongo_client connection closed.
2022-09-08 01:20:50,573:INFO:youtube:mongo_client created.
2022-09-08 01:20:50,574:INFO:youtube:mongo_client connection closed.
2022-09-08 01:20:50,818:INFO:youtube:collection Video-Data is present.
2022-09-08 01:20:54,868:INFO:youtube:mongo_client created.
2022-09-08 01:20:54,868:INFO:youtube:mongo_client connection closed.
2022-09-08 01:20:55,298:INFO:youtube:Data inserted in Video-Data.
2022-09-08 01:20:55,298:INFO:youtube:Inserted Row
2022-09-08 01:20:55,298:INFO:youtube:Data inserted in mongodb
2022-09-08 01:22:25,609:INFO:youtube:Created thumbnail urls image to base64 object
2022-09-08 01:22:29,664:INFO:youtube:mongo_client created.
2022-09-08 01:22:30,072:INFO:youtube:database YouTube-Scrapper is present.
2022-09-08 01:22:30,108:INFO:youtube:mongo_client connection closed.
2022-09-08 01:22:34,145:INFO:youtube:mongo_client created.
2022-09-08 01:22:34,146:INFO:youtube:mongo_client connection closed.
2022-09-08 01:22:34,561:INFO:youtube:collection Video-Data is present.
2022-09-08 01:22:38,599:INFO:youtube:mongo_client created.
2022-09-08 01:22:38,599:INFO:youtube:mongo_client connection closed.
2022-09-08 01:22:38,937:INFO:youtube:Data inserted in Video-Data.
2022-09-08 01:22:38,937:INFO:youtube:Inserted Row
2022-09-08 01:22:38,937:INFO:youtube:Data inserted in mongodb
2022-09-08 01:23:06,445:INFO:youtube:Created thumbnail urls image to base64 object
2022-09-08 01:23:10,489:INFO:youtube:mongo_client created.
2022-09-08 01:23:10,759:INFO:youtube:database YouTube-Scrapper is present.
2022-09-08 01:23:10,778:INFO:youtube:mongo_client connection closed.
2022-09-08 01:23:14,813:INFO:youtube:mongo_client created.
2022-09-08 01:23:14,814:INFO:youtube:mongo_client connection closed.
2022-09-08 01:23:15,222:INFO:youtube:collection Video-Data is present.
2022-09-08 01:23:19,264:INFO:youtube:mongo_client created.
2022-09-08 01:23:19,264:INFO:youtube:mongo_client connection closed.
2022-09-08 01:23:19,770:INFO:youtube:Data inserted in Video-Data.
2022-09-08 01:23:19,770:INFO:youtube:Inserted Row
2022-09-08 01:23:19,770:INFO:youtube:Data inserted in mongodb
2022-09-08 01:24:45,551:INFO:youtube:Connected with snowflakes
2022-09-08 01:24:47,025:INFO:youtube:Connected with snowflakes.
2022-09-08 01:24:47,025:INFO:youtube:sql select * from CHANNEL_VIDEOS where USERID = 'saurabhexponent1';
2022-09-08 01:24:58,555:INFO:youtube:Open the URL
2022-09-08 01:24:59,848:INFO:youtube:Connected with snowflakes.
2022-09-08 01:24:59,848:INFO:youtube:sql select * from CHANNEL_VIDEOS where USERID = 'saurabhexponent1';
2022-09-08 01:25:54,874:INFO:youtube:Video deleted in local folder
2022-09-08 01:25:56,640:INFO:youtube:service created successfully drive
2022-09-08 01:25:57,401:INFO:youtube:Created G Drive connector
2022-09-08 01:28:50,728:INFO:youtube:Downloading video Meet My Teacher | Teacher's Day Special | @UCd-HN6ZBWIFJdG6KSLATd6g
2022-09-08 01:28:51,497:INFO:youtube:Already Uploaded file to https://drive.google.com/open?id=156hM5q3q7R1MZ0oXhTkYTcd5v9IAkggP
2022-09-08 01:28:51,498:INFO:youtube:Video Uploaded in G Drive: https://drive.google.com/open?id=156hM5q3q7R1MZ0oXhTkYTcd5v9IAkggP
2022-09-08 01:29:24,307:INFO:youtube:Stored channel name and video details in database
2022-09-08 01:29:28,513:INFO:youtube:Connected with snowflakes.
2022-09-08 01:29:32,169:INFO:youtube:Successfully inserted Data in CHANNEL_VIDEOS
2022-09-08 01:29:46,797:INFO:youtube:Stored each video details in database
2022-09-08 01:29:56,242:INFO:youtube:Urls: ['/watch?v=DjxFTs4ZuU8']
2022-09-08 01:31:00,016:INFO:youtube:Created thumbnail urls image to base64 object
2022-09-08 01:31:12,013:INFO:youtube:mongo_client created.
2022-09-08 01:31:12,277:INFO:youtube:database YouTube-Scrapper is present.
2022-09-08 01:31:12,297:INFO:youtube:mongo_client connection closed.
2022-09-08 01:31:16,351:INFO:youtube:mongo_client created.
2022-09-08 01:31:16,351:INFO:youtube:mongo_client connection closed.
2022-09-08 01:31:16,608:INFO:youtube:collection Video-Data is present.
2022-09-08 01:31:20,654:INFO:youtube:mongo_client created.
2022-09-08 01:31:20,654:INFO:youtube:mongo_client connection closed.
2022-09-08 01:31:21,123:INFO:youtube:Data inserted in Video-Data.
2022-09-08 01:31:21,123:INFO:youtube:Inserted Row
2022-09-08 01:31:24,707:INFO:youtube:Data inserted in mongodb
2022-09-08 01:31:45,997:INFO:youtube:Connected with snowflakes.
2022-09-08 01:31:49,721:INFO:youtube:Successfully inserted Data in VIDEO_INFO
2022-09-08 01:31:51,287:INFO:youtube:Stored each video comments in Mongodb
2022-09-08 01:32:02,550:INFO:youtube:search_id: saurabhexponent1 
2022-09-08 01:32:03,788:INFO:youtube:Connected with snowflakes.
2022-09-08 01:32:03,788:INFO:youtube:sql select top 4 * from CHANNEL_VIDEOS where USERID = 'saurabhexponent1';
2022-09-08 01:32:05,377:INFO:youtube:Connected with snowflakes.
2022-09-08 01:32:05,378:INFO:youtube:sql select * from VIDEO_INFO where USERID = 'saurabhexponent1';
2022-09-08 01:32:10,145:INFO:youtube:mongo_client created.
2022-09-08 01:32:10,417:INFO:youtube:database YouTube-Scrapper is present.
2022-09-08 01:32:10,438:INFO:youtube:mongo_client connection closed.
2022-09-08 01:32:14,476:INFO:youtube:mongo_client created.
2022-09-08 01:32:14,476:INFO:youtube:mongo_client connection closed.
2022-09-08 01:32:14,798:INFO:youtube:collection Video-Data is present.
2022-09-08 01:32:18,867:INFO:youtube:mongo_client created.
2022-09-08 01:32:18,868:INFO:youtube:mongo_client connection closed.
2022-09-08 01:32:18,868:INFO:youtube:Record found in Video-Data.
2022-09-08 01:43:57,248:INFO:youtube:Connected with snowflakes
2022-09-08 01:43:58,180:INFO:youtube:Connected with snowflakes.
2022-09-08 01:43:58,180:INFO:youtube:sql select * from CHANNEL_VIDEOS where USERID = 'saurabhexponent1';
2022-09-08 01:44:07,447:INFO:youtube:Open the URL
2022-09-08 01:44:08,157:INFO:youtube:Connected with snowflakes.
2022-09-08 01:44:08,158:INFO:youtube:sql select * from CHANNEL_VIDEOS where USERID = 'saurabhexponent1';
2022-09-08 01:44:09,427:INFO:youtube:Video deleted in local folder
2022-09-08 01:44:09,434:INFO:youtube:service created successfully drive
2022-09-08 01:44:09,434:INFO:youtube:Created G Drive connector
2022-09-08 01:44:16,895:INFO:youtube:Downloading video Meet My Teacher | Teacher's Day Special | @UCd-HN6ZBWIFJdG6KSLATd6g
2022-09-08 01:44:17,649:INFO:youtube:Already Uploaded file to https://drive.google.com/open?id=156hM5q3q7R1MZ0oXhTkYTcd5v9IAkggP
2022-09-08 01:44:17,649:INFO:youtube:Video Uploaded in G Drive: https://drive.google.com/open?id=156hM5q3q7R1MZ0oXhTkYTcd5v9IAkggP
2022-09-08 01:44:23,357:INFO:youtube:Downloading video Teacher's Day Special Announcement | Offers | Neuro Labs | New Batch
2022-09-08 01:44:23,992:INFO:youtube:Already Uploaded file to https://drive.google.com/open?id=14m4VyRr7_cZRVaCn81wCIu-V-KZsaPvU
2022-09-08 01:44:23,992:INFO:youtube:Video Uploaded in G Drive: https://drive.google.com/open?id=14m4VyRr7_cZRVaCn81wCIu-V-KZsaPvU
2022-09-08 01:44:26,127:INFO:youtube:Downloading video Best Programming Course in Hindi
2022-09-08 01:44:27,085:INFO:youtube:Already Uploaded file to https://drive.google.com/open?id=1nijSakQsi2V3IE566sE8_P9dJCEASxQI
2022-09-08 01:44:27,085:INFO:youtube:Video Uploaded in G Drive: https://drive.google.com/open?id=1nijSakQsi2V3IE566sE8_P9dJCEASxQI
2022-09-08 01:44:28,513:INFO:youtube:Downloading video Tum kaun ho?
2022-09-08 01:44:29,128:INFO:youtube:Already Uploaded file to https://drive.google.com/open?id=1ikMgLENs30g1-KFbEj_eJfI3aSm5TeXz
2022-09-08 01:44:29,128:INFO:youtube:Video Uploaded in G Drive: https://drive.google.com/open?id=1ikMgLENs30g1-KFbEj_eJfI3aSm5TeXz
2022-09-08 01:44:34,338:INFO:youtube:Downloading video Number Shifting Game Project in C
2022-09-08 01:44:34,905:INFO:youtube:Already Uploaded file to https://drive.google.com/open?id=1-YZDLEcTzuVOrLxTXdgqUuLNvwciYyaK
2022-09-08 01:44:34,905:INFO:youtube:Video Uploaded in G Drive: https://drive.google.com/open?id=1-YZDLEcTzuVOrLxTXdgqUuLNvwciYyaK
2022-09-08 01:44:43,178:INFO:youtube:Downloading video Introduction to C++ and OOP (Bootcamp Batch LIVE)
2022-09-08 01:44:43,759:INFO:youtube:Already Uploaded file to https://drive.google.com/open?id=1Gh-kCfI4wMRKKMomG0bvNz9AECKfZ8N4
2022-09-08 01:44:43,759:INFO:youtube:Video Uploaded in G Drive: https://drive.google.com/open?id=1Gh-kCfI4wMRKKMomG0bvNz9AECKfZ8N4
2022-09-08 01:44:48,152:INFO:youtube:Downloading video MySirG Gift on Independence Day | Jai Hind
2022-09-08 01:44:48,855:INFO:youtube:Already Uploaded file to https://drive.google.com/open?id=1ExdBdQ4VUOgs0G9GQHwAk5mu7TDxnMQF
2022-09-08 01:44:48,855:INFO:youtube:Video Uploaded in G Drive: https://drive.google.com/open?id=1ExdBdQ4VUOgs0G9GQHwAk5mu7TDxnMQF
2022-09-08 01:44:54,828:INFO:youtube:Downloading video Loops in Python | LIVE Community Classes | MySirG
2022-09-08 01:44:55,392:INFO:youtube:Already Uploaded file to https://drive.google.com/open?id=1UuTBizCYRFs1qnoxcjcBRm8wPtm9UgL1
2022-09-08 01:44:55,393:INFO:youtube:Video Uploaded in G Drive: https://drive.google.com/open?id=1UuTBizCYRFs1qnoxcjcBRm8wPtm9UgL1
2022-09-08 01:44:56,775:INFO:youtube:Downloading video Yeh channel dekha kya?
2022-09-08 01:44:57,319:INFO:youtube:Already Uploaded file to https://drive.google.com/open?id=1SmlGysJpIRcM9_TTKTwiP1uxthv8u5ik
2022-09-08 01:44:57,319:INFO:youtube:Video Uploaded in G Drive: https://drive.google.com/open?id=1SmlGysJpIRcM9_TTKTwiP1uxthv8u5ik
2022-09-08 01:45:01,532:INFO:youtube:Downloading video Decision Control in Python | LIVE Community Classes | MySirG
2022-09-08 01:45:02,479:INFO:youtube:Already Uploaded file to https://drive.google.com/open?id=1_-zRQ9rFNjf--TyQIyjctbd2U2V7RW9h
2022-09-08 01:45:02,480:INFO:youtube:Video Uploaded in G Drive: https://drive.google.com/open?id=1_-zRQ9rFNjf--TyQIyjctbd2U2V7RW9h
2022-09-08 01:45:07,905:INFO:youtube:Downloading video Keywords, Operators and User input in Python | LIVE Community Classes | MySirG
2022-09-08 01:45:08,514:INFO:youtube:Already Uploaded file to https://drive.google.com/open?id=1xm84in7BDD0vBfkq6Ja6Z8Bi1fV5yNH3
2022-09-08 01:45:08,514:INFO:youtube:Video Uploaded in G Drive: https://drive.google.com/open?id=1xm84in7BDD0vBfkq6Ja6Z8Bi1fV5yNH3
2022-09-08 01:45:13,008:INFO:youtube:Downloading video Variables and Types in Python | LIVE Community Classes | MySirG
2022-09-08 01:45:13,598:INFO:youtube:Already Uploaded file to https://drive.google.com/open?id=1Qiro0-L-XyR1w4v4TtW0f5R_X0R3_69X
2022-09-08 01:45:13,598:INFO:youtube:Video Uploaded in G Drive: https://drive.google.com/open?id=1Qiro0-L-XyR1w4v4TtW0f5R_X0R3_69X
2022-09-08 01:45:17,875:INFO:youtube:Downloading video Introduction to Python | LIVE Community Classes | MySirG
2022-09-08 01:45:18,430:INFO:youtube:Already Uploaded file to https://drive.google.com/open?id=1sj38Cm1db8kmqKpleUVEuovode3GNNJI
2022-09-08 01:45:18,430:INFO:youtube:Video Uploaded in G Drive: https://drive.google.com/open?id=1sj38Cm1db8kmqKpleUVEuovode3GNNJI
2022-09-08 01:45:23,779:INFO:youtube:Downloading video Pointers in C Language | Community Classes | LIVE | MySirG
2022-09-08 01:45:24,519:INFO:youtube:Already Uploaded file to https://drive.google.com/open?id=1hV1uts8FcULFywRMs3hV8xpPFzlA-FNn
2022-09-08 01:45:24,519:INFO:youtube:Video Uploaded in G Drive: https://drive.google.com/open?id=1hV1uts8FcULFywRMs3hV8xpPFzlA-FNn
2022-09-08 01:45:30,982:INFO:youtube:Downloading video Strings in C Language | Community Classes | LIVE | MySirG
2022-09-08 01:45:31,556:INFO:youtube:Already Uploaded file to https://drive.google.com/open?id=1D1sJdjlDX4SCayK8psCt45EOpyGve4Jp
2022-09-08 01:45:31,556:INFO:youtube:Video Uploaded in G Drive: https://drive.google.com/open?id=1D1sJdjlDX4SCayK8psCt45EOpyGve4Jp
2022-09-08 01:45:37,413:INFO:youtube:Downloading video Arrays in C Language | Community Classes | LIVE | MySirG
2022-09-08 01:45:38,038:INFO:youtube:Already Uploaded file to https://drive.google.com/open?id=1MT6YvWthV21oZchNr72rSDTDS5Pr-SuG
2022-09-08 01:45:38,038:INFO:youtube:Video Uploaded in G Drive: https://drive.google.com/open?id=1MT6YvWthV21oZchNr72rSDTDS5Pr-SuG
2022-09-08 01:45:43,729:INFO:youtube:Downloading video Recursion in C Language | Community Classes | LIVE | MySirG
2022-09-08 01:45:44,307:INFO:youtube:Already Uploaded file to https://drive.google.com/open?id=1Uvs-1Euq00QyWxHUw-fR8EowabJsWurd
2022-09-08 01:45:44,308:INFO:youtube:Video Uploaded in G Drive: https://drive.google.com/open?id=1Uvs-1Euq00QyWxHUw-fR8EowabJsWurd
2022-09-08 01:45:50,020:INFO:youtube:Downloading video Functions in C Language | Community Classes | LIVE | MySirG
2022-09-08 01:45:50,602:INFO:youtube:Already Uploaded file to https://drive.google.com/open?id=12tc_Yx7cnEE7bsOZyMeJ3J9n3N5GyGQI
2022-09-08 01:45:50,602:INFO:youtube:Video Uploaded in G Drive: https://drive.google.com/open?id=12tc_Yx7cnEE7bsOZyMeJ3J9n3N5GyGQI
2022-09-08 01:45:54,791:INFO:youtube:Downloading video How @Rohit Negi cracked 2 Crore package? | MySirG Family
2022-09-08 01:45:55,356:INFO:youtube:Already Uploaded file to https://drive.google.com/open?id=1M-r33JW-DOIi_FcY3Iui5_fyY50oSVwT
2022-09-08 01:45:55,356:INFO:youtube:Video Uploaded in G Drive: https://drive.google.com/open?id=1M-r33JW-DOIi_FcY3Iui5_fyY50oSVwT
2022-09-08 01:46:00,394:INFO:youtube:Downloading video C Language | Assignment Solution Day-5 | Community Classes | LIVE | MySirG
2022-09-08 01:46:01,098:INFO:youtube:Already Uploaded file to https://drive.google.com/open?id=134lslFIOasymTraWNw3DtiHj6Q_j_6KT
2022-09-08 01:46:01,098:INFO:youtube:Video Uploaded in G Drive: https://drive.google.com/open?id=134lslFIOasymTraWNw3DtiHj6Q_j_6KT
2022-09-08 01:46:07,102:INFO:youtube:Downloading video Hackathon se LIVE
2022-09-08 01:46:07,686:INFO:youtube:Already Uploaded file to https://drive.google.com/open?id=1IL24ZabVeQtaXPB5bQt0ns_lA3OSIDQq
2022-09-08 01:46:07,687:INFO:youtube:Video Uploaded in G Drive: https://drive.google.com/open?id=1IL24ZabVeQtaXPB5bQt0ns_lA3OSIDQq
2022-09-08 01:46:14,217:INFO:youtube:Downloading video Blockchain Hackathon LIVE
2022-09-08 01:46:14,839:INFO:youtube:Already Uploaded file to https://drive.google.com/open?id=1rsHQw4pYs9sUaQX_oQGz5BjR1ElC_77t
2022-09-08 01:46:14,839:INFO:youtube:Video Uploaded in G Drive: https://drive.google.com/open?id=1rsHQw4pYs9sUaQX_oQGz5BjR1ElC_77t
2022-09-08 01:46:17,720:INFO:youtube:Downloading video C Language | Assignment Solution Day-4 | Community Classes | LIVE | MySirG
2022-09-08 01:46:18,305:INFO:youtube:Already Uploaded file to https://drive.google.com/open?id=1m0i_e699Zfw0-pyRyXrkSwLdYgeypiBg
2022-09-08 01:46:18,305:INFO:youtube:Video Uploaded in G Drive: https://drive.google.com/open?id=1m0i_e699Zfw0-pyRyXrkSwLdYgeypiBg
2022-09-08 01:46:19,908:INFO:youtube:Downloading video Free Entry in Blockchain Hackathon | @iNeuron Intelligence@Neo Smart Economy @Telusko
2022-09-08 01:46:20,507:INFO:youtube:Already Uploaded file to https://drive.google.com/open?id=15xTX5_El9vbicHoE4oJ226PtdZ79OG-x
2022-09-08 01:46:20,507:INFO:youtube:Video Uploaded in G Drive: https://drive.google.com/open?id=15xTX5_El9vbicHoE4oJ226PtdZ79OG-x
2022-09-08 01:46:26,484:INFO:youtube:Downloading video C Language | Assignment Solution Day-3 | Community Classes | LIVE | MySirG
2022-09-08 01:46:27,092:INFO:youtube:Already Uploaded file to https://drive.google.com/open?id=1XZBB1P8oBnT6aJC_nW1ZI69m-taxe_HV
2022-09-08 01:46:27,092:INFO:youtube:Video Uploaded in G Drive: https://drive.google.com/open?id=1XZBB1P8oBnT6aJC_nW1ZI69m-taxe_HV
2022-09-08 01:46:29,087:INFO:youtube:Downloading video Full Stack Web Development using Python | LIVE class in Hindi
2022-09-08 01:46:29,731:INFO:youtube:Already Uploaded file to https://drive.google.com/open?id=1tP8N486UkuBAMUmxbrydsZ_hXAOeP-UQ
2022-09-08 01:46:29,731:INFO:youtube:Video Uploaded in G Drive: https://drive.google.com/open?id=1tP8N486UkuBAMUmxbrydsZ_hXAOeP-UQ
2022-09-08 01:46:33,942:INFO:youtube:Downloading video C Language | Assignment Solution Day-2 | Community Classes | LIVE | MySirG
2022-09-08 01:46:34,529:INFO:youtube:Already Uploaded file to https://drive.google.com/open?id=1LKXqJ20DvjpTL-XQqAqJlaxDvKC0tTcu
2022-09-08 01:46:34,530:INFO:youtube:Video Uploaded in G Drive: https://drive.google.com/open?id=1LKXqJ20DvjpTL-XQqAqJlaxDvKC0tTcu
2022-09-08 01:46:39,759:INFO:youtube:Downloading video C Language | Assignment Solution Day-1 | Community Classes | LIVE | MySirG
2022-09-08 01:46:40,374:INFO:youtube:Already Uploaded file to https://drive.google.com/open?id=19j1L4-ssSpUj6rGEkduTSfhgAEp86XP4
2022-09-08 01:46:40,374:INFO:youtube:Video Uploaded in G Drive: https://drive.google.com/open?id=19j1L4-ssSpUj6rGEkduTSfhgAEp86XP4
2022-09-08 01:46:45,111:INFO:youtube:Downloading video MySirG ki LIVE classes     @iNeuron Intelligence 
2022-09-08 01:46:45,681:INFO:youtube:Already Uploaded file to https://drive.google.com/open?id=1U2ql4-Nz9pzGvJvU0LsHZUla0-hOXeZB
2022-09-08 01:46:45,682:INFO:youtube:Video Uploaded in G Drive: https://drive.google.com/open?id=1U2ql4-Nz9pzGvJvU0LsHZUla0-hOXeZB
2022-09-08 01:46:49,402:INFO:youtube:Downloading video Switch Case Control in C Language | Community LIVE Class | Day-13
2022-09-08 01:46:49,994:INFO:youtube:Already Uploaded file to https://drive.google.com/open?id=1ep3FdGeHqsKZDBlWD0TpkmL605QwLUQw
2022-09-08 01:46:49,994:INFO:youtube:Video Uploaded in G Drive: https://drive.google.com/open?id=1ep3FdGeHqsKZDBlWD0TpkmL605QwLUQw
2022-09-08 01:46:49,997:INFO:youtube:Stored channel name and video details in database
2022-09-08 01:46:50,648:INFO:youtube:Connected with snowflakes.
2022-09-08 01:46:53,957:INFO:youtube:Successfully inserted Data in CHANNEL_VIDEOS
2022-09-08 01:46:53,957:INFO:youtube:Stored each video details in database
2022-09-08 01:46:53,957:INFO:youtube:Urls: ['/watch?v=DjxFTs4ZuU8', '/watch?v=uJesWe403HM', '/watch?v=PPRlWvX3f9Y', '/shorts/mLvdnHKY220', '/watch?v=5mbQuIr6f8o', '/watch?v=PTlNfIaSGus', '/watch?v=AwmhL1N8QEE', '/watch?v=KFZ3Eftp8lo', '/shorts/qgNnf1GMLxc', '/watch?v=-Po6d6Zm3cE', '/watch?v=2D7uw4ghr88', '/watch?v=ppKaxLop79c', '/watch?v=MpEldU7Z_Wc', '/watch?v=QaBLikVYeWI', '/watch?v=0li7LVo0Zfc', '/watch?v=LBLoa3btyVw', '/watch?v=E8LZZUC_2g0', '/watch?v=8yJFzfYMk30', '/watch?v=oHzGUSprgMY', '/watch?v=FGOXKUFlZL0', '/watch?v=L0PohILU8Oo', '/watch?v=yLcx9aGpFNU', '/watch?v=N8H6BRPbuLQ', '/watch?v=TPqgL5YcToQ', '/watch?v=y1vtmwd3ccY', '/watch?v=KNTz0N10lzg', '/watch?v=h6qXQ7DHcgE', '/watch?v=2sgAzyYkS1g', '/watch?v=-n5D8rMUhBM', '/watch?v=zVB2ZR6RpzM']
2022-09-08 01:47:37,365:INFO:youtube:Created thumbnail urls image to base64 object
2022-09-08 01:47:41,434:INFO:youtube:mongo_client created.
2022-09-08 01:47:41,881:INFO:youtube:database YouTube-Scrapper is present.
2022-09-08 01:47:41,916:INFO:youtube:mongo_client connection closed.
2022-09-08 01:47:45,972:INFO:youtube:mongo_client created.
2022-09-08 01:47:45,973:INFO:youtube:mongo_client connection closed.
2022-09-08 01:47:46,367:INFO:youtube:collection Video-Data is present.
2022-09-08 01:47:50,404:INFO:youtube:mongo_client created.
2022-09-08 01:47:50,404:INFO:youtube:mongo_client connection closed.
2022-09-08 01:47:50,960:INFO:youtube:Data inserted in Video-Data.
2022-09-08 01:47:50,960:INFO:youtube:Inserted Row
2022-09-08 01:47:50,960:INFO:youtube:Data inserted in mongodb
2022-09-08 01:48:33,163:INFO:youtube:Created thumbnail urls image to base64 object
2022-09-08 01:48:37,206:INFO:youtube:mongo_client created.
2022-09-08 01:48:37,691:INFO:youtube:database YouTube-Scrapper is present.
2022-09-08 01:48:37,731:INFO:youtube:mongo_client connection closed.
2022-09-08 01:48:41,778:INFO:youtube:mongo_client created.
2022-09-08 01:48:41,778:INFO:youtube:mongo_client connection closed.
2022-09-08 01:48:42,211:INFO:youtube:collection Video-Data is present.
2022-09-08 01:48:46,253:INFO:youtube:mongo_client created.
2022-09-08 01:48:46,254:INFO:youtube:mongo_client connection closed.
2022-09-08 01:48:46,699:INFO:youtube:Data inserted in Video-Data.
2022-09-08 01:48:46,699:INFO:youtube:Inserted Row
2022-09-08 01:48:46,700:INFO:youtube:Data inserted in mongodb
2022-09-08 01:50:31,705:INFO:youtube:Created thumbnail urls image to base64 object
2022-09-08 01:50:35,840:INFO:youtube:mongo_client created.
2022-09-08 01:50:36,285:INFO:youtube:database YouTube-Scrapper is present.
2022-09-08 01:50:36,320:INFO:youtube:mongo_client connection closed.
2022-09-08 01:50:40,362:INFO:youtube:mongo_client created.
2022-09-08 01:50:40,362:INFO:youtube:mongo_client connection closed.
2022-09-08 01:50:40,706:INFO:youtube:collection Video-Data is present.
2022-09-08 01:50:44,762:INFO:youtube:mongo_client created.
2022-09-08 01:50:44,763:INFO:youtube:mongo_client connection closed.
2022-09-08 01:50:45,217:INFO:youtube:Data inserted in Video-Data.
2022-09-08 01:50:45,217:INFO:youtube:Inserted Row
2022-09-08 01:50:45,217:INFO:youtube:Data inserted in mongodb
2022-09-08 01:51:34,650:INFO:youtube:Created thumbnail urls image to base64 object
2022-09-08 01:51:38,692:INFO:youtube:mongo_client created.
2022-09-08 01:51:39,096:INFO:youtube:database YouTube-Scrapper is present.
2022-09-08 01:51:39,133:INFO:youtube:mongo_client connection closed.
2022-09-08 01:51:43,191:INFO:youtube:mongo_client created.
2022-09-08 01:51:43,191:INFO:youtube:mongo_client connection closed.
2022-09-08 01:51:43,479:INFO:youtube:collection Video-Data is present.
2022-09-08 01:51:47,523:INFO:youtube:mongo_client created.
2022-09-08 01:51:47,523:INFO:youtube:mongo_client connection closed.
2022-09-08 01:51:47,858:INFO:youtube:Data inserted in Video-Data.
2022-09-08 01:51:47,858:INFO:youtube:Inserted Row
2022-09-08 01:51:47,858:INFO:youtube:Data inserted in mongodb
2022-09-08 01:52:32,722:INFO:youtube:Created thumbnail urls image to base64 object
2022-09-08 01:52:36,765:INFO:youtube:mongo_client created.
2022-09-08 01:52:37,056:INFO:youtube:database YouTube-Scrapper is present.
2022-09-08 01:52:37,076:INFO:youtube:mongo_client connection closed.
2022-09-08 01:52:41,116:INFO:youtube:mongo_client created.
2022-09-08 01:52:41,116:INFO:youtube:mongo_client connection closed.
2022-09-08 01:52:41,460:INFO:youtube:collection Video-Data is present.
2022-09-08 01:52:45,513:INFO:youtube:mongo_client created.
2022-09-08 01:52:45,514:INFO:youtube:mongo_client connection closed.
2022-09-08 01:52:45,859:INFO:youtube:Data inserted in Video-Data.
2022-09-08 01:52:45,860:INFO:youtube:Inserted Row
2022-09-08 01:52:45,860:INFO:youtube:Data inserted in mongodb
2022-09-08 01:53:52,311:INFO:youtube:Created thumbnail urls image to base64 object
2022-09-08 01:53:56,370:INFO:youtube:mongo_client created.
2022-09-08 01:53:56,629:INFO:youtube:database YouTube-Scrapper is present.
2022-09-08 01:53:56,647:INFO:youtube:mongo_client connection closed.
2022-09-08 01:54:00,693:INFO:youtube:mongo_client created.
2022-09-08 01:54:00,693:INFO:youtube:mongo_client connection closed.
2022-09-08 01:54:01,151:INFO:youtube:collection Video-Data is present.
2022-09-08 01:54:05,196:INFO:youtube:mongo_client created.
2022-09-08 01:54:05,196:INFO:youtube:mongo_client connection closed.
2022-09-08 01:54:05,663:INFO:youtube:Data inserted in Video-Data.
2022-09-08 01:54:05,663:INFO:youtube:Inserted Row
2022-09-08 01:54:05,663:INFO:youtube:Data inserted in mongodb
2022-09-08 01:54:39,184:INFO:youtube:Created thumbnail urls image to base64 object
2022-09-08 01:54:43,219:INFO:youtube:mongo_client created.
2022-09-08 01:54:43,688:INFO:youtube:database YouTube-Scrapper is present.
2022-09-08 01:54:43,729:INFO:youtube:mongo_client connection closed.
2022-09-08 01:54:47,779:INFO:youtube:mongo_client created.
2022-09-08 01:54:47,779:INFO:youtube:mongo_client connection closed.
2022-09-08 01:54:48,205:INFO:youtube:collection Video-Data is present.
2022-09-08 01:54:52,249:INFO:youtube:mongo_client created.
2022-09-08 01:54:52,250:INFO:youtube:mongo_client connection closed.
2022-09-08 01:54:52,837:INFO:youtube:Data inserted in Video-Data.
2022-09-08 01:54:52,837:INFO:youtube:Inserted Row
2022-09-08 01:54:52,837:INFO:youtube:Data inserted in mongodb
2022-09-08 01:55:22,190:INFO:youtube:Created thumbnail urls image to base64 object
2022-09-08 01:55:26,237:INFO:youtube:mongo_client created.
2022-09-08 01:55:26,612:INFO:youtube:database YouTube-Scrapper is present.
2022-09-08 01:55:26,636:INFO:youtube:mongo_client connection closed.
2022-09-08 01:55:30,698:INFO:youtube:mongo_client created.
2022-09-08 01:55:30,698:INFO:youtube:mongo_client connection closed.
2022-09-08 01:55:31,038:INFO:youtube:collection Video-Data is present.
2022-09-08 01:55:35,077:INFO:youtube:mongo_client created.
2022-09-08 01:55:35,077:INFO:youtube:mongo_client connection closed.
2022-09-08 01:55:35,598:INFO:youtube:Data inserted in Video-Data.
2022-09-08 01:55:35,598:INFO:youtube:Inserted Row
2022-09-08 01:55:35,598:INFO:youtube:Data inserted in mongodb
2022-09-08 01:56:07,094:INFO:youtube:Created thumbnail urls image to base64 object
2022-09-08 01:56:11,138:INFO:youtube:mongo_client created.
2022-09-08 01:56:11,633:INFO:youtube:database YouTube-Scrapper is present.
2022-09-08 01:56:11,673:INFO:youtube:mongo_client connection closed.
2022-09-08 01:56:15,742:INFO:youtube:mongo_client created.
2022-09-08 01:56:15,742:INFO:youtube:mongo_client connection closed.
2022-09-08 01:56:16,164:INFO:youtube:collection Video-Data is present.
2022-09-08 01:56:20,215:INFO:youtube:mongo_client created.
2022-09-08 01:56:20,215:INFO:youtube:mongo_client connection closed.
2022-09-08 01:56:20,539:INFO:youtube:Data inserted in Video-Data.
2022-09-08 01:56:20,539:INFO:youtube:Inserted Row
2022-09-08 01:56:20,541:INFO:youtube:Data inserted in mongodb
2022-09-08 01:56:57,500:INFO:youtube:Created thumbnail urls image to base64 object
2022-09-08 01:57:01,569:INFO:youtube:mongo_client created.
2022-09-08 01:57:01,961:INFO:youtube:database YouTube-Scrapper is present.
2022-09-08 01:57:01,996:INFO:youtube:mongo_client connection closed.
2022-09-08 01:57:06,048:INFO:youtube:mongo_client created.
2022-09-08 01:57:06,049:INFO:youtube:mongo_client connection closed.
2022-09-08 01:57:06,469:INFO:youtube:collection Video-Data is present.
2022-09-08 01:57:10,520:INFO:youtube:mongo_client created.
2022-09-08 01:57:10,521:INFO:youtube:mongo_client connection closed.
2022-09-08 01:57:11,068:INFO:youtube:Data inserted in Video-Data.
2022-09-08 01:57:11,068:INFO:youtube:Inserted Row
2022-09-08 01:57:11,068:INFO:youtube:Data inserted in mongodb
2022-09-08 01:58:09,749:INFO:youtube:Created thumbnail urls image to base64 object
2022-09-08 01:58:13,800:INFO:youtube:mongo_client created.
2022-09-08 01:58:14,271:INFO:youtube:database YouTube-Scrapper is present.
2022-09-08 01:58:14,312:INFO:youtube:mongo_client connection closed.
2022-09-08 01:58:18,359:INFO:youtube:mongo_client created.
2022-09-08 01:58:18,359:INFO:youtube:mongo_client connection closed.
2022-09-08 01:58:18,817:INFO:youtube:collection Video-Data is present.
2022-09-08 01:58:22,866:INFO:youtube:mongo_client created.
2022-09-08 01:58:22,866:INFO:youtube:mongo_client connection closed.
2022-09-08 01:58:23,428:INFO:youtube:Data inserted in Video-Data.
2022-09-08 01:58:23,428:INFO:youtube:Inserted Row
2022-09-08 01:58:23,428:INFO:youtube:Data inserted in mongodb
2022-09-08 01:59:11,525:INFO:youtube:Created thumbnail urls image to base64 object
2022-09-08 01:59:15,575:INFO:youtube:mongo_client created.
2022-09-08 01:59:16,028:INFO:youtube:database YouTube-Scrapper is present.
2022-09-08 01:59:16,064:INFO:youtube:mongo_client connection closed.
2022-09-08 01:59:20,123:INFO:youtube:mongo_client created.
2022-09-08 01:59:20,123:INFO:youtube:mongo_client connection closed.
2022-09-08 01:59:20,569:INFO:youtube:collection Video-Data is present.
2022-09-08 01:59:24,623:INFO:youtube:mongo_client created.
2022-09-08 01:59:24,623:INFO:youtube:mongo_client connection closed.
2022-09-08 01:59:25,156:INFO:youtube:Data inserted in Video-Data.
2022-09-08 01:59:25,157:INFO:youtube:Inserted Row
2022-09-08 01:59:25,157:INFO:youtube:Data inserted in mongodb
2022-09-08 01:59:57,635:INFO:youtube:Created thumbnail urls image to base64 object
2022-09-08 02:00:01,702:INFO:youtube:mongo_client created.
2022-09-08 02:00:02,132:INFO:youtube:database YouTube-Scrapper is present.
2022-09-08 02:00:02,167:INFO:youtube:mongo_client connection closed.
2022-09-08 02:00:06,233:INFO:youtube:mongo_client created.
2022-09-08 02:00:06,234:INFO:youtube:mongo_client connection closed.
2022-09-08 02:00:06,723:INFO:youtube:collection Video-Data is present.
2022-09-08 02:00:10,766:INFO:youtube:mongo_client created.
2022-09-08 02:00:10,767:INFO:youtube:mongo_client connection closed.
2022-09-08 02:00:11,284:INFO:youtube:Data inserted in Video-Data.
2022-09-08 02:00:11,285:INFO:youtube:Inserted Row
2022-09-08 02:00:11,285:INFO:youtube:Data inserted in mongodb
2022-09-08 02:00:41,839:INFO:youtube:Created thumbnail urls image to base64 object
2022-09-08 02:00:45,897:INFO:youtube:mongo_client created.
2022-09-08 02:00:46,279:INFO:youtube:database YouTube-Scrapper is present.
2022-09-08 02:00:46,319:INFO:youtube:mongo_client connection closed.
2022-09-08 02:00:50,388:INFO:youtube:mongo_client created.
2022-09-08 02:00:50,388:INFO:youtube:mongo_client connection closed.
2022-09-08 02:00:50,780:INFO:youtube:collection Video-Data is present.
2022-09-08 02:00:54,823:INFO:youtube:mongo_client created.
2022-09-08 02:00:54,824:INFO:youtube:mongo_client connection closed.
2022-09-08 02:00:55,198:INFO:youtube:Data inserted in Video-Data.
2022-09-08 02:00:55,199:INFO:youtube:Inserted Row
2022-09-08 02:00:55,199:INFO:youtube:Data inserted in mongodb
2022-09-08 02:01:32,841:INFO:youtube:Created thumbnail urls image to base64 object
2022-09-08 02:01:36,890:INFO:youtube:mongo_client created.
2022-09-08 02:01:37,197:INFO:youtube:database YouTube-Scrapper is present.
2022-09-08 02:01:37,217:INFO:youtube:mongo_client connection closed.
2022-09-08 02:01:41,290:INFO:youtube:mongo_client created.
2022-09-08 02:01:41,290:INFO:youtube:mongo_client connection closed.
2022-09-08 02:01:41,573:INFO:youtube:collection Video-Data is present.
2022-09-08 02:01:45,620:INFO:youtube:mongo_client created.
2022-09-08 02:01:45,620:INFO:youtube:mongo_client connection closed.
2022-09-08 02:01:45,973:INFO:youtube:Data inserted in Video-Data.
2022-09-08 02:01:45,973:INFO:youtube:Inserted Row
2022-09-08 02:01:45,973:INFO:youtube:Data inserted in mongodb
2022-09-08 02:02:27,845:INFO:youtube:Created thumbnail urls image to base64 object
2022-09-08 02:02:31,899:INFO:youtube:mongo_client created.
2022-09-08 02:02:32,270:INFO:youtube:database YouTube-Scrapper is present.
2022-09-08 02:02:32,294:INFO:youtube:mongo_client connection closed.
2022-09-08 02:02:36,348:INFO:youtube:mongo_client created.
2022-09-08 02:02:36,348:INFO:youtube:mongo_client connection closed.
2022-09-08 02:02:36,809:INFO:youtube:collection Video-Data is present.
2022-09-08 02:02:40,858:INFO:youtube:mongo_client created.
2022-09-08 02:02:40,859:INFO:youtube:mongo_client connection closed.
2022-09-08 02:02:41,442:INFO:youtube:Data inserted in Video-Data.
2022-09-08 02:02:41,442:INFO:youtube:Inserted Row
2022-09-08 02:02:41,442:INFO:youtube:Data inserted in mongodb
2022-09-08 02:04:19,881:INFO:youtube:Created thumbnail urls image to base64 object
2022-09-08 02:04:23,927:INFO:youtube:mongo_client created.
2022-09-08 02:04:24,378:INFO:youtube:database YouTube-Scrapper is present.
2022-09-08 02:04:24,419:INFO:youtube:mongo_client connection closed.
2022-09-08 02:04:28,503:INFO:youtube:mongo_client created.
2022-09-08 02:04:28,503:INFO:youtube:mongo_client connection closed.
2022-09-08 02:04:28,919:INFO:youtube:collection Video-Data is present.
2022-09-08 02:04:32,971:INFO:youtube:mongo_client created.
2022-09-08 02:04:32,972:INFO:youtube:mongo_client connection closed.
2022-09-08 02:04:33,505:INFO:youtube:Data inserted in Video-Data.
2022-09-08 02:04:33,506:INFO:youtube:Inserted Row
2022-09-08 02:04:33,506:INFO:youtube:Data inserted in mongodb
2022-09-08 02:05:03,641:INFO:youtube:Created thumbnail urls image to base64 object
2022-09-08 02:05:07,689:INFO:youtube:mongo_client created.
2022-09-08 02:05:08,053:INFO:youtube:database YouTube-Scrapper is present.
2022-09-08 02:05:08,087:INFO:youtube:mongo_client connection closed.
2022-09-08 02:05:12,136:INFO:youtube:mongo_client created.
2022-09-08 02:05:12,136:INFO:youtube:mongo_client connection closed.
2022-09-08 02:05:12,423:INFO:youtube:collection Video-Data is present.
2022-09-08 02:05:16,474:INFO:youtube:mongo_client created.
2022-09-08 02:05:16,475:INFO:youtube:mongo_client connection closed.
2022-09-08 02:05:16,885:INFO:youtube:Data inserted in Video-Data.
2022-09-08 02:05:16,885:INFO:youtube:Inserted Row
2022-09-08 02:05:16,885:INFO:youtube:Data inserted in mongodb
2022-09-08 02:05:51,915:INFO:youtube:Created thumbnail urls image to base64 object
2022-09-08 02:05:55,974:INFO:youtube:mongo_client created.
2022-09-08 02:05:56,471:INFO:youtube:database YouTube-Scrapper is present.
2022-09-08 02:05:56,514:INFO:youtube:mongo_client connection closed.
2022-09-08 02:06:00,562:INFO:youtube:mongo_client created.
2022-09-08 02:06:00,562:INFO:youtube:mongo_client connection closed.
2022-09-08 02:06:01,005:INFO:youtube:collection Video-Data is present.
2022-09-08 02:06:05,044:INFO:youtube:mongo_client created.
2022-09-08 02:06:05,044:INFO:youtube:mongo_client connection closed.
2022-09-08 02:06:05,551:INFO:youtube:Data inserted in Video-Data.
2022-09-08 02:06:05,551:INFO:youtube:Inserted Row
2022-09-08 02:06:05,552:INFO:youtube:Data inserted in mongodb
2022-09-08 02:06:43,422:INFO:youtube:Created thumbnail urls image to base64 object
2022-09-08 02:06:47,481:INFO:youtube:mongo_client created.
2022-09-08 02:06:47,728:INFO:youtube:database YouTube-Scrapper is present.
2022-09-08 02:06:47,747:INFO:youtube:mongo_client connection closed.
2022-09-08 02:06:51,785:INFO:youtube:mongo_client created.
2022-09-08 02:06:51,785:INFO:youtube:mongo_client connection closed.
2022-09-08 02:06:52,092:INFO:youtube:collection Video-Data is present.
2022-09-08 02:06:56,145:INFO:youtube:mongo_client created.
2022-09-08 02:06:56,145:INFO:youtube:mongo_client connection closed.
2022-09-08 02:06:56,538:INFO:youtube:Data inserted in Video-Data.
2022-09-08 02:06:56,538:INFO:youtube:Inserted Row
2022-09-08 02:06:56,539:INFO:youtube:Data inserted in mongodb
2022-09-08 02:07:31,397:INFO:youtube:Created thumbnail urls image to base64 object
2022-09-08 02:07:35,442:INFO:youtube:mongo_client created.
2022-09-08 02:07:35,915:INFO:youtube:database YouTube-Scrapper is present.
2022-09-08 02:07:35,955:INFO:youtube:mongo_client connection closed.
2022-09-08 02:07:40,012:INFO:youtube:mongo_client created.
2022-09-08 02:07:40,013:INFO:youtube:mongo_client connection closed.
2022-09-08 02:07:40,346:INFO:youtube:collection Video-Data is present.
2022-09-08 02:07:44,399:INFO:youtube:mongo_client created.
2022-09-08 02:07:44,399:INFO:youtube:mongo_client connection closed.
2022-09-08 02:07:44,859:INFO:youtube:Data inserted in Video-Data.
2022-09-08 02:07:44,859:INFO:youtube:Inserted Row
2022-09-08 02:07:44,859:INFO:youtube:Data inserted in mongodb
2022-09-08 02:08:12,770:INFO:youtube:Created thumbnail urls image to base64 object
2022-09-08 02:08:16,816:INFO:youtube:mongo_client created.
2022-09-08 02:08:17,162:INFO:youtube:database YouTube-Scrapper is present.
2022-09-08 02:08:17,185:INFO:youtube:mongo_client connection closed.
2022-09-08 02:08:21,225:INFO:youtube:mongo_client created.
2022-09-08 02:08:21,226:INFO:youtube:mongo_client connection closed.
2022-09-08 02:08:21,683:INFO:youtube:collection Video-Data is present.
2022-09-08 02:08:25,724:INFO:youtube:mongo_client created.
2022-09-08 02:08:25,724:INFO:youtube:mongo_client connection closed.
2022-09-08 02:08:26,237:INFO:youtube:Data inserted in Video-Data.
2022-09-08 02:08:26,237:INFO:youtube:Inserted Row
2022-09-08 02:08:26,237:INFO:youtube:Data inserted in mongodb
2022-09-08 02:08:57,574:INFO:youtube:Created thumbnail urls image to base64 object
2022-09-08 02:09:01,631:INFO:youtube:mongo_client created.
2022-09-08 02:09:02,004:INFO:youtube:database YouTube-Scrapper is present.
2022-09-08 02:09:02,043:INFO:youtube:mongo_client connection closed.
2022-09-08 02:09:06,082:INFO:youtube:mongo_client created.
2022-09-08 02:09:06,082:INFO:youtube:mongo_client connection closed.
2022-09-08 02:09:06,435:INFO:youtube:collection Video-Data is present.
2022-09-08 02:09:10,510:INFO:youtube:mongo_client created.
2022-09-08 02:09:10,510:INFO:youtube:mongo_client connection closed.
2022-09-08 02:09:11,077:INFO:youtube:Data inserted in Video-Data.
2022-09-08 02:09:11,077:INFO:youtube:Inserted Row
2022-09-08 02:09:11,077:INFO:youtube:Data inserted in mongodb
2022-09-08 02:10:31,459:INFO:youtube:Created thumbnail urls image to base64 object
2022-09-08 02:10:35,502:INFO:youtube:mongo_client created.
2022-09-08 02:10:35,850:INFO:youtube:database YouTube-Scrapper is present.
2022-09-08 02:10:35,873:INFO:youtube:mongo_client connection closed.
2022-09-08 02:10:39,928:INFO:youtube:mongo_client created.
2022-09-08 02:10:39,928:INFO:youtube:mongo_client connection closed.
2022-09-08 02:10:40,217:INFO:youtube:collection Video-Data is present.
2022-09-08 02:10:44,279:INFO:youtube:mongo_client created.
2022-09-08 02:10:44,279:INFO:youtube:mongo_client connection closed.
2022-09-08 02:10:44,782:INFO:youtube:Data inserted in Video-Data.
2022-09-08 02:10:44,783:INFO:youtube:Inserted Row
2022-09-08 02:10:44,783:INFO:youtube:Data inserted in mongodb
2022-09-08 02:11:17,072:INFO:youtube:Created thumbnail urls image to base64 object
2022-09-08 02:11:21,124:INFO:youtube:mongo_client created.
2022-09-08 02:11:21,580:INFO:youtube:database YouTube-Scrapper is present.
2022-09-08 02:11:21,620:INFO:youtube:mongo_client connection closed.
2022-09-08 02:11:25,680:INFO:youtube:mongo_client created.
2022-09-08 02:11:25,680:INFO:youtube:mongo_client connection closed.
2022-09-08 02:11:26,136:INFO:youtube:collection Video-Data is present.
2022-09-08 02:11:30,180:INFO:youtube:mongo_client created.
2022-09-08 02:11:30,181:INFO:youtube:mongo_client connection closed.
2022-09-08 02:11:30,766:INFO:youtube:Data inserted in Video-Data.
2022-09-08 02:11:30,766:INFO:youtube:Inserted Row
2022-09-08 02:11:30,766:INFO:youtube:Data inserted in mongodb
2022-09-08 02:12:04,210:INFO:youtube:Created thumbnail urls image to base64 object
2022-09-08 02:12:08,263:INFO:youtube:mongo_client created.
2022-09-08 02:12:08,719:INFO:youtube:database YouTube-Scrapper is present.
2022-09-08 02:12:08,758:INFO:youtube:mongo_client connection closed.
2022-09-08 02:12:12,840:INFO:youtube:mongo_client created.
2022-09-08 02:12:12,840:INFO:youtube:mongo_client connection closed.
2022-09-08 02:12:13,136:INFO:youtube:collection Video-Data is present.
2022-09-08 02:12:17,192:INFO:youtube:mongo_client created.
2022-09-08 02:12:17,193:INFO:youtube:mongo_client connection closed.
2022-09-08 02:12:17,738:INFO:youtube:Data inserted in Video-Data.
2022-09-08 02:12:17,738:INFO:youtube:Inserted Row
2022-09-08 02:12:17,738:INFO:youtube:Data inserted in mongodb
2022-09-08 02:14:29,556:INFO:youtube:Created thumbnail urls image to base64 object
2022-09-08 02:14:33,607:INFO:youtube:mongo_client created.
2022-09-08 02:14:33,998:INFO:youtube:database YouTube-Scrapper is present.
2022-09-08 02:14:34,028:INFO:youtube:mongo_client connection closed.
2022-09-08 02:14:38,078:INFO:youtube:mongo_client created.
2022-09-08 02:14:38,079:INFO:youtube:mongo_client connection closed.
2022-09-08 02:14:38,429:INFO:youtube:collection Video-Data is present.
2022-09-08 02:14:42,472:INFO:youtube:mongo_client created.
2022-09-08 02:14:42,472:INFO:youtube:mongo_client connection closed.
2022-09-08 02:14:42,850:INFO:youtube:Data inserted in Video-Data.
2022-09-08 02:14:42,851:INFO:youtube:Inserted Row
2022-09-08 02:14:42,851:INFO:youtube:Data inserted in mongodb
2022-09-08 02:16:00,505:INFO:youtube:Created thumbnail urls image to base64 object
2022-09-08 02:16:04,556:INFO:youtube:mongo_client created.
2022-09-08 02:16:04,877:INFO:youtube:database YouTube-Scrapper is present.
2022-09-08 02:16:04,897:INFO:youtube:mongo_client connection closed.
2022-09-08 02:16:08,956:INFO:youtube:mongo_client created.
2022-09-08 02:16:08,957:INFO:youtube:mongo_client connection closed.
2022-09-08 02:16:09,341:INFO:youtube:collection Video-Data is present.
2022-09-08 02:16:13,395:INFO:youtube:mongo_client created.
2022-09-08 02:16:13,395:INFO:youtube:mongo_client connection closed.
2022-09-08 02:16:13,898:INFO:youtube:Data inserted in Video-Data.
2022-09-08 02:16:13,898:INFO:youtube:Inserted Row
2022-09-08 02:16:13,900:INFO:youtube:Data inserted in mongodb
2022-09-08 02:16:17,679:INFO:youtube:Connected with snowflakes.
2022-09-08 02:16:21,664:INFO:youtube:Successfully inserted Data in VIDEO_INFO
2022-09-08 02:16:21,665:INFO:youtube:Stored each video comments in Mongodb
2022-09-08 02:16:21,674:INFO:youtube:search_id: saurabhexponent1 
2022-09-08 02:16:22,358:INFO:youtube:Connected with snowflakes.
2022-09-08 02:16:22,359:INFO:youtube:sql select top 30 * from CHANNEL_VIDEOS where USERID = 'saurabhexponent1';
2022-09-08 02:16:23,463:INFO:youtube:Connected with snowflakes.
2022-09-08 02:16:23,463:INFO:youtube:sql select * from VIDEO_INFO where USERID = 'saurabhexponent1';
2022-09-08 02:16:30,056:INFO:youtube:mongo_client created.
2022-09-08 02:16:30,369:INFO:youtube:database YouTube-Scrapper is present.
2022-09-08 02:16:30,388:INFO:youtube:mongo_client connection closed.
2022-09-08 02:16:34,432:INFO:youtube:mongo_client created.
2022-09-08 02:16:34,432:INFO:youtube:mongo_client connection closed.
2022-09-08 02:16:34,803:INFO:youtube:collection Video-Data is present.
2022-09-08 02:16:38,857:INFO:youtube:mongo_client created.
2022-09-08 02:16:38,858:INFO:youtube:mongo_client connection closed.
2022-09-08 02:16:38,858:INFO:youtube:Record found in Video-Data.
2022-09-08 02:16:44,164:INFO:youtube:mongo_client created.
2022-09-08 02:16:44,553:INFO:youtube:database YouTube-Scrapper is present.
2022-09-08 02:16:44,589:INFO:youtube:mongo_client connection closed.
2022-09-08 02:16:48,648:INFO:youtube:mongo_client created.
2022-09-08 02:16:48,649:INFO:youtube:mongo_client connection closed.
2022-09-08 02:16:49,011:INFO:youtube:collection Video-Data is present.
2022-09-08 02:16:53,084:INFO:youtube:mongo_client created.
2022-09-08 02:16:53,084:INFO:youtube:mongo_client connection closed.
2022-09-08 02:16:53,085:INFO:youtube:Record found in Video-Data.
2022-09-08 02:16:57,502:INFO:youtube:mongo_client created.
2022-09-08 02:16:57,929:INFO:youtube:database YouTube-Scrapper is present.
2022-09-08 02:16:57,970:INFO:youtube:mongo_client connection closed.
2022-09-08 02:17:02,034:INFO:youtube:mongo_client created.
2022-09-08 02:17:02,034:INFO:youtube:mongo_client connection closed.
2022-09-08 02:17:02,466:INFO:youtube:collection Video-Data is present.
2022-09-08 02:17:06,521:INFO:youtube:mongo_client created.
2022-09-08 02:17:06,521:INFO:youtube:mongo_client connection closed.
2022-09-08 02:17:06,522:INFO:youtube:Record found in Video-Data.
2022-09-08 02:17:10,936:INFO:youtube:mongo_client created.
2022-09-08 02:17:11,291:INFO:youtube:database YouTube-Scrapper is present.
2022-09-08 02:17:11,314:INFO:youtube:mongo_client connection closed.
2022-09-08 02:17:15,386:INFO:youtube:mongo_client created.
2022-09-08 02:17:15,387:INFO:youtube:mongo_client connection closed.
2022-09-08 02:17:15,838:INFO:youtube:collection Video-Data is present.
2022-09-08 02:17:19,866:INFO:youtube:mongo_client created.
2022-09-08 02:17:19,866:INFO:youtube:mongo_client connection closed.
2022-09-08 02:17:19,866:INFO:youtube:Record found in Video-Data.
2022-09-08 02:17:24,358:INFO:youtube:mongo_client created.
2022-09-08 02:17:24,855:INFO:youtube:database YouTube-Scrapper is present.
2022-09-08 02:17:24,895:INFO:youtube:mongo_client connection closed.
2022-09-08 02:17:28,949:INFO:youtube:mongo_client created.
2022-09-08 02:17:28,949:INFO:youtube:mongo_client connection closed.
2022-09-08 02:17:29,358:INFO:youtube:collection Video-Data is present.
2022-09-08 02:17:33,403:INFO:youtube:mongo_client created.
2022-09-08 02:17:33,404:INFO:youtube:mongo_client connection closed.
2022-09-08 02:17:33,404:INFO:youtube:Record found in Video-Data.
2022-09-08 02:17:37,920:INFO:youtube:mongo_client created.
2022-09-08 02:17:38,230:INFO:youtube:database YouTube-Scrapper is present.
2022-09-08 02:17:38,251:INFO:youtube:mongo_client connection closed.
2022-09-08 02:17:42,301:INFO:youtube:mongo_client created.
2022-09-08 02:17:42,302:INFO:youtube:mongo_client connection closed.
2022-09-08 02:17:42,751:INFO:youtube:collection Video-Data is present.
2022-09-08 02:17:46,802:INFO:youtube:mongo_client created.
2022-09-08 02:17:46,803:INFO:youtube:mongo_client connection closed.
2022-09-08 02:17:46,803:INFO:youtube:Record found in Video-Data.
2022-09-08 02:17:51,269:INFO:youtube:mongo_client created.
2022-09-08 02:17:51,739:INFO:youtube:database YouTube-Scrapper is present.
2022-09-08 02:17:51,779:INFO:youtube:mongo_client connection closed.
2022-09-08 02:17:55,839:INFO:youtube:mongo_client created.
2022-09-08 02:17:55,839:INFO:youtube:mongo_client connection closed.
2022-09-08 02:17:56,219:INFO:youtube:collection Video-Data is present.
2022-09-08 02:18:00,270:INFO:youtube:mongo_client created.
2022-09-08 02:18:00,270:INFO:youtube:mongo_client connection closed.
2022-09-08 02:18:00,271:INFO:youtube:Record found in Video-Data.
2022-09-08 02:18:04,780:INFO:youtube:mongo_client created.
2022-09-08 02:18:05,100:INFO:youtube:database YouTube-Scrapper is present.
2022-09-08 02:18:05,119:INFO:youtube:mongo_client connection closed.
2022-09-08 02:18:09,176:INFO:youtube:mongo_client created.
2022-09-08 02:18:09,177:INFO:youtube:mongo_client connection closed.
2022-09-08 02:18:09,491:INFO:youtube:collection Video-Data is present.
2022-09-08 02:18:13,559:INFO:youtube:mongo_client created.
2022-09-08 02:18:13,559:INFO:youtube:mongo_client connection closed.
2022-09-08 02:18:13,559:INFO:youtube:Record found in Video-Data.
2022-09-08 02:18:18,122:INFO:youtube:mongo_client created.
2022-09-08 02:18:18,592:INFO:youtube:database YouTube-Scrapper is present.
2022-09-08 02:18:18,635:INFO:youtube:mongo_client connection closed.
2022-09-08 02:18:22,710:INFO:youtube:mongo_client created.
2022-09-08 02:18:22,710:INFO:youtube:mongo_client connection closed.
2022-09-08 02:18:23,160:INFO:youtube:collection Video-Data is present.
2022-09-08 02:18:27,212:INFO:youtube:mongo_client created.
2022-09-08 02:18:27,212:INFO:youtube:mongo_client connection closed.
2022-09-08 02:18:27,212:INFO:youtube:Record found in Video-Data.
2022-09-08 02:18:31,724:INFO:youtube:mongo_client created.
2022-09-08 02:18:32,214:INFO:youtube:database YouTube-Scrapper is present.
2022-09-08 02:18:32,253:INFO:youtube:mongo_client connection closed.
2022-09-08 02:18:36,315:INFO:youtube:mongo_client created.
2022-09-08 02:18:36,315:INFO:youtube:mongo_client connection closed.
2022-09-08 02:18:36,762:INFO:youtube:collection Video-Data is present.
2022-09-08 02:18:40,822:INFO:youtube:mongo_client created.
2022-09-08 02:18:40,822:INFO:youtube:mongo_client connection closed.
2022-09-08 02:18:40,822:INFO:youtube:Record found in Video-Data.
2022-09-08 02:18:45,344:INFO:youtube:mongo_client created.
2022-09-08 02:18:45,574:INFO:youtube:database YouTube-Scrapper is present.
2022-09-08 02:18:45,595:INFO:youtube:mongo_client connection closed.
2022-09-08 02:18:49,638:INFO:youtube:mongo_client created.
2022-09-08 02:18:49,638:INFO:youtube:mongo_client connection closed.
2022-09-08 02:18:49,948:INFO:youtube:collection Video-Data is present.
2022-09-08 02:18:54,012:INFO:youtube:mongo_client created.
2022-09-08 02:18:54,013:INFO:youtube:mongo_client connection closed.
2022-09-08 02:18:54,013:INFO:youtube:Record found in Video-Data.
2022-09-08 02:18:58,585:INFO:youtube:mongo_client created.
2022-09-08 02:18:58,990:INFO:youtube:database YouTube-Scrapper is present.
2022-09-08 02:18:59,025:INFO:youtube:mongo_client connection closed.
2022-09-08 02:19:03,066:INFO:youtube:mongo_client created.
2022-09-08 02:19:03,066:INFO:youtube:mongo_client connection closed.
2022-09-08 02:19:03,456:INFO:youtube:collection Video-Data is present.
2022-09-08 02:19:07,490:INFO:youtube:mongo_client created.
2022-09-08 02:19:07,491:INFO:youtube:mongo_client connection closed.
2022-09-08 02:19:07,491:INFO:youtube:Record found in Video-Data.
2022-09-08 02:19:11,995:INFO:youtube:mongo_client created.
2022-09-08 02:19:12,322:INFO:youtube:database YouTube-Scrapper is present.
2022-09-08 02:19:12,346:INFO:youtube:mongo_client connection closed.
2022-09-08 02:19:16,404:INFO:youtube:mongo_client created.
2022-09-08 02:19:16,404:INFO:youtube:mongo_client connection closed.
2022-09-08 02:19:16,697:INFO:youtube:collection Video-Data is present.
2022-09-08 02:19:20,744:INFO:youtube:mongo_client created.
2022-09-08 02:19:20,745:INFO:youtube:mongo_client connection closed.
2022-09-08 02:19:20,745:INFO:youtube:Record found in Video-Data.
2022-09-08 02:19:25,114:INFO:youtube:mongo_client created.
2022-09-08 02:19:25,494:INFO:youtube:database YouTube-Scrapper is present.
2022-09-08 02:19:25,518:INFO:youtube:mongo_client connection closed.
2022-09-08 02:19:29,579:INFO:youtube:mongo_client created.
2022-09-08 02:19:29,580:INFO:youtube:mongo_client connection closed.
2022-09-08 02:19:29,844:INFO:youtube:collection Video-Data is present.
2022-09-08 02:19:33,902:INFO:youtube:mongo_client created.
2022-09-08 02:19:33,903:INFO:youtube:mongo_client connection closed.
2022-09-08 02:19:33,903:INFO:youtube:Record found in Video-Data.
2022-09-08 02:19:38,301:INFO:youtube:mongo_client created.
2022-09-08 02:19:38,747:INFO:youtube:database YouTube-Scrapper is present.
2022-09-08 02:19:38,781:INFO:youtube:mongo_client connection closed.
2022-09-08 02:19:42,841:INFO:youtube:mongo_client created.
2022-09-08 02:19:42,842:INFO:youtube:mongo_client connection closed.
2022-09-08 02:19:43,206:INFO:youtube:collection Video-Data is present.
2022-09-08 02:19:47,253:INFO:youtube:mongo_client created.
2022-09-08 02:19:47,253:INFO:youtube:mongo_client connection closed.
2022-09-08 02:19:47,254:INFO:youtube:Record found in Video-Data.
2022-09-08 02:19:51,637:INFO:youtube:mongo_client created.
2022-09-08 02:19:51,902:INFO:youtube:database YouTube-Scrapper is present.
2022-09-08 02:19:51,922:INFO:youtube:mongo_client connection closed.
2022-09-08 02:19:55,973:INFO:youtube:mongo_client created.
2022-09-08 02:19:55,973:INFO:youtube:mongo_client connection closed.
2022-09-08 02:19:56,470:INFO:youtube:collection Video-Data is present.
2022-09-08 02:20:00,535:INFO:youtube:mongo_client created.
2022-09-08 02:20:00,535:INFO:youtube:mongo_client connection closed.
2022-09-08 02:20:00,535:INFO:youtube:Record found in Video-Data.
2022-09-08 02:20:04,900:INFO:youtube:mongo_client created.
2022-09-08 02:20:05,193:INFO:youtube:database YouTube-Scrapper is present.
2022-09-08 02:20:05,212:INFO:youtube:mongo_client connection closed.
2022-09-08 02:20:09,272:INFO:youtube:mongo_client created.
2022-09-08 02:20:09,273:INFO:youtube:mongo_client connection closed.
2022-09-08 02:20:09,735:INFO:youtube:collection Video-Data is present.
2022-09-08 02:20:13,788:INFO:youtube:mongo_client created.
2022-09-08 02:20:13,788:INFO:youtube:mongo_client connection closed.
2022-09-08 02:20:13,788:INFO:youtube:Record found in Video-Data.
2022-09-08 02:20:18,201:INFO:youtube:mongo_client created.
2022-09-08 02:20:18,534:INFO:youtube:database YouTube-Scrapper is present.
2022-09-08 02:20:18,558:INFO:youtube:mongo_client connection closed.
2022-09-08 02:20:22,620:INFO:youtube:mongo_client created.
2022-09-08 02:20:22,620:INFO:youtube:mongo_client connection closed.
2022-09-08 02:20:22,918:INFO:youtube:collection Video-Data is present.
2022-09-08 02:20:26,973:INFO:youtube:mongo_client created.
2022-09-08 02:20:26,973:INFO:youtube:mongo_client connection closed.
2022-09-08 02:20:26,973:INFO:youtube:Record found in Video-Data.
2022-09-08 02:20:31,479:INFO:youtube:mongo_client created.
2022-09-08 02:20:31,912:INFO:youtube:database YouTube-Scrapper is present.
2022-09-08 02:20:31,954:INFO:youtube:mongo_client connection closed.
2022-09-08 02:20:36,009:INFO:youtube:mongo_client created.
2022-09-08 02:20:36,009:INFO:youtube:mongo_client connection closed.
2022-09-08 02:20:36,421:INFO:youtube:collection Video-Data is present.
2022-09-08 02:20:40,469:INFO:youtube:mongo_client created.
2022-09-08 02:20:40,470:INFO:youtube:mongo_client connection closed.
2022-09-08 02:20:40,470:INFO:youtube:Record found in Video-Data.
2022-09-08 02:20:44,899:INFO:youtube:mongo_client created.
2022-09-08 02:20:45,309:INFO:youtube:database YouTube-Scrapper is present.
2022-09-08 02:20:45,350:INFO:youtube:mongo_client connection closed.
2022-09-08 02:20:49,404:INFO:youtube:mongo_client created.
2022-09-08 02:20:49,405:INFO:youtube:mongo_client connection closed.
2022-09-08 02:20:49,739:INFO:youtube:collection Video-Data is present.
2022-09-08 02:20:53,787:INFO:youtube:mongo_client created.
2022-09-08 02:20:53,788:INFO:youtube:mongo_client connection closed.
2022-09-08 02:20:53,788:INFO:youtube:Record found in Video-Data.
2022-09-08 02:20:58,280:INFO:youtube:mongo_client created.
2022-09-08 02:20:58,529:INFO:youtube:database YouTube-Scrapper is present.
2022-09-08 02:20:58,549:INFO:youtube:mongo_client connection closed.
2022-09-08 02:21:02,592:INFO:youtube:mongo_client created.
2022-09-08 02:21:02,593:INFO:youtube:mongo_client connection closed.
2022-09-08 02:21:03,021:INFO:youtube:collection Video-Data is present.
2022-09-08 02:21:07,069:INFO:youtube:mongo_client created.
2022-09-08 02:21:07,069:INFO:youtube:mongo_client connection closed.
2022-09-08 02:21:07,069:INFO:youtube:Record found in Video-Data.
2022-09-08 02:21:11,612:INFO:youtube:mongo_client created.
2022-09-08 02:21:11,917:INFO:youtube:database YouTube-Scrapper is present.
2022-09-08 02:21:11,936:INFO:youtube:mongo_client connection closed.
2022-09-08 02:21:15,992:INFO:youtube:mongo_client created.
2022-09-08 02:21:15,992:INFO:youtube:mongo_client connection closed.
2022-09-08 02:21:16,378:INFO:youtube:collection Video-Data is present.
2022-09-08 02:21:20,426:INFO:youtube:mongo_client created.
2022-09-08 02:21:20,426:INFO:youtube:mongo_client connection closed.
2022-09-08 02:21:20,426:INFO:youtube:Record found in Video-Data.
2022-09-08 02:21:24,742:INFO:youtube:mongo_client created.
2022-09-08 02:21:25,153:INFO:youtube:database YouTube-Scrapper is present.
2022-09-08 02:21:25,188:INFO:youtube:mongo_client connection closed.
2022-09-08 02:21:29,235:INFO:youtube:mongo_client created.
2022-09-08 02:21:29,236:INFO:youtube:mongo_client connection closed.
2022-09-08 02:21:29,573:INFO:youtube:collection Video-Data is present.
2022-09-08 02:21:33,631:INFO:youtube:mongo_client created.
2022-09-08 02:21:33,632:INFO:youtube:mongo_client connection closed.
2022-09-08 02:21:33,632:INFO:youtube:Record found in Video-Data.
2022-09-08 02:21:38,169:INFO:youtube:mongo_client created.
2022-09-08 02:21:38,615:INFO:youtube:database YouTube-Scrapper is present.
2022-09-08 02:21:38,652:INFO:youtube:mongo_client connection closed.
2022-09-08 02:21:42,701:INFO:youtube:mongo_client created.
2022-09-08 02:21:42,701:INFO:youtube:mongo_client connection closed.
2022-09-08 02:21:43,156:INFO:youtube:collection Video-Data is present.
2022-09-08 02:21:47,219:INFO:youtube:mongo_client created.
2022-09-08 02:21:47,219:INFO:youtube:mongo_client connection closed.
2022-09-08 02:21:47,219:INFO:youtube:Record found in Video-Data.
2022-09-08 02:21:51,659:INFO:youtube:mongo_client created.
2022-09-08 02:21:51,949:INFO:youtube:database YouTube-Scrapper is present.
2022-09-08 02:21:51,969:INFO:youtube:mongo_client connection closed.
2022-09-08 02:21:56,027:INFO:youtube:mongo_client created.
2022-09-08 02:21:56,027:INFO:youtube:mongo_client connection closed.
2022-09-08 02:21:56,407:INFO:youtube:collection Video-Data is present.
2022-09-08 02:22:00,453:INFO:youtube:mongo_client created.
2022-09-08 02:22:00,453:INFO:youtube:mongo_client connection closed.
2022-09-08 02:22:00,454:INFO:youtube:Record found in Video-Data.
2022-09-08 02:22:04,925:INFO:youtube:mongo_client created.
2022-09-08 02:22:05,411:INFO:youtube:database YouTube-Scrapper is present.
2022-09-08 02:22:05,453:INFO:youtube:mongo_client connection closed.
2022-09-08 02:22:09,505:INFO:youtube:mongo_client created.
2022-09-08 02:22:09,505:INFO:youtube:mongo_client connection closed.
2022-09-08 02:22:09,945:INFO:youtube:collection Video-Data is present.
2022-09-08 02:22:14,000:INFO:youtube:mongo_client created.
2022-09-08 02:22:14,000:INFO:youtube:mongo_client connection closed.
2022-09-08 02:22:14,001:INFO:youtube:Record found in Video-Data.
2022-09-08 02:22:18,550:INFO:youtube:mongo_client created.
2022-09-08 02:22:18,988:INFO:youtube:database YouTube-Scrapper is present.
2022-09-08 02:22:19,023:INFO:youtube:mongo_client connection closed.
2022-09-08 02:22:23,081:INFO:youtube:mongo_client created.
2022-09-08 02:22:23,082:INFO:youtube:mongo_client connection closed.
2022-09-08 02:22:23,468:INFO:youtube:collection Video-Data is present.
2022-09-08 02:22:27,518:INFO:youtube:mongo_client created.
2022-09-08 02:22:27,518:INFO:youtube:mongo_client connection closed.
2022-09-08 02:22:27,518:INFO:youtube:Record found in Video-Data.
2022-09-08 02:22:32,076:INFO:youtube:mongo_client created.
2022-09-08 02:22:32,412:INFO:youtube:database YouTube-Scrapper is present.
2022-09-08 02:22:32,447:INFO:youtube:mongo_client connection closed.
2022-09-08 02:22:36,500:INFO:youtube:mongo_client created.
2022-09-08 02:22:36,501:INFO:youtube:mongo_client connection closed.
2022-09-08 02:22:36,865:INFO:youtube:collection Video-Data is present.
2022-09-08 02:22:40,909:INFO:youtube:mongo_client created.
2022-09-08 02:22:40,909:INFO:youtube:mongo_client connection closed.
2022-09-08 02:22:40,909:INFO:youtube:Record found in Video-Data.
2022-09-08 14:44:31,807:INFO:youtube:Connected with snowflakes
2022-09-08 14:44:34,124:INFO:youtube:Connected with snowflakes.
2022-09-08 14:44:34,125:INFO:youtube:sql select * from CHANNEL_VIDEOS where USERID = 'javaboynavin';
2022-09-08 14:44:53,435:INFO:youtube:Open the URL
2022-09-08 14:44:54,967:INFO:youtube:Connected with snowflakes.
2022-09-08 14:44:54,967:INFO:youtube:sql select * from CHANNEL_VIDEOS where USERID = 'javaboynavin';
2022-09-08 14:45:37,352:INFO:youtube:Video deleted in local folder
2022-09-08 14:45:37,675:INFO:youtube:service created successfully drive
2022-09-08 14:45:37,676:INFO:youtube:Created G Drive connector
2022-09-08 14:45:41,406:INFO:youtube:Downloading video Free Coding Platform | Neuro Lab
2022-09-08 14:45:42,242:INFO:youtube:Already Uploaded file to https://drive.google.com/open?id=1mTPPlcCeUvTRibRtVB4r5cBNWkYJyBNR
2022-09-08 14:45:42,243:INFO:youtube:Video Uploaded in G Drive: https://drive.google.com/open?id=1mTPPlcCeUvTRibRtVB4r5cBNWkYJyBNR
2022-09-08 14:45:47,346:INFO:youtube:Downloading video 1000 Programmers for Hackathon | LPU
2022-09-08 14:45:47,920:INFO:youtube:Already Uploaded file to https://drive.google.com/open?id=1j2jO7P74VzWflDJP0ceTasXoMD0Juhfc
2022-09-08 14:45:47,920:INFO:youtube:Video Uploaded in G Drive: https://drive.google.com/open?id=1j2jO7P74VzWflDJP0ceTasXoMD0Juhfc
2022-09-08 14:46:37,183:INFO:youtube:Stored channel name and video details in database
2022-09-08 14:46:53,320:INFO:youtube:Connected with snowflakes.
2022-09-08 14:46:59,960:INFO:youtube:Successfully inserted Data in CHANNEL_VIDEOS
2022-09-08 14:47:04,807:INFO:youtube:Stored each video details in database
2022-09-08 14:47:10,724:INFO:youtube:Urls: ['/watch?v=gkRy67OCCpQ', '/watch?v=H1PQj54u0As']
2022-09-08 14:47:59,539:INFO:youtube:Created thumbnail urls image to base64 object
2022-09-08 14:49:09,107:INFO:youtube:mongo_client created.
2022-09-08 14:49:09,687:INFO:youtube:database YouTube-Scrapper is present.
2022-09-08 14:49:09,737:INFO:youtube:mongo_client connection closed.
2022-09-08 14:49:13,797:INFO:youtube:mongo_client created.
2022-09-08 14:49:13,798:INFO:youtube:mongo_client connection closed.
2022-09-08 14:49:14,330:INFO:youtube:collection Video-Data is present.
2022-09-08 14:49:22,263:INFO:youtube:mongo_client created.
2022-09-08 14:49:22,264:INFO:youtube:mongo_client connection closed.
2022-09-08 14:51:29,606:INFO:youtube:Connected with snowflakes
2022-09-08 14:51:31,302:INFO:youtube:Connected with snowflakes.
2022-09-08 14:51:31,302:INFO:youtube:sql select * from CHANNEL_VIDEOS where USERID = 'javaboynavin';
2022-09-08 14:51:41,568:INFO:youtube:Open the URL
2022-09-08 14:51:43,438:INFO:youtube:Connected with snowflakes.
2022-09-08 14:51:43,438:INFO:youtube:sql select * from CHANNEL_VIDEOS where USERID = 'javaboynavin';
2022-09-08 14:52:17,420:INFO:youtube:Video deleted in local folder
2022-09-08 14:52:17,434:INFO:youtube:service created successfully drive
2022-09-08 14:52:17,434:INFO:youtube:Created G Drive connector
2022-09-08 14:52:23,083:INFO:youtube:Downloading video Free Coding Platform | Neuro Lab
2022-09-08 14:52:23,982:INFO:youtube:Already Uploaded file to https://drive.google.com/open?id=1mTPPlcCeUvTRibRtVB4r5cBNWkYJyBNR
2022-09-08 14:52:23,982:INFO:youtube:Video Uploaded in G Drive: https://drive.google.com/open?id=1mTPPlcCeUvTRibRtVB4r5cBNWkYJyBNR
2022-09-08 14:52:32,347:INFO:youtube:Stored channel name and video details in database
2022-09-08 14:52:37,292:INFO:youtube:Connected with snowflakes.
2022-09-08 14:52:42,554:INFO:youtube:Successfully inserted Data in CHANNEL_VIDEOS
2022-09-08 14:52:46,955:INFO:youtube:Stored each video details in database
2022-09-08 14:53:31,785:INFO:youtube:Urls: ['/watch?v=gkRy67OCCpQ']
2022-09-08 14:54:17,736:INFO:youtube:Created thumbnail urls image to base64 object
2022-09-08 14:54:38,694:INFO:youtube:mongo_client created.
2022-09-08 14:54:39,086:INFO:youtube:database YouTube-Scrapper is present.
2022-09-08 14:54:39,127:INFO:youtube:mongo_client connection closed.
2022-09-08 14:54:43,196:INFO:youtube:mongo_client created.
2022-09-08 14:54:43,197:INFO:youtube:mongo_client connection closed.
2022-09-08 14:54:43,716:INFO:youtube:collection Video-Data is present.
2022-09-08 14:54:51,693:INFO:youtube:mongo_client created.
2022-09-08 14:54:51,694:INFO:youtube:mongo_client connection closed.
2022-09-08 14:56:50,892:INFO:youtube:Data inserted in Video-Data.
2022-09-08 14:56:52,852:INFO:youtube:Inserted Row
2022-09-08 14:56:54,825:INFO:youtube:Data inserted in mongodb
2022-09-08 14:57:36,300:INFO:youtube:Connected with snowflakes.
2022-09-08 14:57:40,485:INFO:youtube:Successfully inserted Data in VIDEO_INFO
2022-09-08 14:57:44,109:INFO:youtube:Stored each video comments in Mongodb
2022-09-08 14:57:53,431:INFO:youtube:search_id: javaboynavin 
2022-09-08 14:57:55,030:INFO:youtube:Connected with snowflakes.
2022-09-08 14:57:55,030:INFO:youtube:sql select top 1 * from CHANNEL_VIDEOS where USERID = 'javaboynavin';
2022-09-08 14:57:57,465:INFO:youtube:Connected with snowflakes.
2022-09-08 14:57:57,465:INFO:youtube:sql select * from VIDEO_INFO where USERID = 'javaboynavin';
2022-09-08 14:58:01,826:INFO:youtube:mongo_client created.
2022-09-08 14:58:02,388:INFO:youtube:database YouTube-Scrapper is present.
2022-09-08 14:58:02,428:INFO:youtube:mongo_client connection closed.
2022-09-08 14:58:06,471:INFO:youtube:mongo_client created.
2022-09-08 14:58:06,471:INFO:youtube:mongo_client connection closed.
2022-09-08 14:58:06,965:INFO:youtube:collection Video-Data is present.
2022-09-08 14:58:11,023:INFO:youtube:mongo_client created.
2022-09-08 14:58:11,024:INFO:youtube:mongo_client connection closed.
2022-09-08 14:58:11,024:INFO:youtube:Record found in Video-Data.
2022-09-08 14:58:45,827:INFO:youtube:Connected with snowflakes
2022-09-08 14:58:47,497:INFO:youtube:Connected with snowflakes.
2022-09-08 14:58:47,497:INFO:youtube:sql select * from CHANNEL_VIDEOS where USERID = 'javaboynavin';
2022-09-08 14:58:57,883:INFO:youtube:Open the URL
2022-09-08 14:58:59,562:INFO:youtube:Connected with snowflakes.
2022-09-08 14:58:59,563:INFO:youtube:sql select * from CHANNEL_VIDEOS where USERID = 'javaboynavin';
2022-09-08 14:59:05,805:INFO:youtube:Video deleted in local folder
2022-09-08 14:59:05,812:INFO:youtube:service created successfully drive
2022-09-08 14:59:05,813:INFO:youtube:Created G Drive connector
2022-09-08 14:59:08,897:INFO:youtube:Downloading video Free Coding Platform | Neuro Lab
2022-09-08 14:59:09,526:INFO:youtube:Already Uploaded file to https://drive.google.com/open?id=1mTPPlcCeUvTRibRtVB4r5cBNWkYJyBNR
2022-09-08 14:59:09,527:INFO:youtube:Video Uploaded in G Drive: https://drive.google.com/open?id=1mTPPlcCeUvTRibRtVB4r5cBNWkYJyBNR
2022-09-08 14:59:19,627:INFO:youtube:Stored channel name and video details in database
2022-09-08 14:59:22,128:INFO:youtube:Connected with snowflakes.
2022-09-08 14:59:28,265:INFO:youtube:Successfully inserted Data in CHANNEL_VIDEOS
2022-09-08 14:59:29,982:INFO:youtube:Stored each video details in database
2022-09-08 14:59:33,869:INFO:youtube:Urls: ['/watch?v=gkRy67OCCpQ']
2022-09-08 15:00:24,565:ERROR:youtube:Error! 'toggleButtonRenderer'
2022-09-08 15:00:24,569:ERROR:youtube:Traceback (most recent call last):
  File "E:\Python_Work\Python_Exercise\Python_Exercise\ineuron\Project\final_version_youtuveScrapper\youtube_scrapping.py", line 204, in video_info
    likes_label = videoPrimaryInfoRenderer['videoActions']['menuRenderer']['topLevelButtons'][0][
KeyError: 'toggleButtonRenderer'

2022-09-08 15:04:06,439:INFO:youtube:Connected with snowflakes
2022-09-08 15:04:07,413:INFO:youtube:Connected with snowflakes.
2022-09-08 15:04:07,413:INFO:youtube:sql select * from CHANNEL_VIDEOS where USERID = 'javaboynavin';
2022-09-08 15:04:17,608:INFO:youtube:Open the URL
2022-09-08 15:04:18,369:INFO:youtube:Connected with snowflakes.
2022-09-08 15:04:18,369:INFO:youtube:sql select * from CHANNEL_VIDEOS where USERID = 'javaboynavin';
2022-09-08 15:04:20,016:INFO:youtube:Video deleted in local folder
2022-09-08 15:04:20,025:INFO:youtube:service created successfully drive
2022-09-08 15:04:20,025:INFO:youtube:Created G Drive connector
2022-09-08 15:04:20,027:INFO:youtube:Stored channel name and video details in database
2022-09-08 15:04:20,872:INFO:youtube:Connected with snowflakes.
2022-09-08 15:04:21,182:ERROR:youtube:Error! range() arg 3 must not be zero
2022-09-08 15:04:21,240:ERROR:youtube:Traceback (most recent call last):
  File "E:\Python_Work\Python_Exercise\Python_Exercise\ineuron\Project\final_version_youtuveScrapper\snowflakes_connection.py", line 98, in insert_data
    success, nchunks, nrows, _ = write_pandas(
  File "C:\Users\anush\AppData\Local\Programs\Python\Python39\lib\site-packages\snowflake\connector\pandas_tools.py", line 183, in write_pandas
    for i, chunk in chunk_helper(df, chunk_size):
  File "C:\Users\anush\AppData\Local\Programs\Python\Python39\lib\site-packages\snowflake\connector\pandas_tools.py", line 37, in chunk_helper
    for i in range(0, len(lst), n):
ValueError: range() arg 3 must not be zero

2022-09-08 15:04:21,240:INFO:youtube:Stored each video details in database
2022-09-08 15:04:21,240:INFO:youtube:Urls: []
2022-09-08 15:04:24,599:INFO:youtube:Connected with snowflakes.
2022-09-08 15:04:24,773:ERROR:youtube:Error! range() arg 3 must not be zero
2022-09-08 15:04:24,773:ERROR:youtube:Traceback (most recent call last):
  File "E:\Python_Work\Python_Exercise\Python_Exercise\ineuron\Project\final_version_youtuveScrapper\snowflakes_connection.py", line 98, in insert_data
    success, nchunks, nrows, _ = write_pandas(
  File "C:\Users\anush\AppData\Local\Programs\Python\Python39\lib\site-packages\snowflake\connector\pandas_tools.py", line 183, in write_pandas
    for i, chunk in chunk_helper(df, chunk_size):
  File "C:\Users\anush\AppData\Local\Programs\Python\Python39\lib\site-packages\snowflake\connector\pandas_tools.py", line 37, in chunk_helper
    for i in range(0, len(lst), n):
ValueError: range() arg 3 must not be zero

2022-09-08 15:04:24,773:INFO:youtube:Stored each video comments in Mongodb
2022-09-08 15:04:24,834:INFO:youtube:search_id: javaboynavin 
2022-09-08 15:04:25,633:INFO:youtube:Connected with snowflakes.
2022-09-08 15:04:25,634:INFO:youtube:sql select top 2 * from CHANNEL_VIDEOS where USERID = 'javaboynavin';
2022-09-08 15:04:26,394:INFO:youtube:Connected with snowflakes.
2022-09-08 15:04:26,394:INFO:youtube:sql select * from VIDEO_INFO where USERID = 'javaboynavin';
2022-09-08 15:04:30,644:INFO:youtube:mongo_client created.
2022-09-08 15:04:31,085:INFO:youtube:database YouTube-Scrapper is present.
2022-09-08 15:04:31,111:INFO:youtube:mongo_client connection closed.
2022-09-08 15:04:35,162:INFO:youtube:mongo_client created.
2022-09-08 15:04:35,162:INFO:youtube:mongo_client connection closed.
2022-09-08 15:04:35,722:INFO:youtube:collection Video-Data is present.
2022-09-08 15:04:39,774:INFO:youtube:mongo_client created.
2022-09-08 15:04:39,774:INFO:youtube:mongo_client connection closed.
2022-09-08 15:04:39,775:INFO:youtube:Record found in Video-Data.
2022-09-08 15:15:02,915:INFO:youtube:Connected with snowflakes
2022-09-08 15:15:05,061:INFO:youtube:Connected with snowflakes.
2022-09-08 15:15:05,061:INFO:youtube:sql select * from CHANNEL_VIDEOS where USERID = 'javaboynavin';
2022-09-08 15:15:15,571:INFO:youtube:Open the URL
2022-09-08 15:15:17,111:INFO:youtube:Connected with snowflakes.
2022-09-08 15:15:17,112:INFO:youtube:sql select * from CHANNEL_VIDEOS where USERID = 'javaboynavin';
2022-09-08 15:15:20,308:INFO:youtube:Video deleted in local folder
2022-09-08 15:15:20,322:INFO:youtube:service created successfully drive
2022-09-08 15:15:20,322:INFO:youtube:Created G Drive connector
2022-09-08 15:15:24,221:INFO:youtube:Downloading video Free Coding Platform | Neuro Lab
2022-09-08 15:15:25,028:INFO:youtube:Already Uploaded file to https://drive.google.com/open?id=1mTPPlcCeUvTRibRtVB4r5cBNWkYJyBNR
2022-09-08 15:15:25,029:INFO:youtube:Video Uploaded in G Drive: https://drive.google.com/open?id=1mTPPlcCeUvTRibRtVB4r5cBNWkYJyBNR
2022-09-08 15:15:31,749:INFO:youtube:Stored channel name and video details in database
2022-09-08 15:15:52,371:INFO:youtube:Connected with snowflakes.
2022-09-08 15:16:06,687:INFO:youtube:Successfully inserted Data in CHANNEL_VIDEOS
2022-09-08 15:16:10,241:INFO:youtube:Stored each video details in database
2022-09-08 15:16:19,502:INFO:youtube:Urls: ['/watch?v=gkRy67OCCpQ']
2022-09-08 15:17:08,066:INFO:youtube:Created thumbnail urls image to base64 object
2022-09-08 15:17:51,926:INFO:youtube:mongo_client created.
2022-09-08 15:17:52,362:INFO:youtube:database YouTube-Scrapper is present.
2022-09-08 15:17:52,396:INFO:youtube:mongo_client connection closed.
2022-09-08 15:17:56,462:INFO:youtube:mongo_client created.
2022-09-08 15:17:56,463:INFO:youtube:mongo_client connection closed.
2022-09-08 15:17:56,826:INFO:youtube:collection Video-Data is present.
2022-09-08 15:18:07,843:INFO:youtube:mongo_client created.
2022-09-08 15:18:07,843:INFO:youtube:mongo_client connection closed.
2022-09-08 15:19:38,659:INFO:youtube:Data inserted in Video-Data.
2022-09-08 15:19:40,344:INFO:youtube:Inserted Row
2022-09-08 15:19:43,810:INFO:youtube:Data inserted in mongodb
2022-09-08 15:20:09,555:INFO:youtube:Connected with snowflakes.
2022-09-08 15:20:15,160:INFO:youtube:Successfully inserted Data in VIDEO_INFO
2022-09-08 15:26:50,704:INFO:youtube:Connected with snowflakes
2022-09-08 15:26:51,556:INFO:youtube:Connected with snowflakes.
2022-09-08 15:26:51,556:INFO:youtube:sql select * from CHANNEL_VIDEOS where USERID = 'javaboynavin';
2022-09-08 15:27:03,662:INFO:youtube:Open the URL
2022-09-08 15:27:04,542:INFO:youtube:Connected with snowflakes.
2022-09-08 15:27:04,543:INFO:youtube:sql select * from CHANNEL_VIDEOS where USERID = 'javaboynavin';
2022-09-08 15:27:06,348:INFO:youtube:Video deleted in local folder
2022-09-08 15:27:06,361:INFO:youtube:service created successfully drive
2022-09-08 15:27:06,361:INFO:youtube:Created G Drive connector
2022-09-08 15:27:09,185:INFO:youtube:Downloading video Free Coding Platform | Neuro Lab
2022-09-08 15:27:09,848:INFO:youtube:Already Uploaded file to https://drive.google.com/open?id=1mTPPlcCeUvTRibRtVB4r5cBNWkYJyBNR
2022-09-08 15:27:09,848:INFO:youtube:Video Uploaded in G Drive: https://drive.google.com/open?id=1mTPPlcCeUvTRibRtVB4r5cBNWkYJyBNR
2022-09-08 15:27:13,400:INFO:youtube:Downloading video 1000 Programmers for Hackathon | LPU
2022-09-08 15:27:14,006:INFO:youtube:Already Uploaded file to https://drive.google.com/open?id=1j2jO7P74VzWflDJP0ceTasXoMD0Juhfc
2022-09-08 15:27:14,006:INFO:youtube:Video Uploaded in G Drive: https://drive.google.com/open?id=1j2jO7P74VzWflDJP0ceTasXoMD0Juhfc
2022-09-08 15:27:17,108:INFO:youtube:Downloading video Full Stack Java Developer Live Course | Job Guarantee | Announcement
2022-09-08 15:27:17,683:INFO:youtube:Already Uploaded file to https://drive.google.com/open?id=1M8V6llQy2pkm_e0kd825jUuVPu4Bxi25
2022-09-08 15:27:17,683:INFO:youtube:Video Uploaded in G Drive: https://drive.google.com/open?id=1M8V6llQy2pkm_e0kd825jUuVPu4Bxi25
2022-09-08 15:27:17,687:INFO:youtube:Stored channel name and video details in database
2022-09-08 15:27:18,388:INFO:youtube:Connected with snowflakes.
2022-09-08 15:27:22,175:INFO:youtube:Successfully inserted Data in CHANNEL_VIDEOS
2022-09-08 15:27:22,176:INFO:youtube:Stored each video details in database
2022-09-08 15:27:22,176:INFO:youtube:Urls: ['/watch?v=gkRy67OCCpQ', '/watch?v=H1PQj54u0As', '/watch?v=b7OryQDDCsU']
2022-09-08 15:28:06,106:INFO:youtube:Created thumbnail urls image to base64 object
2022-09-08 15:28:10,164:INFO:youtube:mongo_client created.
2022-09-08 15:28:10,566:INFO:youtube:database YouTube-Scrapper is present.
2022-09-08 15:28:10,590:INFO:youtube:mongo_client connection closed.
2022-09-08 15:28:14,630:INFO:youtube:mongo_client created.
2022-09-08 15:28:14,630:INFO:youtube:mongo_client connection closed.
2022-09-08 15:28:15,104:INFO:youtube:collection Video-Data is present.
2022-09-08 15:28:19,159:INFO:youtube:mongo_client created.
2022-09-08 15:28:19,160:INFO:youtube:mongo_client connection closed.
2022-09-08 15:28:19,660:INFO:youtube:6318f17616820f7c8655d601.
2022-09-08 15:28:19,660:INFO:youtube:Already documents updated.
2022-09-08 15:28:19,661:INFO:youtube:Data inserted in mongodb
2022-09-08 15:28:55,821:INFO:youtube:Created thumbnail urls image to base64 object
2022-09-08 15:28:59,872:INFO:youtube:mongo_client created.
2022-09-08 15:29:00,234:INFO:youtube:database YouTube-Scrapper is present.
2022-09-08 15:29:00,260:INFO:youtube:mongo_client connection closed.
2022-09-08 15:29:04,318:INFO:youtube:mongo_client created.
2022-09-08 15:29:04,318:INFO:youtube:mongo_client connection closed.
2022-09-08 15:29:04,821:INFO:youtube:collection Video-Data is present.
2022-09-08 15:29:08,875:INFO:youtube:mongo_client created.
2022-09-08 15:29:08,876:INFO:youtube:mongo_client connection closed.
2022-09-08 15:29:09,357:INFO:youtube:6318f1a416820f7c8655d605.
2022-09-08 15:29:09,357:INFO:youtube:Already documents updated.
2022-09-08 15:29:09,357:INFO:youtube:Data inserted in mongodb
2022-09-08 15:30:42,571:INFO:youtube:Created thumbnail urls image to base64 object
2022-09-08 15:30:46,643:INFO:youtube:mongo_client created.
2022-09-08 15:30:47,120:INFO:youtube:database YouTube-Scrapper is present.
2022-09-08 15:30:47,169:INFO:youtube:mongo_client connection closed.
2022-09-08 15:30:51,238:INFO:youtube:mongo_client created.
2022-09-08 15:30:51,238:INFO:youtube:mongo_client connection closed.
2022-09-08 15:30:51,733:INFO:youtube:collection Video-Data is present.
2022-09-08 15:30:55,807:INFO:youtube:mongo_client created.
2022-09-08 15:30:55,807:INFO:youtube:mongo_client connection closed.
2022-09-08 15:30:56,393:INFO:youtube:631798d9baf473477b001831.
2022-09-08 15:30:56,456:INFO:youtube:1 documents updated.
2022-09-08 15:30:56,456:INFO:youtube:Already documents updated.
2022-09-08 15:30:56,457:INFO:youtube:Data inserted in mongodb
2022-09-08 15:31:03,274:INFO:youtube:Connected with snowflakes.
2022-09-08 15:31:08,488:INFO:youtube:Successfully inserted Data in VIDEO_INFO
2022-09-08 15:31:08,488:INFO:youtube:Stored each video comments in Mongodb
2022-09-08 15:31:08,514:INFO:youtube:search_id: javaboynavin 
2022-09-08 15:31:09,374:INFO:youtube:Connected with snowflakes.
2022-09-08 15:31:09,374:INFO:youtube:sql select top 3 * from CHANNEL_VIDEOS where USERID = 'javaboynavin';
2022-09-08 15:31:11,129:INFO:youtube:Connected with snowflakes.
2022-09-08 15:31:11,129:INFO:youtube:sql select * from VIDEO_INFO where USERID = 'javaboynavin';
2022-09-08 15:31:16,179:INFO:youtube:mongo_client created.
2022-09-08 15:31:16,623:INFO:youtube:database YouTube-Scrapper is present.
2022-09-08 15:31:16,655:INFO:youtube:mongo_client connection closed.
2022-09-08 15:31:20,705:INFO:youtube:mongo_client created.
2022-09-08 15:31:20,705:INFO:youtube:mongo_client connection closed.
2022-09-08 15:31:21,113:INFO:youtube:collection Video-Data is present.
2022-09-08 15:31:25,158:INFO:youtube:mongo_client created.
2022-09-08 15:31:25,159:INFO:youtube:mongo_client connection closed.
2022-09-08 15:31:25,159:INFO:youtube:Record found in Video-Data.
2022-09-08 15:31:30,435:INFO:youtube:mongo_client created.
2022-09-08 15:31:30,907:INFO:youtube:database YouTube-Scrapper is present.
2022-09-08 15:31:30,936:INFO:youtube:mongo_client connection closed.
2022-09-08 15:31:34,991:INFO:youtube:mongo_client created.
2022-09-08 15:31:34,991:INFO:youtube:mongo_client connection closed.
2022-09-08 15:31:35,459:INFO:youtube:collection Video-Data is present.
2022-09-08 15:31:39,490:INFO:youtube:mongo_client created.
2022-09-08 15:31:39,490:INFO:youtube:mongo_client connection closed.
2022-09-08 15:31:39,490:INFO:youtube:Record found in Video-Data.
2022-09-08 15:31:44,063:INFO:youtube:mongo_client created.
2022-09-08 15:31:44,401:INFO:youtube:database YouTube-Scrapper is present.
2022-09-08 15:31:44,430:INFO:youtube:mongo_client connection closed.
2022-09-08 15:31:48,494:INFO:youtube:mongo_client created.
2022-09-08 15:31:48,494:INFO:youtube:mongo_client connection closed.
2022-09-08 15:31:48,837:INFO:youtube:collection Video-Data is present.
2022-09-08 15:31:52,938:INFO:youtube:mongo_client created.
2022-09-08 15:31:52,938:INFO:youtube:mongo_client connection closed.
2022-09-08 15:31:52,938:INFO:youtube:Record found in Video-Data.
2022-09-08 17:35:59,418:INFO:youtube:Connected with snowflakes
2022-09-08 17:36:00,225:INFO:youtube:Connected with snowflakes.
2022-09-08 17:36:00,226:INFO:youtube:sql select * from CHANNEL_VIDEOS where USERID = 'krishnaik06';
2022-09-08 17:36:02,594:INFO:youtube:Data is available in database
2022-09-08 17:36:02,632:INFO:youtube:search_id: krishnaik06 
2022-09-08 17:36:03,698:INFO:youtube:Connected with snowflakes.
2022-09-08 17:36:03,699:INFO:youtube:sql select top 3 * from CHANNEL_VIDEOS where USERID = 'krishnaik06';
2022-09-08 17:36:05,918:INFO:youtube:Connected with snowflakes.
2022-09-08 17:36:05,918:INFO:youtube:sql select * from VIDEO_INFO where USERID = 'krishnaik06';
2022-09-08 17:36:12,934:INFO:youtube:mongo_client created.
2022-09-08 17:36:13,294:INFO:youtube:database YouTube-Scrapper is present.
2022-09-08 17:36:13,327:INFO:youtube:mongo_client connection closed.
2022-09-08 17:36:17,379:INFO:youtube:mongo_client created.
2022-09-08 17:36:17,380:INFO:youtube:mongo_client connection closed.
2022-09-08 17:36:17,844:INFO:youtube:collection Video-Data is present.
2022-09-08 17:36:21,898:INFO:youtube:mongo_client created.
2022-09-08 17:36:21,898:INFO:youtube:mongo_client connection closed.
2022-09-08 17:36:21,899:INFO:youtube:Record found in Video-Data.
2022-09-08 17:36:26,414:INFO:youtube:mongo_client created.
2022-09-08 17:36:26,929:INFO:youtube:database YouTube-Scrapper is present.
2022-09-08 17:36:26,970:INFO:youtube:mongo_client connection closed.
2022-09-08 17:36:31,025:INFO:youtube:mongo_client created.
2022-09-08 17:36:31,025:INFO:youtube:mongo_client connection closed.
2022-09-08 17:36:31,467:INFO:youtube:collection Video-Data is present.
2022-09-08 17:36:35,531:INFO:youtube:mongo_client created.
2022-09-08 17:36:35,531:INFO:youtube:mongo_client connection closed.
2022-09-08 17:36:35,531:INFO:youtube:Record found in Video-Data.
2022-09-08 17:36:40,098:INFO:youtube:mongo_client created.
2022-09-08 17:36:40,426:INFO:youtube:database YouTube-Scrapper is present.
2022-09-08 17:36:40,453:INFO:youtube:mongo_client connection closed.
2022-09-08 17:36:44,519:INFO:youtube:mongo_client created.
2022-09-08 17:36:44,519:INFO:youtube:mongo_client connection closed.
2022-09-08 17:36:44,941:INFO:youtube:collection Video-Data is present.
2022-09-08 17:36:49,007:INFO:youtube:mongo_client created.
2022-09-08 17:36:49,009:INFO:youtube:mongo_client connection closed.
2022-09-08 17:36:49,009:INFO:youtube:Record found in Video-Data.
